Archive member included to satisfy reference by file (symbol)

c:/st/stt/stm32cubeide_1.6.1/stm32cubeide/plugins/com.st.stm32cube.ide.mcu.externaltools.gnu-tools-for-stm32.9-2020-q2-update.win32_1.5.0.202011040924/tools/bin/../lib/gcc/arm-none-eabi/9.3.1/../../../../arm-none-eabi/lib/thumb/v7e-m+fp/hard\libm.a(lib_a-s_atan.o)
                              Core/Src/EulerCalculating.o (atan)
c:/st/stt/stm32cubeide_1.6.1/stm32cubeide/plugins/com.st.stm32cube.ide.mcu.externaltools.gnu-tools-for-stm32.9-2020-q2-update.win32_1.5.0.202011040924/tools/bin/../lib/gcc/arm-none-eabi/9.3.1/../../../../arm-none-eabi/lib/thumb/v7e-m+fp/hard\libm.a(lib_a-s_cos.o)
                              Core/Src/EulerCalculating.o (cos)
c:/st/stt/stm32cubeide_1.6.1/stm32cubeide/plugins/com.st.stm32cube.ide.mcu.externaltools.gnu-tools-for-stm32.9-2020-q2-update.win32_1.5.0.202011040924/tools/bin/../lib/gcc/arm-none-eabi/9.3.1/../../../../arm-none-eabi/lib/thumb/v7e-m+fp/hard\libm.a(lib_a-s_fabs.o)
                              c:/st/stt/stm32cubeide_1.6.1/stm32cubeide/plugins/com.st.stm32cube.ide.mcu.externaltools.gnu-tools-for-stm32.9-2020-q2-update.win32_1.5.0.202011040924/tools/bin/../lib/gcc/arm-none-eabi/9.3.1/../../../../arm-none-eabi/lib/thumb/v7e-m+fp/hard\libm.a(lib_a-s_atan.o) (fabs)
c:/st/stt/stm32cubeide_1.6.1/stm32cubeide/plugins/com.st.stm32cube.ide.mcu.externaltools.gnu-tools-for-stm32.9-2020-q2-update.win32_1.5.0.202011040924/tools/bin/../lib/gcc/arm-none-eabi/9.3.1/../../../../arm-none-eabi/lib/thumb/v7e-m+fp/hard\libm.a(lib_a-s_sin.o)
                              Core/Src/EulerCalculating.o (sin)
c:/st/stt/stm32cubeide_1.6.1/stm32cubeide/plugins/com.st.stm32cube.ide.mcu.externaltools.gnu-tools-for-stm32.9-2020-q2-update.win32_1.5.0.202011040924/tools/bin/../lib/gcc/arm-none-eabi/9.3.1/../../../../arm-none-eabi/lib/thumb/v7e-m+fp/hard\libm.a(lib_a-w_sqrt.o)
                              Core/Src/EulerCalculating.o (sqrt)
c:/st/stt/stm32cubeide_1.6.1/stm32cubeide/plugins/com.st.stm32cube.ide.mcu.externaltools.gnu-tools-for-stm32.9-2020-q2-update.win32_1.5.0.202011040924/tools/bin/../lib/gcc/arm-none-eabi/9.3.1/../../../../arm-none-eabi/lib/thumb/v7e-m+fp/hard\libm.a(lib_a-e_rem_pio2.o)
                              c:/st/stt/stm32cubeide_1.6.1/stm32cubeide/plugins/com.st.stm32cube.ide.mcu.externaltools.gnu-tools-for-stm32.9-2020-q2-update.win32_1.5.0.202011040924/tools/bin/../lib/gcc/arm-none-eabi/9.3.1/../../../../arm-none-eabi/lib/thumb/v7e-m+fp/hard\libm.a(lib_a-s_cos.o) (__ieee754_rem_pio2)
c:/st/stt/stm32cubeide_1.6.1/stm32cubeide/plugins/com.st.stm32cube.ide.mcu.externaltools.gnu-tools-for-stm32.9-2020-q2-update.win32_1.5.0.202011040924/tools/bin/../lib/gcc/arm-none-eabi/9.3.1/../../../../arm-none-eabi/lib/thumb/v7e-m+fp/hard\libm.a(lib_a-e_sqrt.o)
                              c:/st/stt/stm32cubeide_1.6.1/stm32cubeide/plugins/com.st.stm32cube.ide.mcu.externaltools.gnu-tools-for-stm32.9-2020-q2-update.win32_1.5.0.202011040924/tools/bin/../lib/gcc/arm-none-eabi/9.3.1/../../../../arm-none-eabi/lib/thumb/v7e-m+fp/hard\libm.a(lib_a-w_sqrt.o) (__ieee754_sqrt)
c:/st/stt/stm32cubeide_1.6.1/stm32cubeide/plugins/com.st.stm32cube.ide.mcu.externaltools.gnu-tools-for-stm32.9-2020-q2-update.win32_1.5.0.202011040924/tools/bin/../lib/gcc/arm-none-eabi/9.3.1/../../../../arm-none-eabi/lib/thumb/v7e-m+fp/hard\libm.a(lib_a-k_cos.o)
                              c:/st/stt/stm32cubeide_1.6.1/stm32cubeide/plugins/com.st.stm32cube.ide.mcu.externaltools.gnu-tools-for-stm32.9-2020-q2-update.win32_1.5.0.202011040924/tools/bin/../lib/gcc/arm-none-eabi/9.3.1/../../../../arm-none-eabi/lib/thumb/v7e-m+fp/hard\libm.a(lib_a-s_cos.o) (__kernel_cos)
c:/st/stt/stm32cubeide_1.6.1/stm32cubeide/plugins/com.st.stm32cube.ide.mcu.externaltools.gnu-tools-for-stm32.9-2020-q2-update.win32_1.5.0.202011040924/tools/bin/../lib/gcc/arm-none-eabi/9.3.1/../../../../arm-none-eabi/lib/thumb/v7e-m+fp/hard\libm.a(lib_a-k_rem_pio2.o)
                              c:/st/stt/stm32cubeide_1.6.1/stm32cubeide/plugins/com.st.stm32cube.ide.mcu.externaltools.gnu-tools-for-stm32.9-2020-q2-update.win32_1.5.0.202011040924/tools/bin/../lib/gcc/arm-none-eabi/9.3.1/../../../../arm-none-eabi/lib/thumb/v7e-m+fp/hard\libm.a(lib_a-e_rem_pio2.o) (__kernel_rem_pio2)
c:/st/stt/stm32cubeide_1.6.1/stm32cubeide/plugins/com.st.stm32cube.ide.mcu.externaltools.gnu-tools-for-stm32.9-2020-q2-update.win32_1.5.0.202011040924/tools/bin/../lib/gcc/arm-none-eabi/9.3.1/../../../../arm-none-eabi/lib/thumb/v7e-m+fp/hard\libm.a(lib_a-k_sin.o)
                              c:/st/stt/stm32cubeide_1.6.1/stm32cubeide/plugins/com.st.stm32cube.ide.mcu.externaltools.gnu-tools-for-stm32.9-2020-q2-update.win32_1.5.0.202011040924/tools/bin/../lib/gcc/arm-none-eabi/9.3.1/../../../../arm-none-eabi/lib/thumb/v7e-m+fp/hard\libm.a(lib_a-s_cos.o) (__kernel_sin)
[...]
Memory Configuration

Name             Origin             Length             Attributes
CCMRAM           0x0000000010000000 0x0000000000001000 xrw
RAM              0x0000000020000000 0x0000000000003000 xrw
FLASH            0x0000000008000000 0x0000000000008000 xr
*default*        0x0000000000000000 0xffffffffffffffff

Linker script and memory map

LOAD c:/st/stt/stm32cubeide_1.6.1/stm32cubeide/plugins/com.st.stm32cube.ide.mcu.externaltools.gnu-tools-for-stm32.9-2020-q2-update.win32_1.5.0.202011040924/tools/bin/../lib/gcc/arm-none-eabi/9.3.1/thumb/v7e-m+fp/hard/crti.o
LOAD c:/st/stt/stm32cubeide_1.6.1/stm32cubeide/plugins/com.st.stm32cube.ide.mcu.externaltools.gnu-tools-for-stm32.9-2020-q2-update.win32_1.5.0.202011040924/tools/bin/../lib/gcc/arm-none-eabi/9.3.1/thumb/v7e-m+fp/hard/crtbegin.o
LOAD c:/st/stt/stm32cubeide_1.6.1/stm32cubeide/plugins/com.st.stm32cube.ide.mcu.externaltools.gnu-tools-for-stm32.9-2020-q2-update.win32_1.5.0.202011040924/tools/bin/../lib/gcc/arm-none-eabi/9.3.1/../../../../arm-none-eabi/lib/thumb/v7e-m+fp/hard/crt0.o
LOAD Core/Src/EulerCalculating.o
LOAD Core/Src/can.o
LOAD Core/Src/flash.o
LOAD Core/Src/led.o
LOAD Core/Src/main.o
LOAD Core/Src/stm32f3xx_hal_msp.o
LOAD Core/Src/stm32f3xx_hal_timebase_tim.o
LOAD Core/Src/stm32f3xx_it.o
LOAD Core/Src/syscalls.o
LOAD Core/Src/sysmem.o
LOAD Core/Src/system_stm32f3xx.o
LOAD Core/Startup/startup_stm32f303c6tx.o
LOAD Drivers/STM32F3xx_HAL_Driver/Src/stm32f3xx_hal.o
LOAD Drivers/STM32F3xx_HAL_Driver/Src/stm32f3xx_hal_can.o
LOAD Drivers/STM32F3xx_HAL_Driver/Src/stm32f3xx_hal_cortex.o
LOAD Drivers/STM32F3xx_HAL_Driver/Src/stm32f3xx_hal_dma.o
LOAD Drivers/STM32F3xx_HAL_Driver/Src/stm32f3xx_hal_exti.o
LOAD Drivers/STM32F3xx_HAL_Driver/Src/stm32f3xx_hal_flash.o
LOAD Drivers/STM32F3xx_HAL_Driver/Src/stm32f3xx_hal_flash_ex.o
LOAD Drivers/STM32F3xx_HAL_Driver/Src/stm32f3xx_hal_gpio.o
LOAD Drivers/STM32F3xx_HAL_Driver/Src/stm32f3xx_hal_i2c.o
LOAD Drivers/STM32F3xx_HAL_Driver/Src/stm32f3xx_hal_i2c_ex.o
LOAD Drivers/STM32F3xx_HAL_Driver/Src/stm32f3xx_hal_pwr.o
LOAD Drivers/STM32F3xx_HAL_Driver/Src/stm32f3xx_hal_pwr_ex.o
LOAD Drivers/STM32F3xx_HAL_Driver/Src/stm32f3xx_hal_rcc.o
LOAD Drivers/STM32F3xx_HAL_Driver/Src/stm32f3xx_hal_rcc_ex.o
LOAD Drivers/STM32F3xx_HAL_Driver/Src/stm32f3xx_hal_spi.o
LOAD Drivers/STM32F3xx_HAL_Driver/Src/stm32f3xx_hal_spi_ex.o
LOAD Drivers/STM32F3xx_HAL_Driver/Src/stm32f3xx_hal_tim.o
LOAD Drivers/STM32F3xx_HAL_Driver/Src/stm32f3xx_hal_tim_ex.o
START GROUP
LOAD c:/st/stt/stm32cubeide_1.6.1/stm32cubeide/plugins/com.st.stm32cube.ide.mcu.externaltools.gnu-tools-for-stm32.9-2020-q2-update.win32_1.5.0.202011040924/tools/bin/../lib/gcc/arm-none-eabi/9.3.1/../../../../arm-none-eabi/lib/thumb/v7e-m+fp/hard\libstdc++_nano.a
LOAD c:/st/stt/stm32cubeide_1.6.1/stm32cubeide/plugins/com.st.stm32cube.ide.mcu.externaltools.gnu-tools-for-stm32.9-2020-q2-update.win32_1.5.0.202011040924/tools/bin/../lib/gcc/arm-none-eabi/9.3.1/../../../../arm-none-eabi/lib/thumb/v7e-m+fp/hard\libsupc++_nano.a
END GROUP
LOAD c:/st/stt/stm32cubeide_1.6.1/stm32cubeide/plugins/com.st.stm32cube.ide.mcu.externaltools.gnu-tools-for-stm32.9-2020-q2-update.win32_1.5.0.202011040924/tools/bin/../lib/gcc/arm-none-eabi/9.3.1/../../../../arm-none-eabi/lib/thumb/v7e-m+fp/hard\libstdc++_nano.a
LOAD c:/st/stt/stm32cubeide_1.6.1/stm32cubeide/plugins/com.st.stm32cube.ide.mcu.externaltools.gnu-tools-for-stm32.9-2020-q2-update.win32_1.5.0.202011040924/tools/bin/../lib/gcc/arm-none-eabi/9.3.1/../../../../arm-none-eabi/lib/thumb/v7e-m+fp/hard\libm.a
LOAD c:/st/stt/stm32cubeide_1.6.1/stm32cubeide/plugins/com.st.stm32cube.ide.mcu.externaltools.gnu-tools-for-stm32.9-2020-q2-update.win32_1.5.0.202011040924/tools/bin/../lib/gcc/arm-none-eabi/9.3.1/../../../../arm-none-eabi/lib/thumb/v7e-m+fp/hard\libc_nano.a
START GROUP
LOAD c:/st/stt/stm32cubeide_1.6.1/stm32cubeide/plugins/com.st.stm32cube.ide.mcu.externaltools.gnu-tools-for-stm32.9-2020-q2-update.win32_1.5.0.202011040924/tools/bin/../lib/gcc/arm-none-eabi/9.3.1/thumb/v7e-m+fp/hard\libgcc.a
LOAD c:/st/stt/stm32cubeide_1.6.1/stm32cubeide/plugins/com.st.stm32cube.ide.mcu.externaltools.gnu-tools-for-stm32.9-2020-q2-update.win32_1.5.0.202011040924/tools/bin/../lib/gcc/arm-none-eabi/9.3.1/../../../../arm-none-eabi/lib/thumb/v7e-m+fp/hard\libc_nano.a
END GROUP
START GROUP
LOAD c:/st/stt/stm32cubeide_1.6.1/stm32cubeide/plugins/com.st.stm32cube.ide.mcu.externaltools.gnu-tools-for-stm32.9-2020-q2-update.win32_1.5.0.202011040924/tools/bin/../lib/gcc/arm-none-eabi/9.3.1/thumb/v7e-m+fp/hard\libgcc.a
LOAD c:/st/stt/stm32cubeide_1.6.1/stm32cubeide/plugins/com.st.stm32cube.ide.mcu.externaltools.gnu-tools-for-stm32.9-2020-q2-update.win32_1.5.0.202011040924/tools/bin/../lib/gcc/arm-none-eabi/9.3.1/../../../../arm-none-eabi/lib/thumb/v7e-m+fp/hard\libc_nano.a
LOAD c:/st/stt/stm32cubeide_1.6.1/stm32cubeide/plugins/com.st.stm32cube.ide.mcu.externaltools.gnu-tools-for-stm32.9-2020-q2-update.win32_1.5.0.202011040924/tools/bin/../lib/gcc/arm-none-eabi/9.3.1/../../../../arm-none-eabi/lib/thumb/v7e-m+fp/hard\libnosys.a
END GROUP
START GROUP
LOAD c:/st/stt/stm32cubeide_1.6.1/stm32cubeide/plugins/com.st.stm32cube.ide.mcu.externaltools.gnu-tools-for-stm32.9-2020-q2-update.win32_1.5.0.202011040924/tools/bin/../lib/gcc/arm-none-eabi/9.3.1/thumb/v7e-m+fp/hard\libgcc.a
LOAD c:/st/stt/stm32cubeide_1.6.1/stm32cubeide/plugins/com.st.stm32cube.ide.mcu.externaltools.gnu-tools-for-stm32.9-2020-q2-update.win32_1.5.0.202011040924/tools/bin/../lib/gcc/arm-none-eabi/9.3.1/../../../../arm-none-eabi/lib/thumb/v7e-m+fp/hard\libc_nano.a
LOAD c:/st/stt/stm32cubeide_1.6.1/stm32cubeide/plugins/com.st.stm32cube.ide.mcu.externaltools.gnu-tools-for-stm32.9-2020-q2-update.win32_1.5.0.202011040924/tools/bin/../lib/gcc/arm-none-eabi/9.3.1/../../../../arm-none-eabi/lib/thumb/v7e-m+fp/hard\libnosys.a
END GROUP
LOAD c:/st/stt/stm32cubeide_1.6.1/stm32cubeide/plugins/com.st.stm32cube.ide.mcu.externaltools.gnu-tools-for-stm32.9-2020-q2-update.win32_1.5.0.202011040924/tools/bin/../lib/gcc/arm-none-eabi/9.3.1/thumb/v7e-m+fp/hard/crtend.o
LOAD c:/st/stt/stm32cubeide_1.6.1/stm32cubeide/plugins/com.st.stm32cube.ide.mcu.externaltools.gnu-tools-for-stm32.9-2020-q2-update.win32_1.5.0.202011040924/tools/bin/../lib/gcc/arm-none-eabi/9.3.1/thumb/v7e-m+fp/hard/crtn.o
                0x0000000020003000                _estack = (ORIGIN (RAM) + LENGTH (RAM))
                0x0000000000000200                _Min_Heap_Size = 0x200
                0x0000000000000400                _Min_Stack_Size = 0x400

.isr_vector     0x0000000008000000      0x188
                0x0000000008000000                . = ALIGN (0x4)
 *(.isr_vector)
 .isr_vector    0x0000000008000000      0x188 Core/Startup/startup_stm32f303c6tx.o
                0x0000000008000000                g_pfnVectors
                0x0000000008000188                . = ALIGN (0x4)

.text           0x0000000008000188     0x5df8
                0x0000000008000188                . = ALIGN (0x4)
 *(.text)
 .text          0x0000000008000188       0x40 c:/st/stt/stm32cubeide_1.6.1/stm32cubeide/plugins/com.st.stm32cube.ide.mcu.externaltools.gnu-tools-for-stm32.9-2020-q2-update.win32_1.5.0.202011040924/tools/bin/../lib/gcc/arm-none-eabi/9.3.1/thumb/v7e-m+fp/hard/crtbegin.o
 .text          0x00000000080001c8      0x378 c:/st/stt/stm32cubeide_1.6.1/stm32cubeide/plugins/com.st.stm32cube.ide.mcu.externaltools.gnu-tools-for-stm32.9-2020-q2-update.win32_1.5.0.202011040924/tools/bin/../lib/gcc/arm-none-eabi/9.3.1/thumb/v7e-m+fp/hard\libgcc.a(_arm_addsubdf3.o)
                0x00000000080001c8                __aeabi_drsub
                0x00000000080001d0                __aeabi_dsub
                0x00000000080001d0                __subdf3
                0x00000000080001d4                __aeabi_dadd
                0x00000000080001d4                __adddf3
                0x000000000800044c                __floatunsidf
                0x000000000800044c                __aeabi_ui2d
                0x000000000800046c                __floatsidf
                0x000000000800046c                __aeabi_i2d
                0x0000000008000490                __aeabi_f2d
                0x0000000008000490                __extendsfdf2
                0x00000000080004d4                __floatundidf
                0x00000000080004d4                __aeabi_ul2d
                0x00000000080004e4                __floatdidf
                0x00000000080004e4                __aeabi_l2d
 .text          0x0000000008000540      0x424 c:/st/stt/stm32cubeide_1.6.1/stm32cubeide/plugins/com.st.stm32cube.ide.mcu.externaltools.gnu-tools-for-stm32.9-2020-q2-update.win32_1.5.0.202011040924/tools/bin/../lib/gcc/arm-none-eabi/9.3.1/thumb/v7e-m+fp/hard\libgcc.a(_arm_muldivdf3.o)
                0x0000000008000540                __aeabi_dmul
                0x0000000008000540                __muldf3
                0x0000000008000794                __divdf3
                0x0000000008000794                __aeabi_ddiv
 .text          0x0000000008000964      0x110 c:/st/stt/stm32cubeide_1.6.1/stm32cubeide/plugins/com.st.stm32cube.ide.mcu.externaltools.gnu-tools-for-stm32.9-2020-q2-update.win32_1.5.0.202011040924/tools/bin/../lib/gcc/arm-none-eabi/9.3.1/thumb/v7e-m+fp/hard\libgcc.a(_arm_cmpdf2.o)
                0x0000000008000964                __gtdf2
                0x0000000008000964                __gedf2
                0x000000000800096c                __ltdf2
                0x000000000800096c                __ledf2
                0x0000000008000974                __nedf2
                0x0000000008000974                __eqdf2
                0x0000000008000974                __cmpdf2
                0x00000000080009f0                __aeabi_cdrcmple
                0x0000000008000a00                __aeabi_cdcmpeq
                0x0000000008000a00                __aeabi_cdcmple
                0x0000000008000a10                __aeabi_dcmpeq
                0x0000000008000a24                __aeabi_dcmplt
                0x0000000008000a38                __aeabi_dcmple
                0x0000000008000a4c                __aeabi_dcmpge
                0x0000000008000a60                __aeabi_dcmpgt
 .text          0x0000000008000a74       0x2c c:/st/stt/stm32cubeide_1.6.1/stm32cubeide/plugins/com.st.stm32cube.ide.mcu.externaltools.gnu-tools-for-stm32.9-2020-q2-update.win32_1.5.0.202011040924/tools/bin/../lib/gcc/arm-none-eabi/9.3.1/thumb/v7e-m+fp/hard\libgcc.a(_arm_unorddf2.o)
                0x0000000008000a74                __unorddf2
                0x0000000008000a74                __aeabi_dcmpun
 .text          0x0000000008000aa0       0x50 c:/st/stt/stm32cubeide_1.6.1/stm32cubeide/plugins/com.st.stm32cube.ide.mcu.externaltools.gnu-tools-for-stm32.9-2020-q2-update.win32_1.5.0.202011040924/tools/bin/../lib/gcc/arm-none-eabi/9.3.1/thumb/v7e-m+fp/hard\libgcc.a(_arm_fixdfsi.o)
                0x0000000008000aa0                __aeabi_d2iz
                0x0000000008000aa0                __fixdfsi
 .text          0x0000000008000af0       0xa0 c:/st/stt/stm32cubeide_1.6.1/stm32cubeide/plugins/com.st.stm32cube.ide.mcu.externaltools.gnu-tools-for-stm32.9-2020-q2-update.win32_1.5.0.202011040924/tools/bin/../lib/gcc/arm-none-eabi/9.3.1/thumb/v7e-m+fp/hard\libgcc.a(_arm_truncdfsf2.o)
                0x0000000008000af0                __truncdfsf2
                0x0000000008000af0                __aeabi_d2f
 *(.text*)
 .text.CalcullateTilts
                0x0000000008000b90      0x430 Core/Src/EulerCalculating.o
                0x0000000008000b90                CalcullateTilts
 .text.__NVIC_SystemReset
                0x0000000008000fc0       0x24 Core/Src/can.o
 .text.CANFilters
                0x0000000008000fe4       0x58 Core/Src/can.o
                0x0000000008000fe4                CANFilters
 .text.TrmCAN   0x000000000800103c       0xbc Core/Src/can.o
                0x000000000800103c                TrmCAN
 .text.ProcessCANReceivedPacket
                0x00000000080010f8       0xb4 Core/Src/can.o
                0x00000000080010f8                ProcessCANReceivedPacket
 .text.FlashReadAll
                0x00000000080011ac       0x98 Core/Src/flash.o
                0x00000000080011ac                FlashReadAll
 .text.FlashWriteAll
                0x0000000008001244      0x118 Core/Src/flash.o
                0x0000000008001244                FlashWriteAll
 .text.Led      0x000000000800135c      0x17c Core/Src/led.o
                0x000000000800135c                Led
 .text.MX_GPIO_Init
                0x00000000080014d8       0xd0 Core/Src/main.o
 .text.MX_DMA_Init
                0x00000000080015a8       0x44 Core/Src/main.o
 .text.WriteRegisterMPU6500
                0x00000000080015ec       0x40 Core/Src/main.o
                0x00000000080015ec                WriteRegisterMPU6500
 .text.ReadRegisterMPU6500
                0x000000000800162c       0x58 Core/Src/main.o
                0x000000000800162c                ReadRegisterMPU6500
 .text.InitMPU6500
                0x0000000008001684       0x90 Core/Src/main.o
                0x0000000008001684                InitMPU6500
 .text.Calibrating
                0x0000000008001714      0x158 Core/Src/main.o
                0x0000000008001714                Calibrating
 .text.ProcessDataMPU6500
                0x000000000800186c      0x164 Core/Src/main.o
                0x000000000800186c                ProcessDataMPU6500
 .text.HAL_CAN_RxFifo0MsgPendingCallback
                0x00000000080019d0        0x8 Core/Src/main.o
                0x00000000080019d0                HAL_CAN_RxFifo0MsgPendingCallback
 .text.HAL_SPI_TxRxCpltCallback
                0x00000000080019d8       0x28 Core/Src/main.o
                0x00000000080019d8                HAL_SPI_TxRxCpltCallback
 .text.HAL_TIM_PeriodElapsedCallback
                0x0000000008001a00       0x80 Core/Src/main.o
                0x0000000008001a00                HAL_TIM_PeriodElapsedCallback
 .text.Error_Handler
                0x0000000008001a80        0x4 Core/Src/main.o
                0x0000000008001a80                Error_Handler
 .text.MX_TIM6_Init
                0x0000000008001a84       0x64 Core/Src/main.o
 .text.MX_CAN_Init
                0x0000000008001ae8       0x48 Core/Src/main.o
 .text.MX_SPI1_Init
                0x0000000008001b30       0x4c Core/Src/main.o
 .text.SystemClock_Config
                0x0000000008001b7c       0x62 Core/Src/main.o
                0x0000000008001b7c                SystemClock_Config
 *fill*         0x0000000008001bde        0x2 
 .text.main     0x0000000008001be0       0x4c Core/Src/main.o
                0x0000000008001be0                main
 .text.HAL_MspInit
                0x0000000008001c2c       0x30 Core/Src/stm32f3xx_hal_msp.o
                0x0000000008001c2c                HAL_MspInit
 .text.HAL_CAN_MspInit
                0x0000000008001c5c       0x9c Core/Src/stm32f3xx_hal_msp.o
                0x0000000008001c5c                HAL_CAN_MspInit
 .text.HAL_SPI_MspInit
                0x0000000008001cf8       0xe0 Core/Src/stm32f3xx_hal_msp.o
                0x0000000008001cf8                HAL_SPI_MspInit
 .text.HAL_TIM_Base_MspInit
                0x0000000008001dd8       0x40 Core/Src/stm32f3xx_hal_msp.o
                0x0000000008001dd8                HAL_TIM_Base_MspInit
 .text.HAL_InitTick
                0x0000000008001e18       0x7c Core/Src/stm32f3xx_hal_timebase_tim.o
                0x0000000008001e18                HAL_InitTick
 .text.NMI_Handler
                0x0000000008001e94        0x2 Core/Src/stm32f3xx_it.o
                0x0000000008001e94                NMI_Handler
 .text.HardFault_Handler
                0x0000000008001e96        0x2 Core/Src/stm32f3xx_it.o
                0x0000000008001e96                HardFault_Handler
 .text.MemManage_Handler
                0x0000000008001e98        0x2 Core/Src/stm32f3xx_it.o
                0x0000000008001e98                MemManage_Handler
 .text.BusFault_Handler
                0x0000000008001e9a        0x2 Core/Src/stm32f3xx_it.o
                0x0000000008001e9a                BusFault_Handler
 .text.UsageFault_Handler
                0x0000000008001e9c        0x2 Core/Src/stm32f3xx_it.o
                0x0000000008001e9c                UsageFault_Handler
 .text.SVC_Handler
                0x0000000008001e9e        0x2 Core/Src/stm32f3xx_it.o
                0x0000000008001e9e                SVC_Handler
 .text.DebugMon_Handler
                0x0000000008001ea0        0x2 Core/Src/stm32f3xx_it.o
                0x0000000008001ea0                DebugMon_Handler
 .text.PendSV_Handler
                0x0000000008001ea2        0x2 Core/Src/stm32f3xx_it.o
                0x0000000008001ea2                PendSV_Handler
 .text.SysTick_Handler
                0x0000000008001ea4        0x2 Core/Src/stm32f3xx_it.o
                0x0000000008001ea4                SysTick_Handler
 *fill*         0x0000000008001ea6        0x2 
 .text.DMA1_Channel2_IRQHandler
                0x0000000008001ea8       0x10 Core/Src/stm32f3xx_it.o
                0x0000000008001ea8                DMA1_Channel2_IRQHandler
 .text.DMA1_Channel3_IRQHandler
                0x0000000008001eb8       0x10 Core/Src/stm32f3xx_it.o
                0x0000000008001eb8                DMA1_Channel3_IRQHandler
 .text.CAN_TX_IRQHandler
                0x0000000008001ec8       0x10 Core/Src/stm32f3xx_it.o
                0x0000000008001ec8                CAN_TX_IRQHandler
 .text.CAN_RX0_IRQHandler
                0x0000000008001ed8       0x10 Core/Src/stm32f3xx_it.o
                0x0000000008001ed8                CAN_RX0_IRQHandler
 .text.CAN_RX1_IRQHandler
                0x0000000008001ee8       0x10 Core/Src/stm32f3xx_it.o
                0x0000000008001ee8                CAN_RX1_IRQHandler
 .text.SPI1_IRQHandler
                0x0000000008001ef8       0x10 Core/Src/stm32f3xx_it.o
                0x0000000008001ef8                SPI1_IRQHandler
 .text.TIM6_DAC1_IRQHandler
                0x0000000008001f08       0x10 Core/Src/stm32f3xx_it.o
                0x0000000008001f08                TIM6_DAC1_IRQHandler
 .text.TIM7_DAC2_IRQHandler
                0x0000000008001f18       0x10 Core/Src/stm32f3xx_it.o
                0x0000000008001f18                TIM7_DAC2_IRQHandler
 .text.SystemInit
                0x0000000008001f28       0x14 Core/Src/system_stm32f3xx.o
                0x0000000008001f28                SystemInit
 .text.Reset_Handler
                0x0000000008001f3c       0x50 Core/Startup/startup_stm32f303c6tx.o
                0x0000000008001f3c                Reset_Handler
 .text.Default_Handler
                0x0000000008001f8c        0x2 Core/Startup/startup_stm32f303c6tx.o
                0x0000000008001f8c                RTC_Alarm_IRQHandler
                0x0000000008001f8c                TIM1_CC_IRQHandler
                0x0000000008001f8c                PVD_IRQHandler
                0x0000000008001f8c                TAMP_STAMP_IRQHandler
                0x0000000008001f8c                EXTI3_IRQHandler
                0x0000000008001f8c                EXTI0_IRQHandler
                0x0000000008001f8c                FPU_IRQHandler
                0x0000000008001f8c                TIM1_UP_TIM16_IRQHandler
                0x0000000008001f8c                ADC1_2_IRQHandler
                0x0000000008001f8c                CAN_SCE_IRQHandler
                0x0000000008001f8c                DMA1_Channel4_IRQHandler
                0x0000000008001f8c                USART3_IRQHandler
                0x0000000008001f8c                DMA1_Channel7_IRQHandler
                0x0000000008001f8c                I2C1_EV_IRQHandler
                0x0000000008001f8c                DMA1_Channel6_IRQHandler
                0x0000000008001f8c                TIM3_IRQHandler
                0x0000000008001f8c                RCC_IRQHandler
                0x0000000008001f8c                DMA1_Channel1_IRQHandler
                0x0000000008001f8c                Default_Handler
                0x0000000008001f8c                EXTI15_10_IRQHandler
                0x0000000008001f8c                COMP2_IRQHandler
                0x0000000008001f8c                EXTI9_5_IRQHandler
                0x0000000008001f8c                RTC_WKUP_IRQHandler
                0x0000000008001f8c                DMA1_Channel5_IRQHandler
                0x0000000008001f8c                EXTI4_IRQHandler
                0x0000000008001f8c                TIM1_TRG_COM_TIM17_IRQHandler
                0x0000000008001f8c                WWDG_IRQHandler
                0x0000000008001f8c                TIM2_IRQHandler
                0x0000000008001f8c                EXTI1_IRQHandler
                0x0000000008001f8c                COMP4_6_IRQHandler
                0x0000000008001f8c                USART2_IRQHandler
                0x0000000008001f8c                FLASH_IRQHandler
                0x0000000008001f8c                USART1_IRQHandler
                0x0000000008001f8c                I2C1_ER_IRQHandler
                0x0000000008001f8c                EXTI2_TSC_IRQHandler
                0x0000000008001f8c                TIM1_BRK_TIM15_IRQHandler
 *fill*         0x0000000008001f8e        0x2 
 .text.HAL_Init
                0x0000000008001f90       0x24 Drivers/STM32F3xx_HAL_Driver/Src/stm32f3xx_hal.o
                0x0000000008001f90                HAL_Init
 .text.HAL_IncTick
                0x0000000008001fb4       0x18 Drivers/STM32F3xx_HAL_Driver/Src/stm32f3xx_hal.o
                0x0000000008001fb4                HAL_IncTick
 .text.HAL_GetTick
                0x0000000008001fcc        0xc Drivers/STM32F3xx_HAL_Driver/Src/stm32f3xx_hal.o
                0x0000000008001fcc                HAL_GetTick
 .text.HAL_Delay
                0x0000000008001fd8       0x28 Drivers/STM32F3xx_HAL_Driver/Src/stm32f3xx_hal.o
                0x0000000008001fd8                HAL_Delay
 .text.HAL_CAN_Init
                0x0000000008002000      0x14c Drivers/STM32F3xx_HAL_Driver/Src/stm32f3xx_hal_can.o
                0x0000000008002000                HAL_CAN_Init
 .text.HAL_CAN_ConfigFilter
                0x000000000800214c       0xfe Drivers/STM32F3xx_HAL_Driver/Src/stm32f3xx_hal_can.o
                0x000000000800214c                HAL_CAN_ConfigFilter
 .text.HAL_CAN_Start
                0x000000000800224a       0x5c Drivers/STM32F3xx_HAL_Driver/Src/stm32f3xx_hal_can.o
                0x000000000800224a                HAL_CAN_Start
 .text.HAL_CAN_AddTxMessage
                0x00000000080022a6       0xec Drivers/STM32F3xx_HAL_Driver/Src/stm32f3xx_hal_can.o
                0x00000000080022a6                HAL_CAN_AddTxMessage
 .text.HAL_CAN_GetTxMailboxesFreeLevel
                0x0000000008002392       0x32 Drivers/STM32F3xx_HAL_Driver/Src/stm32f3xx_hal_can.o
                0x0000000008002392                HAL_CAN_GetTxMailboxesFreeLevel
 .text.HAL_CAN_GetRxMessage
                0x00000000080023c4      0x140 Drivers/STM32F3xx_HAL_Driver/Src/stm32f3xx_hal_can.o
                0x00000000080023c4                HAL_CAN_GetRxMessage
 .text.HAL_CAN_ActivateNotification
                0x0000000008002504       0x24 Drivers/STM32F3xx_HAL_Driver/Src/stm32f3xx_hal_can.o
                0x0000000008002504                HAL_CAN_ActivateNotification
 .text.HAL_CAN_TxMailbox0CompleteCallback
                0x0000000008002528        0x2 Drivers/STM32F3xx_HAL_Driver/Src/stm32f3xx_hal_can.o
                0x0000000008002528                HAL_CAN_TxMailbox0CompleteCallback
 .text.HAL_CAN_TxMailbox1CompleteCallback
                0x000000000800252a        0x2 Drivers/STM32F3xx_HAL_Driver/Src/stm32f3xx_hal_can.o
                0x000000000800252a                HAL_CAN_TxMailbox1CompleteCallback
 .text.HAL_CAN_TxMailbox2CompleteCallback
                0x000000000800252c        0x2 Drivers/STM32F3xx_HAL_Driver/Src/stm32f3xx_hal_can.o
                0x000000000800252c                HAL_CAN_TxMailbox2CompleteCallback
 .text.HAL_CAN_TxMailbox0AbortCallback
                0x000000000800252e        0x2 Drivers/STM32F3xx_HAL_Driver/Src/stm32f3xx_hal_can.o
                0x000000000800252e                HAL_CAN_TxMailbox0AbortCallback
 .text.HAL_CAN_TxMailbox1AbortCallback
                0x0000000008002530        0x2 Drivers/STM32F3xx_HAL_Driver/Src/stm32f3xx_hal_can.o
                0x0000000008002530                HAL_CAN_TxMailbox1AbortCallback
 .text.HAL_CAN_TxMailbox2AbortCallback
                0x0000000008002532        0x2 Drivers/STM32F3xx_HAL_Driver/Src/stm32f3xx_hal_can.o
                0x0000000008002532                HAL_CAN_TxMailbox2AbortCallback
 .text.HAL_CAN_RxFifo0FullCallback
                0x0000000008002534        0x2 Drivers/STM32F3xx_HAL_Driver/Src/stm32f3xx_hal_can.o
                0x0000000008002534                HAL_CAN_RxFifo0FullCallback
 .text.HAL_CAN_RxFifo1MsgPendingCallback
                0x0000000008002536        0x2 Drivers/STM32F3xx_HAL_Driver/Src/stm32f3xx_hal_can.o
                0x0000000008002536                HAL_CAN_RxFifo1MsgPendingCallback
 .text.HAL_CAN_RxFifo1FullCallback
                0x0000000008002538        0x2 Drivers/STM32F3xx_HAL_Driver/Src/stm32f3xx_hal_can.o
                0x0000000008002538                HAL_CAN_RxFifo1FullCallback
 .text.HAL_CAN_SleepCallback
                0x000000000800253a        0x2 Drivers/STM32F3xx_HAL_Driver/Src/stm32f3xx_hal_can.o
                0x000000000800253a                HAL_CAN_SleepCallback
 .text.HAL_CAN_WakeUpFromRxMsgCallback
                0x000000000800253c        0x2 Drivers/STM32F3xx_HAL_Driver/Src/stm32f3xx_hal_can.o
                0x000000000800253c                HAL_CAN_WakeUpFromRxMsgCallback
 .text.HAL_CAN_ErrorCallback
                0x000000000800253e        0x2 Drivers/STM32F3xx_HAL_Driver/Src/stm32f3xx_hal_can.o
                0x000000000800253e                HAL_CAN_ErrorCallback
 .text.HAL_CAN_IRQHandler
                0x0000000008002540      0x24a Drivers/STM32F3xx_HAL_Driver/Src/stm32f3xx_hal_can.o
                0x0000000008002540                HAL_CAN_IRQHandler
 *fill*         0x000000000800278a        0x2 
 .text.HAL_NVIC_SetPriorityGrouping
                0x000000000800278c       0x24 Drivers/STM32F3xx_HAL_Driver/Src/stm32f3xx_hal_cortex.o
                0x000000000800278c                HAL_NVIC_SetPriorityGrouping
 .text.HAL_NVIC_SetPriority
                0x00000000080027b0       0x68 Drivers/STM32F3xx_HAL_Driver/Src/stm32f3xx_hal_cortex.o
                0x00000000080027b0                HAL_NVIC_SetPriority
 .text.HAL_NVIC_EnableIRQ
                0x0000000008002818       0x1c Drivers/STM32F3xx_HAL_Driver/Src/stm32f3xx_hal_cortex.o
                0x0000000008002818                HAL_NVIC_EnableIRQ
 .text.DMA_SetConfig
                0x0000000008002834       0x2c Drivers/STM32F3xx_HAL_Driver/Src/stm32f3xx_hal_dma.o
 .text.DMA_CalcBaseAndBitshift
                0x0000000008002860       0x24 Drivers/STM32F3xx_HAL_Driver/Src/stm32f3xx_hal_dma.o
 .text.HAL_DMA_Init
                0x0000000008002884       0x50 Drivers/STM32F3xx_HAL_Driver/Src/stm32f3xx_hal_dma.o
                0x0000000008002884                HAL_DMA_Init
 .text.HAL_DMA_Start_IT
                0x00000000080028d4       0x74 Drivers/STM32F3xx_HAL_Driver/Src/stm32f3xx_hal_dma.o
                0x00000000080028d4                HAL_DMA_Start_IT
 .text.HAL_DMA_Abort_IT
                0x0000000008002948       0x4a Drivers/STM32F3xx_HAL_Driver/Src/stm32f3xx_hal_dma.o
                0x0000000008002948                HAL_DMA_Abort_IT
 .text.HAL_DMA_IRQHandler
                0x0000000008002992       0xb4 Drivers/STM32F3xx_HAL_Driver/Src/stm32f3xx_hal_dma.o
                0x0000000008002992                HAL_DMA_IRQHandler
 *fill*         0x0000000008002a46        0x2 
 .text.FLASH_Program_HalfWord
                0x0000000008002a48       0x1c Drivers/STM32F3xx_HAL_Driver/Src/stm32f3xx_hal_flash.o
 .text.FLASH_SetErrorCode
                0x0000000008002a64       0x3c Drivers/STM32F3xx_HAL_Driver/Src/stm32f3xx_hal_flash.o
 .text.HAL_FLASH_Unlock
                0x0000000008002aa0       0x34 Drivers/STM32F3xx_HAL_Driver/Src/stm32f3xx_hal_flash.o
                0x0000000008002aa0                HAL_FLASH_Unlock
 .text.HAL_FLASH_Lock
                0x0000000008002ad4       0x14 Drivers/STM32F3xx_HAL_Driver/Src/stm32f3xx_hal_flash.o
                0x0000000008002ad4                HAL_FLASH_Lock
 .text.FLASH_WaitForLastOperation
                0x0000000008002ae8       0x60 Drivers/STM32F3xx_HAL_Driver/Src/stm32f3xx_hal_flash.o
                0x0000000008002ae8                FLASH_WaitForLastOperation
 .text.HAL_FLASH_Program
                0x0000000008002b48       0x9c Drivers/STM32F3xx_HAL_Driver/Src/stm32f3xx_hal_flash.o
                0x0000000008002b48                HAL_FLASH_Program
 .text.FLASH_MassErase
                0x0000000008002be4       0x24 Drivers/STM32F3xx_HAL_Driver/Src/stm32f3xx_hal_flash_ex.o
 .text.FLASH_PageErase
                0x0000000008002c08       0x24 Drivers/STM32F3xx_HAL_Driver/Src/stm32f3xx_hal_flash_ex.o
                0x0000000008002c08                FLASH_PageErase
 .text.HAL_FLASHEx_Erase
                0x0000000008002c2c       0xa4 Drivers/STM32F3xx_HAL_Driver/Src/stm32f3xx_hal_flash_ex.o
                0x0000000008002c2c                HAL_FLASHEx_Erase
 .text.HAL_GPIO_Init
                0x0000000008002cd0      0x188 Drivers/STM32F3xx_HAL_Driver/Src/stm32f3xx_hal_gpio.o
                0x0000000008002cd0                HAL_GPIO_Init
 .text.HAL_GPIO_WritePin
                0x0000000008002e58        0xa Drivers/STM32F3xx_HAL_Driver/Src/stm32f3xx_hal_gpio.o
                0x0000000008002e58                HAL_GPIO_WritePin
 *fill*         0x0000000008002e62        0x2 
 .text.HAL_RCC_OscConfig
                0x0000000008002e64      0x634 Drivers/STM32F3xx_HAL_Driver/Src/stm32f3xx_hal_rcc.o
                0x0000000008002e64                HAL_RCC_OscConfig
 .text.HAL_RCC_GetSysClockFreq
                0x0000000008003498       0x70 Drivers/STM32F3xx_HAL_Driver/Src/stm32f3xx_hal_rcc.o
                0x0000000008003498                HAL_RCC_GetSysClockFreq
 .text.HAL_RCC_ClockConfig
                0x0000000008003508      0x1a8 Drivers/STM32F3xx_HAL_Driver/Src/stm32f3xx_hal_rcc.o
                0x0000000008003508                HAL_RCC_ClockConfig
 .text.HAL_RCC_GetHCLKFreq
                0x00000000080036b0        0xc Drivers/STM32F3xx_HAL_Driver/Src/stm32f3xx_hal_rcc.o
                0x00000000080036b0                HAL_RCC_GetHCLKFreq
 .text.HAL_RCC_GetPCLK1Freq
                0x00000000080036bc       0x2c Drivers/STM32F3xx_HAL_Driver/Src/stm32f3xx_hal_rcc.o
                0x00000000080036bc                HAL_RCC_GetPCLK1Freq
 .text.HAL_RCC_GetClockConfig
                0x00000000080036e8       0x3c Drivers/STM32F3xx_HAL_Driver/Src/stm32f3xx_hal_rcc.o
                0x00000000080036e8                HAL_RCC_GetClockConfig
 .text.SPI_WaitFlagStateUntilTimeout
                0x0000000008003724       0xd0 Drivers/STM32F3xx_HAL_Driver/Src/stm32f3xx_hal_spi.o
 .text.SPI_WaitFifoStateUntilTimeout
                0x00000000080037f4       0xdc Drivers/STM32F3xx_HAL_Driver/Src/stm32f3xx_hal_spi.o
 .text.SPI_EndRxTxTransaction
                0x00000000080038d0       0x62 Drivers/STM32F3xx_HAL_Driver/Src/stm32f3xx_hal_spi.o
 .text.SPI_EndRxTransaction
                0x0000000008003932       0x82 Drivers/STM32F3xx_HAL_Driver/Src/stm32f3xx_hal_spi.o
 .text.HAL_SPI_Init
                0x00000000080039b4       0xde Drivers/STM32F3xx_HAL_Driver/Src/stm32f3xx_hal_spi.o
                0x00000000080039b4                HAL_SPI_Init
 .text.HAL_SPI_Transmit
                0x0000000008003a92      0x1f8 Drivers/STM32F3xx_HAL_Driver/Src/stm32f3xx_hal_spi.o
                0x0000000008003a92                HAL_SPI_Transmit
 .text.HAL_SPI_TransmitReceive
                0x0000000008003c8a      0x2de Drivers/STM32F3xx_HAL_Driver/Src/stm32f3xx_hal_spi.o
                0x0000000008003c8a                HAL_SPI_TransmitReceive
 .text.HAL_SPI_Receive
                0x0000000008003f68      0x1a2 Drivers/STM32F3xx_HAL_Driver/Src/stm32f3xx_hal_spi.o
                0x0000000008003f68                HAL_SPI_Receive
 *fill*         0x000000000800410a        0x2 
 .text.HAL_SPI_TransmitReceive_DMA
                0x000000000800410c      0x214 Drivers/STM32F3xx_HAL_Driver/Src/stm32f3xx_hal_spi.o
                0x000000000800410c                HAL_SPI_TransmitReceive_DMA
 .text.HAL_SPI_RxCpltCallback
                0x0000000008004320        0x2 Drivers/STM32F3xx_HAL_Driver/Src/stm32f3xx_hal_spi.o
                0x0000000008004320                HAL_SPI_RxCpltCallback
 .text.HAL_SPI_RxHalfCpltCallback
                0x0000000008004322        0x2 Drivers/STM32F3xx_HAL_Driver/Src/stm32f3xx_hal_spi.o
                0x0000000008004322                HAL_SPI_RxHalfCpltCallback
 .text.SPI_DMAHalfReceiveCplt
                0x0000000008004324        0xa Drivers/STM32F3xx_HAL_Driver/Src/stm32f3xx_hal_spi.o
 .text.HAL_SPI_TxRxHalfCpltCallback
                0x000000000800432e        0x2 Drivers/STM32F3xx_HAL_Driver/Src/stm32f3xx_hal_spi.o
                0x000000000800432e                HAL_SPI_TxRxHalfCpltCallback
 .text.SPI_DMAHalfTransmitReceiveCplt
                0x0000000008004330        0xa Drivers/STM32F3xx_HAL_Driver/Src/stm32f3xx_hal_spi.o
 .text.HAL_SPI_ErrorCallback
                0x000000000800433a        0x2 Drivers/STM32F3xx_HAL_Driver/Src/stm32f3xx_hal_spi.o
                0x000000000800433a                HAL_SPI_ErrorCallback
 .text.SPI_DMAError
                0x000000000800433c       0x22 Drivers/STM32F3xx_HAL_Driver/Src/stm32f3xx_hal_spi.o
 .text.SPI_DMAReceiveCplt
                0x000000000800435e       0x70 Drivers/STM32F3xx_HAL_Driver/Src/stm32f3xx_hal_spi.o
 .text.SPI_DMATransmitReceiveCplt
                0x00000000080043ce       0x5e Drivers/STM32F3xx_HAL_Driver/Src/stm32f3xx_hal_spi.o
 .text.HAL_SPI_IRQHandler
                0x000000000800442c      0x124 Drivers/STM32F3xx_HAL_Driver/Src/stm32f3xx_hal_spi.o
                0x000000000800442c                HAL_SPI_IRQHandler
 .text.SPI_DMAAbortOnError
                0x0000000008004550       0x12 Drivers/STM32F3xx_HAL_Driver/Src/stm32f3xx_hal_spi.o
 *fill*         0x0000000008004562        0x2 
 .text.HAL_TIM_Base_Start_IT
                0x0000000008004564       0x74 Drivers/STM32F3xx_HAL_Driver/Src/stm32f3xx_hal_tim.o
                0x0000000008004564                HAL_TIM_Base_Start_IT
 .text.HAL_TIM_OC_DelayElapsedCallback
                0x00000000080045d8        0x2 Drivers/STM32F3xx_HAL_Driver/Src/stm32f3xx_hal_tim.o
                0x00000000080045d8                HAL_TIM_OC_DelayElapsedCallback
 .text.HAL_TIM_IC_CaptureCallback
                0x00000000080045da        0x2 Drivers/STM32F3xx_HAL_Driver/Src/stm32f3xx_hal_tim.o
                0x00000000080045da                HAL_TIM_IC_CaptureCallback
 .text.HAL_TIM_PWM_PulseFinishedCallback
                0x00000000080045dc        0x2 Drivers/STM32F3xx_HAL_Driver/Src/stm32f3xx_hal_tim.o
                0x00000000080045dc                HAL_TIM_PWM_PulseFinishedCallback
 .text.HAL_TIM_TriggerCallback
                0x00000000080045de        0x2 Drivers/STM32F3xx_HAL_Driver/Src/stm32f3xx_hal_tim.o
                0x00000000080045de                HAL_TIM_TriggerCallback
 .text.HAL_TIM_IRQHandler
                0x00000000080045e0      0x19a Drivers/STM32F3xx_HAL_Driver/Src/stm32f3xx_hal_tim.o
                0x00000000080045e0                HAL_TIM_IRQHandler
 *fill*         0x000000000800477a        0x2 
 .text.TIM_Base_SetConfig
                0x000000000800477c       0x90 Drivers/STM32F3xx_HAL_Driver/Src/stm32f3xx_hal_tim.o
                0x000000000800477c                TIM_Base_SetConfig
 .text.HAL_TIM_Base_Init
                0x000000000800480c       0x60 Drivers/STM32F3xx_HAL_Driver/Src/stm32f3xx_hal_tim.o
                0x000000000800480c                HAL_TIM_Base_Init
 .text.HAL_TIMEx_MasterConfigSynchronization
                0x000000000800486c       0x78 Drivers/STM32F3xx_HAL_Driver/Src/stm32f3xx_hal_tim_ex.o
                0x000000000800486c                HAL_TIMEx_MasterConfigSynchronization
 .text.HAL_TIMEx_CommutCallback
                0x00000000080048e4        0x2 Drivers/STM32F3xx_HAL_Driver/Src/stm32f3xx_hal_tim_ex.o
                0x00000000080048e4                HAL_TIMEx_CommutCallback
 .text.HAL_TIMEx_BreakCallback
                0x00000000080048e6        0x2 Drivers/STM32F3xx_HAL_Driver/Src/stm32f3xx_hal_tim_ex.o
                0x00000000080048e6                HAL_TIMEx_BreakCallback
 .text.HAL_TIMEx_Break2Callback
                0x00000000080048e8        0x2 Drivers/STM32F3xx_HAL_Driver/Src/stm32f3xx_hal_tim_ex.o
                0x00000000080048e8                HAL_TIMEx_Break2Callback
 *fill*         0x00000000080048ea        0x6 
 .text.atan     0x00000000080048f0      0x340 c:/st/stt/stm32cubeide_1.6.1/stm32cubeide/plugins/com.st.stm32cube.ide.mcu.externaltools.gnu-tools-for-stm32.9-2020-q2-update.win32_1.5.0.202011040924/tools/bin/../lib/gcc/arm-none-eabi/9.3.1/../../../../arm-none-eabi/lib/thumb/v7e-m+fp/hard\libm.a(lib_a-s_atan.o)
                0x00000000080048f0                atan
 .text.cos      0x0000000008004c30       0xa0 c:/st/stt/stm32cubeide_1.6.1/stm32cubeide/plugins/com.st.stm32cube.ide.mcu.externaltools.gnu-tools-for-stm32.9-2020-q2-update.win32_1.5.0.202011040924/tools/bin/../lib/gcc/arm-none-eabi/9.3.1/../../../../arm-none-eabi/lib/thumb/v7e-m+fp/hard\libm.a(lib_a-s_cos.o)
                0x0000000008004c30                cos
 .text.fabs     0x0000000008004cd0       0x12 c:/st/stt/stm32cubeide_1.6.1/stm32cubeide/plugins/com.st.stm32cube.ide.mcu.externaltools.gnu-tools-for-stm32.9-2020-q2-update.win32_1.5.0.202011040924/tools/bin/../lib/gcc/arm-none-eabi/9.3.1/../../../../arm-none-eabi/lib/thumb/v7e-m+fp/hard\libm.a(lib_a-s_fabs.o)
                0x0000000008004cd0                fabs
 *fill*         0x0000000008004ce2        0x6 
 .text.sin      0x0000000008004ce8       0xa8 c:/st/stt/stm32cubeide_1.6.1/stm32cubeide/plugins/com.st.stm32cube.ide.mcu.externaltools.gnu-tools-for-stm32.9-2020-q2-update.win32_1.5.0.202011040924/tools/bin/../lib/gcc/arm-none-eabi/9.3.1/../../../../arm-none-eabi/lib/thumb/v7e-m+fp/hard\libm.a(lib_a-s_sin.o)
                0x0000000008004ce8                sin
 .text.sqrt     0x0000000008004d90       0x68 c:/st/stt/stm32cubeide_1.6.1/stm32cubeide/plugins/com.st.stm32cube.ide.mcu.externaltools.gnu-tools-for-stm32.9-2020-q2-update.win32_1.5.0.202011040924/tools/bin/../lib/gcc/arm-none-eabi/9.3.1/../../../../arm-none-eabi/lib/thumb/v7e-m+fp/hard\libm.a(lib_a-w_sqrt.o)
                0x0000000008004d90                sqrt
 .text.__ieee754_rem_pio2
                0x0000000008004df8      0x414 c:/st/stt/stm32cubeide_1.6.1/stm32cubeide/plugins/com.st.stm32cube.ide.mcu.externaltools.gnu-tools-for-stm32.9-2020-q2-update.win32_1.5.0.202011040924/tools/bin/../lib/gcc/arm-none-eabi/9.3.1/../../../../arm-none-eabi/lib/thumb/v7e-m+fp/hard\libm.a(lib_a-e_rem_pio2.o)
                0x0000000008004df8                __ieee754_rem_pio2
 .text.__ieee754_sqrt
                0x000000000800520c      0x168 c:/st/stt/stm32cubeide_1.6.1/stm32cubeide/plugins/com.st.stm32cube.ide.mcu.externaltools.gnu-tools-for-stm32.9-2020-q2-update.win32_1.5.0.202011040924/tools/bin/../lib/gcc/arm-none-eabi/9.3.1/../../../../arm-none-eabi/lib/thumb/v7e-m+fp/hard\libm.a(lib_a-e_sqrt.o)
                0x000000000800520c                __ieee754_sqrt
 *fill*         0x0000000008005374        0x4 
 .text.__kernel_cos
                0x0000000008005378      0x18c c:/st/stt/stm32cubeide_1.6.1/stm32cubeide/plugins/com.st.stm32cube.ide.mcu.externaltools.gnu-tools-for-stm32.9-2020-q2-update.win32_1.5.0.202011040924/tools/bin/../lib/gcc/arm-none-eabi/9.3.1/../../../../arm-none-eabi/lib/thumb/v7e-m+fp/hard\libm.a(lib_a-k_cos.o)
                0x0000000008005378                __kernel_cos
 *fill*         0x0000000008005504        0x4 
 .text.__kernel_rem_pio2
                0x0000000008005508      0x680 c:/st/stt/stm32cubeide_1.6.1/stm32cubeide/plugins/com.st.stm32cube.ide.mcu.externaltools.gnu-tools-for-stm32.9-2020-q2-update.win32_1.5.0.202011040924/tools/bin/../lib/gcc/arm-none-eabi/9.3.1/../../../../arm-none-eabi/lib/thumb/v7e-m+fp/hard\libm.a(lib_a-k_rem_pio2.o)
                0x0000000008005508                __kernel_rem_pio2
 .text.__kernel_sin
                0x0000000008005b88      0x17c c:/st/stt/stm32cubeide_1.6.1/stm32cubeide/plugins/com.st.stm32cube.ide.mcu.externaltools.gnu-tools-for-stm32.9-2020-q2-update.win32_1.5.0.202011040924/tools/bin/../lib/gcc/arm-none-eabi/9.3.1/../../../../arm-none-eabi/lib/thumb/v7e-m+fp/hard\libm.a(lib_a-k_sin.o)
                0x0000000008005b88                __kernel_sin
 *fill*         0x0000000008005d04        0x4 
 .text.floor    0x0000000008005d08      0x100 c:/st/stt/stm32cubeide_1.6.1/stm32cubeide/plugins/com.st.stm32cube.ide.mcu.externaltools.gnu-tools-for-stm32.9-2020-q2-update.win32_1.5.0.202011040924/tools/bin/../lib/gcc/arm-none-eabi/9.3.1/../../../../arm-none-eabi/lib/thumb/v7e-m+fp/hard\libm.a(lib_a-s_floor.o)
                0x0000000008005d08                floor
 .text.scalbn   0x0000000008005e08      0x10c c:/st/stt/stm32cubeide_1.6.1/stm32cubeide/plugins/com.st.stm32cube.ide.mcu.externaltools.gnu-tools-for-stm32.9-2020-q2-update.win32_1.5.0.202011040924/tools/bin/../lib/gcc/arm-none-eabi/9.3.1/../../../../arm-none-eabi/lib/thumb/v7e-m+fp/hard\libm.a(lib_a-s_scalbn.o)
                0x0000000008005e08                scalbn
 .text.__errno  0x0000000008005f14        0xc c:/st/stt/stm32cubeide_1.6.1/stm32cubeide/plugins/com.st.stm32cube.ide.mcu.externaltools.gnu-tools-for-stm32.9-2020-q2-update.win32_1.5.0.202011040924/tools/bin/../lib/gcc/arm-none-eabi/9.3.1/../../../../arm-none-eabi/lib/thumb/v7e-m+fp/hard\libc_nano.a(lib_a-errno.o)
                0x0000000008005f14                __errno
 .text.__libc_init_array
                0x0000000008005f20       0x48 c:/st/stt/stm32cubeide_1.6.1/stm32cubeide/plugins/com.st.stm32cube.ide.mcu.externaltools.gnu-tools-for-stm32.9-2020-q2-update.win32_1.5.0.202011040924/tools/bin/../lib/gcc/arm-none-eabi/9.3.1/../../../../arm-none-eabi/lib/thumb/v7e-m+fp/hard\libc_nano.a(lib_a-init.o)
                0x0000000008005f20                __libc_init_array
 *(.glue_7)
 .glue_7        0x0000000008005f68        0x0 linker stubs
 *(.glue_7t)
 .glue_7t       0x0000000008005f68        0x0 linker stubs
 *(.eh_frame)
 .eh_frame      0x0000000008005f68        0x0 c:/st/stt/stm32cubeide_1.6.1/stm32cubeide/plugins/com.st.stm32cube.ide.mcu.externaltools.gnu-tools-for-stm32.9-2020-q2-update.win32_1.5.0.202011040924/tools/bin/../lib/gcc/arm-none-eabi/9.3.1/thumb/v7e-m+fp/hard/crtbegin.o
 *(.init)
 .init          0x0000000008005f68        0x4 c:/st/stt/stm32cubeide_1.6.1/stm32cubeide/plugins/com.st.stm32cube.ide.mcu.externaltools.gnu-tools-for-stm32.9-2020-q2-update.win32_1.5.0.202011040924/tools/bin/../lib/gcc/arm-none-eabi/9.3.1/thumb/v7e-m+fp/hard/crti.o
                0x0000000008005f68                _init
 .init          0x0000000008005f6c        0x8 c:/st/stt/stm32cubeide_1.6.1/stm32cubeide/plugins/com.st.stm32cube.ide.mcu.externaltools.gnu-tools-for-stm32.9-2020-q2-update.win32_1.5.0.202011040924/tools/bin/../lib/gcc/arm-none-eabi/9.3.1/thumb/v7e-m+fp/hard/crtn.o
 *(.fini)
 .fini          0x0000000008005f74        0x4 c:/st/stt/stm32cubeide_1.6.1/stm32cubeide/plugins/com.st.stm32cube.ide.mcu.externaltools.gnu-tools-for-stm32.9-2020-q2-update.win32_1.5.0.202011040924/tools/bin/../lib/gcc/arm-none-eabi/9.3.1/thumb/v7e-m+fp/hard/crti.o
                0x0000000008005f74                _fini
 .fini          0x0000000008005f78        0x8 c:/st/stt/stm32cubeide_1.6.1/stm32cubeide/plugins/com.st.stm32cube.ide.mcu.externaltools.gnu-tools-for-stm32.9-2020-q2-update.win32_1.5.0.202011040924/tools/bin/../lib/gcc/arm-none-eabi/9.3.1/thumb/v7e-m+fp/hard/crtn.o
                0x0000000008005f80                . = ALIGN (0x4)
                0x0000000008005f80                _etext = .

.vfp11_veneer   0x0000000008005f80        0x0
 .vfp11_veneer  0x0000000008005f80        0x0 linker stubs

.v4_bx          0x0000000008005f80        0x0
 .v4_bx         0x0000000008005f80        0x0 linker stubs

.iplt           0x0000000008005f80        0x0
 .iplt          0x0000000008005f80        0x0 c:/st/stt/stm32cubeide_1.6.1/stm32cubeide/plugins/com.st.stm32cube.ide.mcu.externaltools.gnu-tools-for-stm32.9-2020-q2-update.win32_1.5.0.202011040924/tools/bin/../lib/gcc/arm-none-eabi/9.3.1/thumb/v7e-m+fp/hard/crtbegin.o

.rodata         0x0000000008005f80      0x250
                0x0000000008005f80                . = ALIGN (0x4)
 *(.rodata)
 *(.rodata*)
 .rodata.AHBPrescTable
                0x0000000008005f80       0x10 Core/Src/system_stm32f3xx.o
                0x0000000008005f80                AHBPrescTable
 .rodata.APBPrescTable
                0x0000000008005f90        0x8 Core/Src/system_stm32f3xx.o
                0x0000000008005f90                APBPrescTable
 .rodata.aPLLMULFactorTable
                0x0000000008005f98       0x10 Drivers/STM32F3xx_HAL_Driver/Src/stm32f3xx_hal_rcc.o
                0x0000000008005f98                aPLLMULFactorTable
 .rodata.aPredivFactorTable
                0x0000000008005fa8       0x10 Drivers/STM32F3xx_HAL_Driver/Src/stm32f3xx_hal_rcc.o
                0x0000000008005fa8                aPredivFactorTable
 .rodata.atanhi
                0x0000000008005fb8       0x20 c:/st/stt/stm32cubeide_1.6.1/stm32cubeide/plugins/com.st.stm32cube.ide.mcu.externaltools.gnu-tools-for-stm32.9-2020-q2-update.win32_1.5.0.202011040924/tools/bin/../lib/gcc/arm-none-eabi/9.3.1/../../../../arm-none-eabi/lib/thumb/v7e-m+fp/hard\libm.a(lib_a-s_atan.o)
 .rodata.atanlo
                0x0000000008005fd8       0x20 c:/st/stt/stm32cubeide_1.6.1/stm32cubeide/plugins/com.st.stm32cube.ide.mcu.externaltools.gnu-tools-for-stm32.9-2020-q2-update.win32_1.5.0.202011040924/tools/bin/../lib/gcc/arm-none-eabi/9.3.1/../../../../arm-none-eabi/lib/thumb/v7e-m+fp/hard\libm.a(lib_a-s_atan.o)
 .rodata.npio2_hw
                0x0000000008005ff8       0x80 c:/st/stt/stm32cubeide_1.6.1/stm32cubeide/plugins/com.st.stm32cube.ide.mcu.externaltools.gnu-tools-for-stm32.9-2020-q2-update.win32_1.5.0.202011040924/tools/bin/../lib/gcc/arm-none-eabi/9.3.1/../../../../arm-none-eabi/lib/thumb/v7e-m+fp/hard\libm.a(lib_a-e_rem_pio2.o)
 .rodata.two_over_pi
                0x0000000008006078      0x108 c:/st/stt/stm32cubeide_1.6.1/stm32cubeide/plugins/com.st.stm32cube.ide.mcu.externaltools.gnu-tools-for-stm32.9-2020-q2-update.win32_1.5.0.202011040924/tools/bin/../lib/gcc/arm-none-eabi/9.3.1/../../../../arm-none-eabi/lib/thumb/v7e-m+fp/hard\libm.a(lib_a-e_rem_pio2.o)
 .rodata.PIo2   0x0000000008006180       0x40 c:/st/stt/stm32cubeide_1.6.1/stm32cubeide/plugins/com.st.stm32cube.ide.mcu.externaltools.gnu-tools-for-stm32.9-2020-q2-update.win32_1.5.0.202011040924/tools/bin/../lib/gcc/arm-none-eabi/9.3.1/../../../../arm-none-eabi/lib/thumb/v7e-m+fp/hard\libm.a(lib_a-k_rem_pio2.o)
 .rodata.init_jk
                0x00000000080061c0       0x10 c:/st/stt/stm32cubeide_1.6.1/stm32cubeide/plugins/com.st.stm32cube.ide.mcu.externaltools.gnu-tools-for-stm32.9-2020-q2-update.win32_1.5.0.202011040924/tools/bin/../lib/gcc/arm-none-eabi/9.3.1/../../../../arm-none-eabi/lib/thumb/v7e-m+fp/hard\libm.a(lib_a-k_rem_pio2.o)
                0x00000000080061d0                . = ALIGN (0x4)

.rel.dyn        0x00000000080061d0        0x0
 .rel.iplt      0x00000000080061d0        0x0 c:/st/stt/stm32cubeide_1.6.1/stm32cubeide/plugins/com.st.stm32cube.ide.mcu.externaltools.gnu-tools-for-stm32.9-2020-q2-update.win32_1.5.0.202011040924/tools/bin/../lib/gcc/arm-none-eabi/9.3.1/thumb/v7e-m+fp/hard/crtbegin.o

.ARM.extab      0x00000000080061d0        0x0
                0x00000000080061d0                . = ALIGN (0x4)
 *(.ARM.extab* .gnu.linkonce.armextab.*)
                0x00000000080061d0                . = ALIGN (0x4)

.ARM            0x00000000080061d0        0x0
                0x00000000080061d0                . = ALIGN (0x4)
                0x00000000080061d0                __exidx_start = .
 *(.ARM.exidx*)
                0x00000000080061d0                __exidx_end = .
                0x00000000080061d0                . = ALIGN (0x4)

.preinit_array  0x00000000080061d0        0x0
                0x00000000080061d0                . = ALIGN (0x4)
                0x00000000080061d0                PROVIDE (__preinit_array_start = .)
 *(.preinit_array*)
                0x00000000080061d0                PROVIDE (__preinit_array_end = .)
                0x00000000080061d0                . = ALIGN (0x4)

.init_array     0x00000000080061d0        0x4
                0x00000000080061d0                . = ALIGN (0x4)
                0x00000000080061d0                PROVIDE (__init_array_start = .)
 *(SORT_BY_NAME(.init_array.*))
 *(.init_array*)
 .init_array    0x00000000080061d0        0x4 c:/st/stt/stm32cubeide_1.6.1/stm32cubeide/plugins/com.st.stm32cube.ide.mcu.externaltools.gnu-tools-for-stm32.9-2020-q2-update.win32_1.5.0.202011040924/tools/bin/../lib/gcc/arm-none-eabi/9.3.1/thumb/v7e-m+fp/hard/crtbegin.o
                0x00000000080061d4                PROVIDE (__init_array_end = .)
                0x00000000080061d4                . = ALIGN (0x4)

.fini_array     0x00000000080061d4        0x4
                0x00000000080061d4                . = ALIGN (0x4)
                [!provide]                        PROVIDE (__fini_array_start = .)
 *(SORT_BY_NAME(.fini_array.*))
 *(.fini_array*)
 .fini_array    0x00000000080061d4        0x4 c:/st/stt/stm32cubeide_1.6.1/stm32cubeide/plugins/com.st.stm32cube.ide.mcu.externaltools.gnu-tools-for-stm32.9-2020-q2-update.win32_1.5.0.202011040924/tools/bin/../lib/gcc/arm-none-eabi/9.3.1/thumb/v7e-m+fp/hard/crtbegin.o
                [!provide]                        PROVIDE (__fini_array_end = .)
                0x00000000080061d8                . = ALIGN (0x4)
                0x00000000080061d8                _sidata = LOADADDR (.data)

.data           0x0000000020000000       0x7c load address 0x00000000080061d8
                0x0000000020000000                . = ALIGN (0x4)
                0x0000000020000000                _sdata = .
 *(.data)
 *(.data*)
 .data.KGyro    0x0000000020000000        0x4 Core/Src/EulerCalculating.o
                0x0000000020000000                KGyro
 .data.Starting
                0x0000000020000004        0x1 Core/Src/EulerCalculating.o
                0x0000000020000004                Starting
 *fill*         0x0000000020000005        0x3 
 .data.SystemCoreClock
                0x0000000020000008        0x4 Core/Src/system_stm32f3xx.o
                0x0000000020000008                SystemCoreClock
 .data.uwTickFreq
                0x000000002000000c        0x1 Drivers/STM32F3xx_HAL_Driver/Src/stm32f3xx_hal.o
                0x000000002000000c                uwTickFreq
 *fill*         0x000000002000000d        0x3 
 .data.uwTickPrio
                0x0000000020000010        0x4 Drivers/STM32F3xx_HAL_Driver/Src/stm32f3xx_hal.o
                0x0000000020000010                uwTickPrio
 .data.__fdlib_version
                0x0000000020000014        0x1 c:/st/stt/stm32cubeide_1.6.1/stm32cubeide/plugins/com.st.stm32cube.ide.mcu.externaltools.gnu-tools-for-stm32.9-2020-q2-update.win32_1.5.0.202011040924/tools/bin/../lib/gcc/arm-none-eabi/9.3.1/../../../../arm-none-eabi/lib/thumb/v7e-m+fp/hard\libm.a(lib_a-s_lib_ver.o)
                0x0000000020000014                __fdlib_version
 *fill*         0x0000000020000015        0x3 
 .data._impure_ptr
                0x0000000020000018        0x4 c:/st/stt/stm32cubeide_1.6.1/stm32cubeide/plugins/com.st.stm32cube.ide.mcu.externaltools.gnu-tools-for-stm32.9-2020-q2-update.win32_1.5.0.202011040924/tools/bin/../lib/gcc/arm-none-eabi/9.3.1/../../../../arm-none-eabi/lib/thumb/v7e-m+fp/hard\libc_nano.a(lib_a-impure.o)
                0x0000000020000018                _impure_ptr
 .data.impure_data
                0x000000002000001c       0x60 c:/st/stt/stm32cubeide_1.6.1/stm32cubeide/plugins/com.st.stm32cube.ide.mcu.externaltools.gnu-tools-for-stm32.9-2020-q2-update.win32_1.5.0.202011040924/tools/bin/../lib/gcc/arm-none-eabi/9.3.1/../../../../arm-none-eabi/lib/thumb/v7e-m+fp/hard\libc_nano.a(lib_a-impure.o)
 *(.RamFunc)
 *(.RamFunc*)
                0x000000002000007c                . = ALIGN (0x4)
                0x000000002000007c                _edata = .

.igot.plt       0x000000002000007c        0x0 load address 0x0000000008006254
 .igot.plt      0x000000002000007c        0x0 c:/st/stt/stm32cubeide_1.6.1/stm32cubeide/plugins/com.st.stm32cube.ide.mcu.externaltools.gnu-tools-for-stm32.9-2020-q2-update.win32_1.5.0.202011040924/tools/bin/../lib/gcc/arm-none-eabi/9.3.1/thumb/v7e-m+fp/hard/crtbegin.o
                0x000000002000007c                . = ALIGN (0x4)

.bss            0x0000000020000080      0x420 load address 0x0000000008006254
                0x0000000020000080                _sbss = .
                0x0000000020000080                __bss_start__ = _sbss
 *(.bss)
 .bss           0x0000000020000080       0x1c c:/st/stt/stm32cubeide_1.6.1/stm32cubeide/plugins/com.st.stm32cube.ide.mcu.externaltools.gnu-tools-for-stm32.9-2020-q2-update.win32_1.5.0.202011040924/tools/bin/../lib/gcc/arm-none-eabi/9.3.1/thumb/v7e-m+fp/hard/crtbegin.o
 *(.bss*)
 *(COMMON)
 COMMON         0x000000002000009c       0x2c Core/Src/EulerCalculating.o
                0x000000002000009c                XNew
                0x00000000200000a0                ZNew
                0x00000000200000a4                AccXFlPrev
                0x00000000200000a8                TiltX
                0x00000000200000ac                TiltYPrev
                0x00000000200000b0                TiltXPrev
                0x00000000200000b4                AccZFlPrev
                0x00000000200000b8                TiltY
                0x00000000200000bc                YNew
                0x00000000200000c0                AccYFlPrev
                0x00000000200000c4                KAcc
 COMMON         0x00000000200000c8        0x1 Core/Src/can.o
                0x00000000200000c8                j
 *fill*         0x00000000200000c9        0x1 
 COMMON         0x00000000200000ca        0x4 Core/Src/led.o
                0x00000000200000ca                LedStateMachine
                0x00000000200000cb                CntFlashes
                0x00000000200000cc                CntLed
 *fill*         0x00000000200000ce        0x2 
 COMMON         0x00000000200000d0      0x35c Core/Src/main.o
                0x00000000200000d0                SummGyroY
                0x00000000200000d4                CalibrateCnt
                0x00000000200000d8                AccYfl
                0x00000000200000dc                AccY
                0x00000000200000de                Temperature
                0x00000000200000e0                GyroX
                0x00000000200000e4                AccXfl
                0x00000000200000e8                hcan
                0x0000000020000110                AccYZero
                0x0000000020000114                SummAccX
                0x0000000020000118                SummAccY
                0x000000002000011c                AccZfl
                0x0000000020000120                SummGyroX
                0x0000000020000124                Calibrate
                0x0000000020000126                GyroZZero
                0x0000000020000128                GyroYZero
                0x000000002000012c                UART2TransmittArray
                0x00000000200001f4                TimestampCounter
                0x00000000200001f8                ThisAddr
                0x00000000200001fa                AccZ
                0x00000000200001fc                CalibratingStateMachine
                0x0000000020000200                Timestamp
                0x0000000020000204                AccZZero
                0x0000000020000206                MPU6500Initialized
                0x0000000020000207                MPU9250PacketReady
                0x0000000020000208                SummGyroZ
                0x000000002000020c                htim6
                0x0000000020000258                GyroY
                0x000000002000025a                CntSPI
                0x000000002000025c                GyroXZero
                0x000000002000025e                AccX
                0x0000000020000260                PacketRec
                0x00000000200002c4                GyroXfl
                0x00000000200002c8                AccXZero
                0x00000000200002cc                hspi1
                0x0000000020000330                SPI1ReceiveArray
                0x0000000020000394                hdma_spi1_rx
                0x00000000200003d8                GyroYfl
                0x00000000200003dc                hdma_spi1_tx
                0x0000000020000420                GyroZfl
                0x0000000020000424                GyroZ
                0x0000000020000428                SummAccZ
 COMMON         0x000000002000042c       0x4c Core/Src/stm32f3xx_hal_timebase_tim.o
                0x000000002000042c                htim7
 COMMON         0x0000000020000478        0x4 Drivers/STM32F3xx_HAL_Driver/Src/stm32f3xx_hal.o
                0x0000000020000478                uwTick
 *fill*         0x000000002000047c        0x4 
 COMMON         0x0000000020000480       0x20 Drivers/STM32F3xx_HAL_Driver/Src/stm32f3xx_hal_flash.o
                0x0000000020000480                pFlash
                0x00000000200004a0                . = ALIGN (0x4)
                0x00000000200004a0                _ebss = .
                0x00000000200004a0                __bss_end__ = _ebss

._user_heap_stack
                0x00000000200004a0      0x600 load address 0x0000000008006254
                0x00000000200004a0                . = ALIGN (0x8)
                [!provide]                        PROVIDE (end = .)
                0x00000000200004a0                PROVIDE (_end = .)
                0x00000000200006a0                . = (. + _Min_Heap_Size)
 *fill*         0x00000000200004a0      0x200 
                0x0000000020000aa0                . = (. + _Min_Stack_Size)
 *fill*         0x00000000200006a0      0x400 
                0x0000000020000aa0                . = ALIGN (0x8)

/DISCARD/
 libc.a(*)
 libm.a(*)
 libgcc.a(*)

.ARM.attributes
                0x0000000000000000       0x30
 *(.ARM.attributes)
 .ARM.attributes
                0x0000000000000000       0x1e c:/st/stt/stm32cubeide_1.6.1/stm32cubeide/plugins/com.st.stm32cube.ide.mcu.externaltools.gnu-tools-for-stm32.9-2020-q2-update.win32_1.5.0.202011040924/tools/bin/../lib/gcc/arm-none-eabi/9.3.1/thumb/v7e-m+fp/hard/crti.o
 .ARM.attributes
                0x000000000000001e       0x34 c:/st/stt/stm32cubeide_1.6.1/stm32cubeide/plugins/com.st.stm32cube.ide.mcu.externaltools.gnu-tools-for-stm32.9-2020-q2-update.win32_1.5.0.202011040924/tools/bin/../lib/gcc/arm-none-eabi/9.3.1/thumb/v7e-m+fp/hard/crtbegin.o
 .ARM.attributes
                0x0000000000000052       0x34 Core/Src/EulerCalculating.o
 .ARM.attributes
                0x0000000000000086       0x34 Core/Src/can.o
 .ARM.attributes
                0x00000000000000ba       0x34 Core/Src/flash.o
 .ARM.attributes
                0x00000000000000ee       0x34 Core/Src/led.o
 .ARM.attributes
                0x0000000000000122       0x34 Core/Src/main.o
 .ARM.attributes
                0x0000000000000156       0x34 Core/Src/stm32f3xx_hal_msp.o
 .ARM.attributes
                0x000000000000018a       0x34 Core/Src/stm32f3xx_hal_timebase_tim.o
 .ARM.attributes
                0x00000000000001be       0x34 Core/Src/stm32f3xx_it.o
 .ARM.attributes
                0x00000000000001f2       0x34 Core/Src/system_stm32f3xx.o
 .ARM.attributes
                0x0000000000000226       0x21 Core/Startup/startup_stm32f303c6tx.o
 .ARM.attributes
                0x0000000000000247       0x34 Drivers/STM32F3xx_HAL_Driver/Src/stm32f3xx_hal.o
 .ARM.attributes
                0x000000000000027b       0x34 Drivers/STM32F3xx_HAL_Driver/Src/stm32f3xx_hal_can.o
 .ARM.attributes
                0x00000000000002af       0x34 Drivers/STM32F3xx_HAL_Driver/Src/stm32f3xx_hal_cortex.o
 .ARM.attributes
                0x00000000000002e3       0x34 Drivers/STM32F3xx_HAL_Driver/Src/stm32f3xx_hal_dma.o
 .ARM.attributes
                0x0000000000000317       0x34 Drivers/STM32F3xx_HAL_Driver/Src/stm32f3xx_hal_flash.o
 .ARM.attributes
                0x000000000000034b       0x34 Drivers/STM32F3xx_HAL_Driver/Src/stm32f3xx_hal_flash_ex.o
 .ARM.attributes
                0x000000000000037f       0x34 Drivers/STM32F3xx_HAL_Driver/Src/stm32f3xx_hal_gpio.o
 .ARM.attributes
                0x00000000000003b3       0x34 Drivers/STM32F3xx_HAL_Driver/Src/stm32f3xx_hal_rcc.o
 .ARM.attributes
                0x00000000000003e7       0x34 Drivers/STM32F3xx_HAL_Driver/Src/stm32f3xx_hal_spi.o
 .ARM.attributes
                0x000000000000041b       0x34 Drivers/STM32F3xx_HAL_Driver/Src/stm32f3xx_hal_tim.o
 .ARM.attributes
                0x000000000000044f       0x34 Drivers/STM32F3xx_HAL_Driver/Src/stm32f3xx_hal_tim_ex.o
 .ARM.attributes
                0x0000000000000483       0x34 c:/st/stt/stm32cubeide_1.6.1/stm32cubeide/plugins/com.st.stm32cube.ide.mcu.externaltools.gnu-tools-for-stm32.9-2020-q2-update.win32_1.5.0.202011040924/tools/bin/../lib/gcc/arm-none-eabi/9.3.1/../../../../arm-none-eabi/lib/thumb/v7e-m+fp/hard\libm.a(lib_a-s_atan.o)
 .ARM.attributes
                0x00000000000004b7       0x34 c:/st/stt/stm32cubeide_1.6.1/stm32cubeide/plugins/com.st.stm32cube.ide.mcu.externaltools.gnu-tools-for-stm32.9-2020-q2-update.win32_1.5.0.202011040924/tools/bin/../lib/gcc/arm-none-eabi/9.3.1/../../../../arm-none-eabi/lib/thumb/v7e-m+fp/hard\libm.a(lib_a-s_cos.o)
 .ARM.attributes
                0x00000000000004eb       0x34 c:/st/stt/stm32cubeide_1.6.1/stm32cubeide/plugins/com.st.stm32cube.ide.mcu.externaltools.gnu-tools-for-stm32.9-2020-q2-update.win32_1.5.0.202011040924/tools/bin/../lib/gcc/arm-none-eabi/9.3.1/../../../../arm-none-eabi/lib/thumb/v7e-m+fp/hard\libm.a(lib_a-s_fabs.o)
 .ARM.attributes
                0x000000000000051f       0x34 c:/st/stt/stm32cubeide_1.6.1/stm32cubeide/plugins/com.st.stm32cube.ide.mcu.externaltools.gnu-tools-for-stm32.9-2020-q2-update.win32_1.5.0.202011040924/tools/bin/../lib/gcc/arm-none-eabi/9.3.1/../../../../arm-none-eabi/lib/thumb/v7e-m+fp/hard\libm.a(lib_a-s_sin.o)
 .ARM.attributes
                0x0000000000000553       0x34 c:/st/stt/stm32cubeide_1.6.1/stm32cubeide/plugins/com.st.stm32cube.ide.mcu.externaltools.gnu-tools-for-stm32.9-2020-q2-update.win32_1.5.0.202011040924/tools/bin/../lib/gcc/arm-none-eabi/9.3.1/../../../../arm-none-eabi/lib/thumb/v7e-m+fp/hard\libm.a(lib_a-w_sqrt.o)
 .ARM.attributes
                0x0000000000000587       0x34 c:/st/stt/stm32cubeide_1.6.1/stm32cubeide/plugins/com.st.stm32cube.ide.mcu.externaltools.gnu-tools-for-stm32.9-2020-q2-update.win32_1.5.0.202011040924/tools/bin/../lib/gcc/arm-none-eabi/9.3.1/../../../../arm-none-eabi/lib/thumb/v7e-m+fp/hard\libm.a(lib_a-e_rem_pio2.o)
 .ARM.attributes
                0x00000000000005bb       0x34 c:/st/stt/stm32cubeide_1.6.1/stm32cubeide/plugins/com.st.stm32cube.ide.mcu.externaltools.gnu-tools-for-stm32.9-2020-q2-update.win32_1.5.0.202011040924/tools/bin/../lib/gcc/arm-none-eabi/9.3.1/../../../../arm-none-eabi/lib/thumb/v7e-m+fp/hard\libm.a(lib_a-e_sqrt.o)
 .ARM.attributes
                0x00000000000005ef       0x34 c:/st/stt/stm32cubeide_1.6.1/stm32cubeide/plugins/com.st.stm32cube.ide.mcu.externaltools.gnu-tools-for-stm32.9-2020-q2-update.win32_1.5.0.202011040924/tools/bin/../lib/gcc/arm-none-eabi/9.3.1/../../../../arm-none-eabi/lib/thumb/v7e-m+fp/hard\libm.a(lib_a-k_cos.o)
 .ARM.attributes
                0x0000000000000623       0x34 c:/st/stt/stm32cubeide_1.6.1/stm32cubeide/plugins/com.st.stm32cube.ide.mcu.externaltools.gnu-tools-for-stm32.9-2020-q2-update.win32_1.5.0.202011040924/tools/bin/../lib/gcc/arm-none-eabi/9.3.1/../../../../arm-none-eabi/lib/thumb/v7e-m+fp/hard\libm.a(lib_a-k_rem_pio2.o)
 .ARM.attributes
                0x0000000000000657       0x34 c:/st/stt/stm32cubeide_1.6.1/stm32cubeide/plugins/com.st.stm32cube.ide.mcu.externaltools.gnu-tools-for-stm32.9-2020-q2-update.win32_1.5.0.202011040924/tools/bin/../lib/gcc/arm-none-eabi/9.3.1/../../../../arm-none-eabi/lib/thumb/v7e-m+fp/hard\libm.a(lib_a-k_sin.o)
 .ARM.attributes
                0x000000000000068b       0x34 c:/st/stt/stm32cubeide_1.6.1/stm32cubeide/plugins/com.st.stm32cube.ide.mcu.externaltools.gnu-tools-for-stm32.9-2020-q2-update.win32_1.5.0.202011040924/tools/bin/../lib/gcc/arm-none-eabi/9.3.1/../../../../arm-none-eabi/lib/thumb/v7e-m+fp/hard\libm.a(lib_a-s_floor.o)
 .ARM.attributes
                0x00000000000006bf       0x32 c:/st/stt/stm32cubeide_1.6.1/stm32cubeide/plugins/com.st.stm32cube.ide.mcu.externaltools.gnu-tools-for-stm32.9-2020-q2-update.win32_1.5.0.202011040924/tools/bin/../lib/gcc/arm-none-eabi/9.3.1/../../../../arm-none-eabi/lib/thumb/v7e-m+fp/hard\libm.a(lib_a-s_lib_ver.o)
 .ARM.attributes
                0x00000000000006f1       0x34 c:/st/stt/stm32cubeide_1.6.1/stm32cubeide/plugins/com.st.stm32cube.ide.mcu.externaltools.gnu-tools-for-stm32.9-2020-q2-update.win32_1.5.0.202011040924/tools/bin/../lib/gcc/arm-none-eabi/9.3.1/../../../../arm-none-eabi/lib/thumb/v7e-m+fp/hard\libm.a(lib_a-s_scalbn.o)
 .ARM.attributes
                0x0000000000000725       0x34 c:/st/stt/stm32cubeide_1.6.1/stm32cubeide/plugins/com.st.stm32cube.ide.mcu.externaltools.gnu-tools-for-stm32.9-2020-q2-update.win32_1.5.0.202011040924/tools/bin/../lib/gcc/arm-none-eabi/9.3.1/../../../../arm-none-eabi/lib/thumb/v7e-m+fp/hard\libc_nano.a(lib_a-errno.o)
 .ARM.attributes
                0x0000000000000759       0x32 c:/st/stt/stm32cubeide_1.6.1/stm32cubeide/plugins/com.st.stm32cube.ide.mcu.externaltools.gnu-tools-for-stm32.9-2020-q2-update.win32_1.5.0.202011040924/tools/bin/../lib/gcc/arm-none-eabi/9.3.1/../../../../arm-none-eabi/lib/thumb/v7e-m+fp/hard\libc_nano.a(lib_a-impure.o)
 .ARM.attributes
                0x000000000000078b       0x34 c:/st/stt/stm32cubeide_1.6.1/stm32cubeide/plugins/com.st.stm32cube.ide.mcu.externaltools.gnu-tools-for-stm32.9-2020-q2-update.win32_1.5.0.202011040924/tools/bin/../lib/gcc/arm-none-eabi/9.3.1/../../../../arm-none-eabi/lib/thumb/v7e-m+fp/hard\libc_nano.a(lib_a-init.o)
 .ARM.attributes
                0x00000000000007bf       0x1e c:/st/stt/stm32cubeide_1.6.1/stm32cubeide/plugins/com.st.stm32cube.ide.mcu.externaltools.gnu-tools-for-stm32.9-2020-q2-update.win32_1.5.0.202011040924/tools/bin/../lib/gcc/arm-none-eabi/9.3.1/thumb/v7e-m+fp/hard\libgcc.a(_arm_addsubdf3.o)
 .ARM.attributes
                0x00000000000007dd       0x1e c:/st/stt/stm32cubeide_1.6.1/stm32cubeide/plugins/com.st.stm32cube.ide.mcu.externaltools.gnu-tools-for-stm32.9-2020-q2-update.win32_1.5.0.202011040924/tools/bin/../lib/gcc/arm-none-eabi/9.3.1/thumb/v7e-m+fp/hard\libgcc.a(_arm_muldivdf3.o)
 .ARM.attributes
                0x00000000000007fb       0x1e c:/st/stt/stm32cubeide_1.6.1/stm32cubeide/plugins/com.st.stm32cube.ide.mcu.externaltools.gnu-tools-for-stm32.9-2020-q2-update.win32_1.5.0.202011040924/tools/bin/../lib/gcc/arm-none-eabi/9.3.1/thumb/v7e-m+fp/hard\libgcc.a(_arm_cmpdf2.o)
 .ARM.attributes
                0x0000000000000819       0x1e c:/st/stt/stm32cubeide_1.6.1/stm32cubeide/plugins/com.st.stm32cube.ide.mcu.externaltools.gnu-tools-for-stm32.9-2020-q2-update.win32_1.5.0.202011040924/tools/bin/../lib/gcc/arm-none-eabi/9.3.1/thumb/v7e-m+fp/hard\libgcc.a(_arm_unorddf2.o)
 .ARM.attributes
                0x0000000000000837       0x1e c:/st/stt/stm32cubeide_1.6.1/stm32cubeide/plugins/com.st.stm32cube.ide.mcu.externaltools.gnu-tools-for-stm32.9-2020-q2-update.win32_1.5.0.202011040924/tools/bin/../lib/gcc/arm-none-eabi/9.3.1/thumb/v7e-m+fp/hard\libgcc.a(_arm_fixdfsi.o)
 .ARM.attributes
                0x0000000000000855       0x1e c:/st/stt/stm32cubeide_1.6.1/stm32cubeide/plugins/com.st.stm32cube.ide.mcu.externaltools.gnu-tools-for-stm32.9-2020-q2-update.win32_1.5.0.202011040924/tools/bin/../lib/gcc/arm-none-eabi/9.3.1/thumb/v7e-m+fp/hard\libgcc.a(_arm_truncdfsf2.o)
 .ARM.attributes
                0x0000000000000873       0x1e c:/st/stt/stm32cubeide_1.6.1/stm32cubeide/plugins/com.st.stm32cube.ide.mcu.externaltools.gnu-tools-for-stm32.9-2020-q2-update.win32_1.5.0.202011040924/tools/bin/../lib/gcc/arm-none-eabi/9.3.1/thumb/v7e-m+fp/hard/crtn.o
OUTPUT(TiltSensorF3.elf elf32-littlearm)
LOAD linker stubs
LOAD c:/st/stt/stm32cubeide_1.6.1/stm32cubeide/plugins/com.st.stm32cube.ide.mcu.externaltools.gnu-tools-for-stm32.9-2020-q2-update.win32_1.5.0.202011040924/tools/bin/../lib/gcc/arm-none-eabi/9.3.1/../../../../arm-none-eabi/lib/thumb/v7e-m+fp/hard\libc.a
LOAD c:/st/stt/stm32cubeide_1.6.1/stm32cubeide/plugins/com.st.stm32cube.ide.mcu.externaltools.gnu-tools-for-stm32.9-2020-q2-update.win32_1.5.0.202011040924/tools/bin/../lib/gcc/arm-none-eabi/9.3.1/../../../../arm-none-eabi/lib/thumb/v7e-m+fp/hard\libm.a
LOAD c:/st/stt/stm32cubeide_1.6.1/stm32cubeide/plugins/com.st.stm32cube.ide.mcu.externaltools.gnu-tools-for-stm32.9-2020-q2-update.win32_1.5.0.202011040924/tools/bin/../lib/gcc/arm-none-eabi/9.3.1/thumb/v7e-m+fp/hard\libgcc.a

.debug_info     0x0000000000000000    0x15cee
 .debug_info    0x0000000000000000      0xe56 Core/Src/EulerCalculating.o
 .debug_info    0x0000000000000e56      0xcc7 Core/Src/can.o
 .debug_info    0x0000000000001b1d      0x4c1 Core/Src/flash.o
 .debug_info    0x0000000000001fde      0x4b9 Core/Src/led.o
 .debug_info    0x0000000000002497     0x2053 Core/Src/main.o
 .debug_info    0x00000000000044ea     0x168a Core/Src/stm32f3xx_hal_msp.o
 .debug_info    0x0000000000005b74      0xb7e Core/Src/stm32f3xx_hal_timebase_tim.o
 .debug_info    0x00000000000066f2     0x10e2 Core/Src/stm32f3xx_it.o
 .debug_info    0x00000000000077d4      0x4ae Core/Src/system_stm32f3xx.o
 .debug_info    0x0000000000007c82       0x22 Core/Startup/startup_stm32f303c6tx.o
 .debug_info    0x0000000000007ca4      0x87e Drivers/STM32F3xx_HAL_Driver/Src/stm32f3xx_hal.o
 .debug_info    0x0000000000008522     0x1333 Drivers/STM32F3xx_HAL_Driver/Src/stm32f3xx_hal_can.o
 .debug_info    0x0000000000009855      0xe4e Drivers/STM32F3xx_HAL_Driver/Src/stm32f3xx_hal_cortex.o
 .debug_info    0x000000000000a6a3      0x972 Drivers/STM32F3xx_HAL_Driver/Src/stm32f3xx_hal_dma.o
 .debug_info    0x000000000000b015      0x76d Drivers/STM32F3xx_HAL_Driver/Src/stm32f3xx_hal_flash.o
 .debug_info    0x000000000000b782      0xb91 Drivers/STM32F3xx_HAL_Driver/Src/stm32f3xx_hal_flash_ex.o
 .debug_info    0x000000000000c313      0x877 Drivers/STM32F3xx_HAL_Driver/Src/stm32f3xx_hal_gpio.o
 .debug_info    0x000000000000cb8a     0x1696 Drivers/STM32F3xx_HAL_Driver/Src/stm32f3xx_hal_rcc.o
 .debug_info    0x000000000000e220     0x2221 Drivers/STM32F3xx_HAL_Driver/Src/stm32f3xx_hal_spi.o
 .debug_info    0x0000000000010441     0x3d24 Drivers/STM32F3xx_HAL_Driver/Src/stm32f3xx_hal_tim.o
 .debug_info    0x0000000000014165     0x1b89 Drivers/STM32F3xx_HAL_Driver/Src/stm32f3xx_hal_tim_ex.o

.debug_abbrev   0x0000000000000000     0x2e60
 .debug_abbrev  0x0000000000000000      0x26b Core/Src/EulerCalculating.o
 .debug_abbrev  0x000000000000026b      0x266 Core/Src/can.o
 .debug_abbrev  0x00000000000004d1      0x150 Core/Src/flash.o
 .debug_abbrev  0x0000000000000621      0x153 Core/Src/led.o
 .debug_abbrev  0x0000000000000774      0x336 Core/Src/main.o
 .debug_abbrev  0x0000000000000aaa      0x278 Core/Src/stm32f3xx_hal_msp.o
 .debug_abbrev  0x0000000000000d22      0x21c Core/Src/stm32f3xx_hal_timebase_tim.o
 .debug_abbrev  0x0000000000000f3e      0x1f4 Core/Src/stm32f3xx_it.o
 .debug_abbrev  0x0000000000001132      0x14b Core/Src/system_stm32f3xx.o
 .debug_abbrev  0x000000000000127d       0x12 Core/Startup/startup_stm32f303c6tx.o
 .debug_abbrev  0x000000000000128f      0x21c Drivers/STM32F3xx_HAL_Driver/Src/stm32f3xx_hal.o
 .debug_abbrev  0x00000000000014ab      0x266 Drivers/STM32F3xx_HAL_Driver/Src/stm32f3xx_hal_can.o
 .debug_abbrev  0x0000000000001711      0x36a Drivers/STM32F3xx_HAL_Driver/Src/stm32f3xx_hal_cortex.o
 .debug_abbrev  0x0000000000001a7b      0x254 Drivers/STM32F3xx_HAL_Driver/Src/stm32f3xx_hal_dma.o
 .debug_abbrev  0x0000000000001ccf      0x26f Drivers/STM32F3xx_HAL_Driver/Src/stm32f3xx_hal_flash.o
 .debug_abbrev  0x0000000000001f3e      0x2da Drivers/STM32F3xx_HAL_Driver/Src/stm32f3xx_hal_flash_ex.o
 .debug_abbrev  0x0000000000002218      0x216 Drivers/STM32F3xx_HAL_Driver/Src/stm32f3xx_hal_gpio.o
 .debug_abbrev  0x000000000000242e      0x2fc Drivers/STM32F3xx_HAL_Driver/Src/stm32f3xx_hal_rcc.o
 .debug_abbrev  0x000000000000272a      0x26a Drivers/STM32F3xx_HAL_Driver/Src/stm32f3xx_hal_spi.o
 .debug_abbrev  0x0000000000002994      0x25b Drivers/STM32F3xx_HAL_Driver/Src/stm32f3xx_hal_tim.o
 .debug_abbrev  0x0000000000002bef      0x271 Drivers/STM32F3xx_HAL_Driver/Src/stm32f3xx_hal_tim_ex.o

.debug_loc      0x0000000000000000     0xcd6c
 .debug_loc     0x0000000000000000      0x1fd Core/Src/EulerCalculating.o
 .debug_loc     0x00000000000001fd       0xcb Core/Src/can.o
 .debug_loc     0x00000000000002c8       0xb2 Core/Src/flash.o
 .debug_loc     0x000000000000037a      0x112 Core/Src/main.o
 .debug_loc     0x000000000000048c      0x15c Core/Src/stm32f3xx_hal_msp.o
 .debug_loc     0x00000000000005e8       0x89 Core/Src/stm32f3xx_hal_timebase_tim.o
 .debug_loc     0x0000000000000671      0x123 Core/Src/system_stm32f3xx.o
 .debug_loc     0x0000000000000794      0x141 Drivers/STM32F3xx_HAL_Driver/Src/stm32f3xx_hal.o
 .debug_loc     0x00000000000008d5      0xda6 Drivers/STM32F3xx_HAL_Driver/Src/stm32f3xx_hal_can.o
 .debug_loc     0x000000000000167b      0x71f Drivers/STM32F3xx_HAL_Driver/Src/stm32f3xx_hal_cortex.o
 .debug_loc     0x0000000000001d9a      0x7f8 Drivers/STM32F3xx_HAL_Driver/Src/stm32f3xx_hal_dma.o
 .debug_loc     0x0000000000002592      0x393 Drivers/STM32F3xx_HAL_Driver/Src/stm32f3xx_hal_flash.o
 .debug_loc     0x0000000000002925      0x770 Drivers/STM32F3xx_HAL_Driver/Src/stm32f3xx_hal_flash_ex.o
 .debug_loc     0x0000000000003095      0x33a Drivers/STM32F3xx_HAL_Driver/Src/stm32f3xx_hal_gpio.o
 .debug_loc     0x00000000000033cf      0xe00 Drivers/STM32F3xx_HAL_Driver/Src/stm32f3xx_hal_rcc.o
 .debug_loc     0x00000000000041cf     0x2046 Drivers/STM32F3xx_HAL_Driver/Src/stm32f3xx_hal_spi.o
 .debug_loc     0x0000000000006215     0x4c99 Drivers/STM32F3xx_HAL_Driver/Src/stm32f3xx_hal_tim.o
 .debug_loc     0x000000000000aeae     0x1ebe Drivers/STM32F3xx_HAL_Driver/Src/stm32f3xx_hal_tim_ex.o

.debug_aranges  0x0000000000000000      0xf08
 .debug_aranges
                0x0000000000000000       0x20 Core/Src/EulerCalculating.o
 .debug_aranges
                0x0000000000000020       0x38 Core/Src/can.o
 .debug_aranges
                0x0000000000000058       0x28 Core/Src/flash.o
 .debug_aranges
                0x0000000000000080       0x20 Core/Src/led.o
 .debug_aranges
                0x00000000000000a0       0x98 Core/Src/main.o
 .debug_aranges
                0x0000000000000138       0x50 Core/Src/stm32f3xx_hal_msp.o
 .debug_aranges
                0x0000000000000188       0x30 Core/Src/stm32f3xx_hal_timebase_tim.o
 .debug_aranges
                0x00000000000001b8       0xa0 Core/Src/stm32f3xx_it.o
 .debug_aranges
                0x0000000000000258       0x28 Core/Src/system_stm32f3xx.o
 .debug_aranges
                0x0000000000000280       0x28 Core/Startup/startup_stm32f303c6tx.o
 .debug_aranges
                0x00000000000002a8       0xe0 Drivers/STM32F3xx_HAL_Driver/Src/stm32f3xx_hal.o
 .debug_aranges
                0x0000000000000388      0x138 Drivers/STM32F3xx_HAL_Driver/Src/stm32f3xx_hal_can.o
 .debug_aranges
                0x00000000000004c0       0x90 Drivers/STM32F3xx_HAL_Driver/Src/stm32f3xx_hal_cortex.o
 .debug_aranges
                0x0000000000000550       0x88 Drivers/STM32F3xx_HAL_Driver/Src/stm32f3xx_hal_dma.o
 .debug_aranges
                0x00000000000005d8       0x88 Drivers/STM32F3xx_HAL_Driver/Src/stm32f3xx_hal_flash.o
 .debug_aranges
                0x0000000000000660       0x98 Drivers/STM32F3xx_HAL_Driver/Src/stm32f3xx_hal_flash_ex.o
 .debug_aranges
                0x00000000000006f8       0x58 Drivers/STM32F3xx_HAL_Driver/Src/stm32f3xx_hal_gpio.o
 .debug_aranges
                0x0000000000000750       0x88 Drivers/STM32F3xx_HAL_Driver/Src/stm32f3xx_hal_rcc.o
 .debug_aranges
                0x00000000000007d8      0x1d8 Drivers/STM32F3xx_HAL_Driver/Src/stm32f3xx_hal_spi.o
 .debug_aranges
                0x00000000000009b0      0x3e0 Drivers/STM32F3xx_HAL_Driver/Src/stm32f3xx_hal_tim.o
 .debug_aranges
                0x0000000000000d90      0x178 Drivers/STM32F3xx_HAL_Driver/Src/stm32f3xx_hal_tim_ex.o

.debug_ranges   0x0000000000000000      0xe40
 .debug_ranges  0x0000000000000000       0x10 Core/Src/EulerCalculating.o
 .debug_ranges  0x0000000000000010       0x28 Core/Src/can.o
 .debug_ranges  0x0000000000000038       0x18 Core/Src/flash.o
 .debug_ranges  0x0000000000000050       0x10 Core/Src/led.o
 .debug_ranges  0x0000000000000060       0x88 Core/Src/main.o
 .debug_ranges  0x00000000000000e8       0x40 Core/Src/stm32f3xx_hal_msp.o
 .debug_ranges  0x0000000000000128       0x20 Core/Src/stm32f3xx_hal_timebase_tim.o
 .debug_ranges  0x0000000000000148       0x90 Core/Src/stm32f3xx_it.o
 .debug_ranges  0x00000000000001d8       0x18 Core/Src/system_stm32f3xx.o
 .debug_ranges  0x00000000000001f0       0x20 Core/Startup/startup_stm32f303c6tx.o
 .debug_ranges  0x0000000000000210       0xd0 Drivers/STM32F3xx_HAL_Driver/Src/stm32f3xx_hal.o
 .debug_ranges  0x00000000000002e0      0x128 Drivers/STM32F3xx_HAL_Driver/Src/stm32f3xx_hal_can.o
 .debug_ranges  0x0000000000000408       0xe0 Drivers/STM32F3xx_HAL_Driver/Src/stm32f3xx_hal_cortex.o
 .debug_ranges  0x00000000000004e8       0x78 Drivers/STM32F3xx_HAL_Driver/Src/stm32f3xx_hal_dma.o
 .debug_ranges  0x0000000000000560       0x78 Drivers/STM32F3xx_HAL_Driver/Src/stm32f3xx_hal_flash.o
 .debug_ranges  0x00000000000005d8       0x88 Drivers/STM32F3xx_HAL_Driver/Src/stm32f3xx_hal_flash_ex.o
 .debug_ranges  0x0000000000000660       0x48 Drivers/STM32F3xx_HAL_Driver/Src/stm32f3xx_hal_gpio.o
 .debug_ranges  0x00000000000006a8       0x98 Drivers/STM32F3xx_HAL_Driver/Src/stm32f3xx_hal_rcc.o
 .debug_ranges  0x0000000000000740      0x1c8 Drivers/STM32F3xx_HAL_Driver/Src/stm32f3xx_hal_spi.o
 .debug_ranges  0x0000000000000908      0x3d0 Drivers/STM32F3xx_HAL_Driver/Src/stm32f3xx_hal_tim.o
 .debug_ranges  0x0000000000000cd8      0x168 Drivers/STM32F3xx_HAL_Driver/Src/stm32f3xx_hal_tim_ex.o

.debug_macro    0x0000000000000000    0x1c1f6
 .debug_macro   0x0000000000000000      0x28b Core/Src/EulerCalculating.o
 .debug_macro   0x000000000000028b      0xaa8 Core/Src/EulerCalculating.o
 .debug_macro   0x0000000000000d33      0x15d Core/Src/EulerCalculating.o
 .debug_macro   0x0000000000000e90       0x2e Core/Src/EulerCalculating.o
 .debug_macro   0x0000000000000ebe       0x28 Core/Src/EulerCalculating.o
 .debug_macro   0x0000000000000ee6       0x22 Core/Src/EulerCalculating.o
 .debug_macro   0x0000000000000f08       0x8e Core/Src/EulerCalculating.o
 .debug_macro   0x0000000000000f96       0x51 Core/Src/EulerCalculating.o
 .debug_macro   0x0000000000000fe7      0x103 Core/Src/EulerCalculating.o
 .debug_macro   0x00000000000010ea       0x6a Core/Src/EulerCalculating.o
 .debug_macro   0x0000000000001154      0x1df Core/Src/EulerCalculating.o
 .debug_macro   0x0000000000001333       0x1c Core/Src/EulerCalculating.o
 .debug_macro   0x000000000000134f       0x22 Core/Src/EulerCalculating.o
 .debug_macro   0x0000000000001371       0xdf Core/Src/EulerCalculating.o
 .debug_macro   0x0000000000001450      0xf07 Core/Src/EulerCalculating.o
 .debug_macro   0x0000000000002357    0x10bd9 Core/Src/EulerCalculating.o
 .debug_macro   0x0000000000012f30       0x43 Core/Src/EulerCalculating.o
 .debug_macro   0x0000000000012f73     0x35e9 Core/Src/EulerCalculating.o
 .debug_macro   0x000000000001655c      0x174 Core/Src/EulerCalculating.o
 .debug_macro   0x00000000000166d0       0x55 Core/Src/EulerCalculating.o
 .debug_macro   0x0000000000016725      0x8f9 Core/Src/EulerCalculating.o
 .debug_macro   0x000000000001701e      0x304 Core/Src/EulerCalculating.o
 .debug_macro   0x0000000000017322      0x12f Core/Src/EulerCalculating.o
 .debug_macro   0x0000000000017451      0x11b Core/Src/EulerCalculating.o
 .debug_macro   0x000000000001756c      0x1d5 Core/Src/EulerCalculating.o
 .debug_macro   0x0000000000017741      0x1bc Core/Src/EulerCalculating.o
 .debug_macro   0x00000000000178fd       0x34 Core/Src/EulerCalculating.o
 .debug_macro   0x0000000000017931       0x3c Core/Src/EulerCalculating.o
 .debug_macro   0x000000000001796d       0x57 Core/Src/EulerCalculating.o
 .debug_macro   0x00000000000179c4      0x408 Core/Src/EulerCalculating.o
 .debug_macro   0x0000000000017dcc       0xc5 Core/Src/EulerCalculating.o
 .debug_macro   0x0000000000017e91      0x19f Core/Src/EulerCalculating.o
 .debug_macro   0x0000000000018030      0x22c Core/Src/EulerCalculating.o
 .debug_macro   0x000000000001825c       0x5b Core/Src/EulerCalculating.o
 .debug_macro   0x00000000000182b7       0xa5 Core/Src/EulerCalculating.o
 .debug_macro   0x000000000001835c       0x81 Core/Src/EulerCalculating.o
 .debug_macro   0x00000000000183dd       0xd3 Core/Src/EulerCalculating.o
 .debug_macro   0x00000000000184b0      0x2fe Core/Src/EulerCalculating.o
 .debug_macro   0x00000000000187ae      0xa3d Core/Src/EulerCalculating.o
 .debug_macro   0x00000000000191eb       0x59 Core/Src/EulerCalculating.o
 .debug_macro   0x0000000000019244      0x285 Core/Src/EulerCalculating.o
 .debug_macro   0x00000000000194c9      0x141 Core/Src/EulerCalculating.o
 .debug_macro   0x000000000001960a       0x52 Core/Src/EulerCalculating.o
 .debug_macro   0x000000000001965c       0x18 Core/Src/EulerCalculating.o
 .debug_macro   0x0000000000019674       0x3c Core/Src/EulerCalculating.o
 .debug_macro   0x00000000000196b0       0x34 Core/Src/EulerCalculating.o
 .debug_macro   0x00000000000196e4       0x16 Core/Src/EulerCalculating.o
 .debug_macro   0x00000000000196fa       0x43 Core/Src/EulerCalculating.o
 .debug_macro   0x000000000001973d       0x34 Core/Src/EulerCalculating.o
 .debug_macro   0x0000000000019771       0x10 Core/Src/EulerCalculating.o
 .debug_macro   0x0000000000019781       0x58 Core/Src/EulerCalculating.o
 .debug_macro   0x00000000000197d9       0x71 Core/Src/EulerCalculating.o
 .debug_macro   0x000000000001984a       0x1c Core/Src/EulerCalculating.o
 .debug_macro   0x0000000000019866      0x12a Core/Src/EulerCalculating.o
 .debug_macro   0x0000000000019990      0x333 Core/Src/EulerCalculating.o
 .debug_macro   0x0000000000019cc3      0x1a9 Core/Src/EulerCalculating.o
 .debug_macro   0x0000000000019e6c      0x1e0 Core/Src/can.o
 .debug_macro   0x000000000001a04c      0x1e0 Core/Src/flash.o
 .debug_macro   0x000000000001a22c      0x1e0 Core/Src/led.o
 .debug_macro   0x000000000001a40c      0x1e0 Core/Src/main.o
 .debug_macro   0x000000000001a5ec      0x1e0 Core/Src/stm32f3xx_hal_msp.o
 .debug_macro   0x000000000001a7cc      0x1d1 Core/Src/stm32f3xx_hal_timebase_tim.o
 .debug_macro   0x000000000001a99d      0x1ea Core/Src/stm32f3xx_it.o
 .debug_macro   0x000000000001ab87      0x1d1 Core/Src/system_stm32f3xx.o
 .debug_macro   0x000000000001ad58      0x1f5 Drivers/STM32F3xx_HAL_Driver/Src/stm32f3xx_hal.o
 .debug_macro   0x000000000001af4d      0x1d9 Drivers/STM32F3xx_HAL_Driver/Src/stm32f3xx_hal_can.o
 .debug_macro   0x000000000001b126      0x1d1 Drivers/STM32F3xx_HAL_Driver/Src/stm32f3xx_hal_cortex.o
 .debug_macro   0x000000000001b2f7      0x1d1 Drivers/STM32F3xx_HAL_Driver/Src/stm32f3xx_hal_dma.o
 .debug_macro   0x000000000001b4c8      0x1d1 Drivers/STM32F3xx_HAL_Driver/Src/stm32f3xx_hal_flash.o
 .debug_macro   0x000000000001b699      0x1e3 Drivers/STM32F3xx_HAL_Driver/Src/stm32f3xx_hal_flash_ex.o
 .debug_macro   0x000000000001b87c      0x209 Drivers/STM32F3xx_HAL_Driver/Src/stm32f3xx_hal_gpio.o
 .debug_macro   0x000000000001ba85      0x1f5 Drivers/STM32F3xx_HAL_Driver/Src/stm32f3xx_hal_rcc.o
 .debug_macro   0x000000000001bc7a      0x1d9 Drivers/STM32F3xx_HAL_Driver/Src/stm32f3xx_hal_spi.o
 .debug_macro   0x000000000001be53      0x1d2 Drivers/STM32F3xx_HAL_Driver/Src/stm32f3xx_hal_tim.o
 .debug_macro   0x000000000001c025      0x1d1 Drivers/STM32F3xx_HAL_Driver/Src/stm32f3xx_hal_tim_ex.o

.debug_line     0x0000000000000000    0x16e10
 .debug_line    0x0000000000000000      0xa3c Core/Src/EulerCalculating.o
 .debug_line    0x0000000000000a3c      0x957 Core/Src/can.o
 .debug_line    0x0000000000001393      0x820 Core/Src/flash.o
 .debug_line    0x0000000000001bb3      0x82d Core/Src/led.o
 .debug_line    0x00000000000023e0      0xdc6 Core/Src/main.o
 .debug_line    0x00000000000031a6      0x962 Core/Src/stm32f3xx_hal_msp.o
 .debug_line    0x0000000000003b08      0x79c Core/Src/stm32f3xx_hal_timebase_tim.o
 .debug_line    0x00000000000042a4      0x8c9 Core/Src/stm32f3xx_it.o
 .debug_line    0x0000000000004b6d      0x7af Core/Src/system_stm32f3xx.o
 .debug_line    0x000000000000531c       0x88 Core/Startup/startup_stm32f303c6tx.o
 .debug_line    0x00000000000053a4      0xa27 Drivers/STM32F3xx_HAL_Driver/Src/stm32f3xx_hal.o
 .debug_line    0x0000000000005dcb     0x1604 Drivers/STM32F3xx_HAL_Driver/Src/stm32f3xx_hal_can.o
 .debug_line    0x00000000000073cf      0xb95 Drivers/STM32F3xx_HAL_Driver/Src/stm32f3xx_hal_cortex.o
 .debug_line    0x0000000000007f64      0xf0b Drivers/STM32F3xx_HAL_Driver/Src/stm32f3xx_hal_dma.o
 .debug_line    0x0000000000008e6f      0xc00 Drivers/STM32F3xx_HAL_Driver/Src/stm32f3xx_hal_flash.o
 .debug_line    0x0000000000009a6f      0xde6 Drivers/STM32F3xx_HAL_Driver/Src/stm32f3xx_hal_flash_ex.o
 .debug_line    0x000000000000a855      0xbbb Drivers/STM32F3xx_HAL_Driver/Src/stm32f3xx_hal_gpio.o
 .debug_line    0x000000000000b410     0x1697 Drivers/STM32F3xx_HAL_Driver/Src/stm32f3xx_hal_rcc.o
 .debug_line    0x000000000000caa7     0x2de0 Drivers/STM32F3xx_HAL_Driver/Src/stm32f3xx_hal_spi.o
 .debug_line    0x000000000000f887     0x52c1 Drivers/STM32F3xx_HAL_Driver/Src/stm32f3xx_hal_tim.o
 .debug_line    0x0000000000014b48     0x22c8 Drivers/STM32F3xx_HAL_Driver/Src/stm32f3xx_hal_tim_ex.o

.debug_str      0x0000000000000000    0xa52c6
 .debug_str     0x0000000000000000    0xa0e28 Core/Src/EulerCalculating.o
                                      0xa117b (size before relaxing)
 .debug_str     0x00000000000a0e28      0x4b4 Core/Src/can.o
                                      0x9dc14 (size before relaxing)
 .debug_str     0x00000000000a12dc       0xf3 Core/Src/flash.o
                                      0x9d805 (size before relaxing)
 .debug_str     0x00000000000a13cf       0x84 Core/Src/led.o
                                      0x9d772 (size before relaxing)
 .debug_str     0x00000000000a1453      0xd87 Core/Src/main.o
                                      0x9e990 (size before relaxing)
 .debug_str     0x00000000000a21da       0xe6 Core/Src/stm32f3xx_hal_msp.o
                                      0x9e554 (size before relaxing)
 .debug_str     0x00000000000a22c0       0xda Core/Src/stm32f3xx_hal_timebase_tim.o
                                      0x9dc42 (size before relaxing)
 .debug_str     0x00000000000a239a      0x15e Core/Src/stm32f3xx_it.o
                                      0x9e218 (size before relaxing)
 .debug_str     0x00000000000a24f8       0x5f Core/Src/system_stm32f3xx.o
                                      0x9d37c (size before relaxing)
 .debug_str     0x00000000000a2557       0x36 Core/Startup/startup_stm32f303c6tx.o
                                         0x66 (size before relaxing)
 .debug_str     0x00000000000a258d      0x2d3 Drivers/STM32F3xx_HAL_Driver/Src/stm32f3xx_hal.o
                                      0x9da0f (size before relaxing)
 .debug_str     0x00000000000a2860      0x3a4 Drivers/STM32F3xx_HAL_Driver/Src/stm32f3xx_hal_can.o
                                      0x9db2f (size before relaxing)
 .debug_str     0x00000000000a2c04      0x212 Drivers/STM32F3xx_HAL_Driver/Src/stm32f3xx_hal_cortex.o
                                      0x9d9ab (size before relaxing)
 .debug_str     0x00000000000a2e16      0x21e Drivers/STM32F3xx_HAL_Driver/Src/stm32f3xx_hal_dma.o
                                      0x9d702 (size before relaxing)
 .debug_str     0x00000000000a3034      0x259 Drivers/STM32F3xx_HAL_Driver/Src/stm32f3xx_hal_flash.o
                                      0x9d5f5 (size before relaxing)
 .debug_str     0x00000000000a328d      0x317 Drivers/STM32F3xx_HAL_Driver/Src/stm32f3xx_hal_flash_ex.o
                                      0x9d7d3 (size before relaxing)
 .debug_str     0x00000000000a35a4      0x248 Drivers/STM32F3xx_HAL_Driver/Src/stm32f3xx_hal_gpio.o
                                      0x9d654 (size before relaxing)
 .debug_str     0x00000000000a37ec      0x282 Drivers/STM32F3xx_HAL_Driver/Src/stm32f3xx_hal_rcc.o
                                      0x9d811 (size before relaxing)
 .debug_str     0x00000000000a3a6e      0x50c Drivers/STM32F3xx_HAL_Driver/Src/stm32f3xx_hal_spi.o
                                      0x9dc9f (size before relaxing)
 .debug_str     0x00000000000a3f7a      0xe2a Drivers/STM32F3xx_HAL_Driver/Src/stm32f3xx_hal_tim.o
                                      0x9e7a4 (size before relaxing)
 .debug_str     0x00000000000a4da4      0x522 Drivers/STM32F3xx_HAL_Driver/Src/stm32f3xx_hal_tim_ex.o
                                      0x9e008 (size before relaxing)

.comment        0x0000000000000000       0x53
 .comment       0x0000000000000000       0x53 Core/Src/EulerCalculating.o
                                         0x54 (size before relaxing)
 .comment       0x0000000000000053       0x54 Core/Src/can.o
 .comment       0x0000000000000053       0x54 Core/Src/flash.o
 .comment       0x0000000000000053       0x54 Core/Src/led.o
 .comment       0x0000000000000053       0x54 Core/Src/main.o
 .comment       0x0000000000000053       0x54 Core/Src/stm32f3xx_hal_msp.o
 .comment       0x0000000000000053       0x54 Core/Src/stm32f3xx_hal_timebase_tim.o
 .comment       0x0000000000000053       0x54 Core/Src/stm32f3xx_it.o
 .comment       0x0000000000000053       0x54 Core/Src/system_stm32f3xx.o
 .comment       0x0000000000000053       0x54 Drivers/STM32F3xx_HAL_Driver/Src/stm32f3xx_hal.o
 .comment       0x0000000000000053       0x54 Drivers/STM32F3xx_HAL_Driver/Src/stm32f3xx_hal_can.o
 .comment       0x0000000000000053       0x54 Drivers/STM32F3xx_HAL_Driver/Src/stm32f3xx_hal_cortex.o
 .comment       0x0000000000000053       0x54 Drivers/STM32F3xx_HAL_Driver/Src/stm32f3xx_hal_dma.o
 .comment       0x0000000000000053       0x54 Drivers/STM32F3xx_HAL_Driver/Src/stm32f3xx_hal_flash.o
 .comment       0x0000000000000053       0x54 Drivers/STM32F3xx_HAL_Driver/Src/stm32f3xx_hal_flash_ex.o
 .comment       0x0000000000000053       0x54 Drivers/STM32F3xx_HAL_Driver/Src/stm32f3xx_hal_gpio.o
 .comment       0x0000000000000053       0x54 Drivers/STM32F3xx_HAL_Driver/Src/stm32f3xx_hal_rcc.o
 .comment       0x0000000000000053       0x54 Drivers/STM32F3xx_HAL_Driver/Src/stm32f3xx_hal_spi.o
 .comment       0x0000000000000053       0x54 Drivers/STM32F3xx_HAL_Driver/Src/stm32f3xx_hal_tim.o
 .comment       0x0000000000000053       0x54 Drivers/STM32F3xx_HAL_Driver/Src/stm32f3xx_hal_tim_ex.o

.debug_frame    0x0000000000000000     0x2cbc
 .debug_frame   0x0000000000000000       0x60 Core/Src/EulerCalculating.o
 .debug_frame   0x0000000000000060       0x84 Core/Src/can.o
 .debug_frame   0x00000000000000e4       0x40 Core/Src/flash.o
 .debug_frame   0x0000000000000124       0x28 Core/Src/led.o
 .debug_frame   0x000000000000014c      0x1d8 Core/Src/main.o
 .debug_frame   0x0000000000000324       0xd0 Core/Src/stm32f3xx_hal_msp.o
 .debug_frame   0x00000000000003f4       0x50 Core/Src/stm32f3xx_hal_timebase_tim.o
 .debug_frame   0x0000000000000444      0x160 Core/Src/stm32f3xx_it.o
 .debug_frame   0x00000000000005a4       0x30 Core/Src/system_stm32f3xx.o
 .debug_frame   0x00000000000005d4      0x1cc Drivers/STM32F3xx_HAL_Driver/Src/stm32f3xx_hal.o
 .debug_frame   0x00000000000007a0      0x2dc Drivers/STM32F3xx_HAL_Driver/Src/stm32f3xx_hal_can.o
 .debug_frame   0x0000000000000a7c      0x12c Drivers/STM32F3xx_HAL_Driver/Src/stm32f3xx_hal_cortex.o
 .debug_frame   0x0000000000000ba8      0x164 Drivers/STM32F3xx_HAL_Driver/Src/stm32f3xx_hal_dma.o
 .debug_frame   0x0000000000000d0c      0x134 Drivers/STM32F3xx_HAL_Driver/Src/stm32f3xx_hal_flash.o
 .debug_frame   0x0000000000000e40      0x18c Drivers/STM32F3xx_HAL_Driver/Src/stm32f3xx_hal_flash_ex.o
 .debug_frame   0x0000000000000fcc       0xd0 Drivers/STM32F3xx_HAL_Driver/Src/stm32f3xx_hal_gpio.o
 .debug_frame   0x000000000000109c      0x170 Drivers/STM32F3xx_HAL_Driver/Src/stm32f3xx_hal_rcc.o
 .debug_frame   0x000000000000120c      0x5d4 Drivers/STM32F3xx_HAL_Driver/Src/stm32f3xx_hal_spi.o
 .debug_frame   0x00000000000017e0      0xb58 Drivers/STM32F3xx_HAL_Driver/Src/stm32f3xx_hal_tim.o
 .debug_frame   0x0000000000002338      0x45c Drivers/STM32F3xx_HAL_Driver/Src/stm32f3xx_hal_tim_ex.o
 .debug_frame   0x0000000000002794       0x38 c:/st/stt/stm32cubeide_1.6.1/stm32cubeide/plugins/com.st.stm32cube.ide.mcu.externaltools.gnu-tools-for-stm32.9-2020-q2-update.win32_1.5.0.202011040924/tools/bin/../lib/gcc/arm-none-eabi/9.3.1/../../../../arm-none-eabi/lib/thumb/v7e-m+fp/hard\libm.a(lib_a-s_atan.o)
 .debug_frame   0x00000000000027cc       0x2c c:/st/stt/stm32cubeide_1.6.1/stm32cubeide/plugins/com.st.stm32cube.ide.mcu.externaltools.gnu-tools-for-stm32.9-2020-q2-update.win32_1.5.0.202011040924/tools/bin/../lib/gcc/arm-none-eabi/9.3.1/../../../../arm-none-eabi/lib/thumb/v7e-m+fp/hard\libm.a(lib_a-s_cos.o)
 .debug_frame   0x00000000000027f8       0x20 c:/st/stt/stm32cubeide_1.6.1/stm32cubeide/plugins/com.st.stm32cube.ide.mcu.externaltools.gnu-tools-for-stm32.9-2020-q2-update.win32_1.5.0.202011040924/tools/bin/../lib/gcc/arm-none-eabi/9.3.1/../../../../arm-none-eabi/lib/thumb/v7e-m+fp/hard\libm.a(lib_a-s_fabs.o)