Archive member included to satisfy reference by file (symbol)

c:/st/stm32cubeide_1.6.1/stm32cubeide/plugins/com.st.stm32cube.ide.mcu.externaltools.gnu-tools-for-stm32.9-2020-q2-update.win32_1.5.0.202011040924/tools/bin/../lib/gcc/arm-none-eabi/9.3.1/../../../../arm-none-eabi/lib/thumb/v7e-m+fp/hard\libm.a(lib_a-w_acos.o)
                              Core/Src/movement.o (acos)
c:/st/stm32cubeide_1.6.1/stm32cubeide/plugins/com.st.stm32cube.ide.mcu.externaltools.gnu-tools-for-stm32.9-2020-q2-update.win32_1.5.0.202011040924/tools/bin/../lib/gcc/arm-none-eabi/9.3.1/../../../../arm-none-eabi/lib/thumb/v7e-m+fp/hard\libm.a(lib_a-w_sqrt.o)
                              Core/Src/movement.o (sqrt)
c:/st/stm32cubeide_1.6.1/stm32cubeide/plugins/com.st.stm32cube.ide.mcu.externaltools.gnu-tools-for-stm32.9-2020-q2-update.win32_1.5.0.202011040924/tools/bin/../lib/gcc/arm-none-eabi/9.3.1/../../../../arm-none-eabi/lib/thumb/v7e-m+fp/hard\libm.a(lib_a-e_acos.o)
                              c:/st/stm32cubeide_1.6.1/stm32cubeide/plugins/com.st.stm32cube.ide.mcu.externaltools.gnu-tools-for-stm32.9-2020-q2-update.win32_1.5.0.202011040924/tools/bin/../lib/gcc/arm-none-eabi/9.3.1/../../../../arm-none-eabi/lib/thumb/v7e-m+fp/hard\libm.a(lib_a-w_acos.o) (__ieee754_acos)
c:/st/stm32cubeide_1.6.1/stm32cubeide/plugins/com.st.stm32cube.ide.mcu.externaltools.gnu-tools-for-stm32.9-2020-q2-update.win32_1.5.0.202011040924/tools/bin/../lib/gcc/arm-none-eabi/9.3.1/../../../../arm-none-eabi/lib/thumb/v7e-m+fp/hard\libm.a(lib_a-e_sqrt.o)
                              c:/st/stm32cubeide_1.6.1/stm32cubeide/plugins/com.st.stm32cube.ide.mcu.externaltools.gnu-tools-for-stm32.9-2020-q2-update.win32_1.5.0.202011040924/tools/bin/../lib/gcc/arm-none-eabi/9.3.1/../../../../arm-none-eabi/lib/thumb/v7e-m+fp/hard\libm.a(lib_a-w_sqrt.o) (__ieee754_sqrt)
c:/st/stm32cubeide_1.6.1/stm32cubeide/plugins/com.st.stm32cube.ide.mcu.externaltools.gnu-tools-for-stm32.9-2020-q2-update.win32_1.5.0.202011040924/tools/bin/../lib/gcc/arm-none-eabi/9.3.1/../../../../arm-none-eabi/lib/thumb/v7e-m+fp/hard\libm.a(lib_a-s_fabs.o)
                              c:/st/stm32cubeide_1.6.1/stm32cubeide/plugins/com.st.stm32cube.ide.mcu.externaltools.gnu-tools-for-stm32.9-2020-q2-update.win32_1.5.0.202011040924/tools/bin/../lib/gcc/arm-none-eabi/9.3.1/../../../../arm-none-eabi/lib/thumb/v7e-m+fp/hard\libm.a(lib_a-w_acos.o) (fabs)
c:/st/stm32cubeide_1.6.1/stm32cubeide/plugins/com.st.stm32cube.ide.mcu.externaltools.gnu-tools-for-stm32.9-2020-q2-update.win32_1.5.0.202011040924/tools/bin/../lib/gcc/arm-none-eabi/9.3.1/../../../../arm-none-eabi/lib/thumb/v7e-m+fp/hard\libm.a(lib_a-s_lib_ver.o)
                              c:/st/stm32cubeide_1.6.1/stm32cubeide/plugins/com.st.stm32cube.ide.mcu.externaltools.gnu-tools-for-stm32.9-2020-q2-update.win32_1.5.0.202011040924/tools/bin/../lib/gcc/arm-none-eabi/9.3.1/../../../../arm-none-eabi/lib/thumb/v7e-m+fp/hard\libm.a(lib_a-w_acos.o) (__fdlib_version)
c:/st/stm32cubeide_1.6.1/stm32cubeide/plugins/com.st.stm32cube.ide.mcu.externaltools.gnu-tools-for-stm32.9-2020-q2-update.win32_1.5.0.202011040924/tools/bin/../lib/gcc/arm-none-eabi/9.3.1/../../../../arm-none-eabi/lib/thumb/v7e-m+fp/hard\libm.a(lib_a-s_nan.o)
                              c:/st/stm32cubeide_1.6.1/stm32cubeide/plugins/com.st.stm32cube.ide.mcu.externaltools.gnu-tools-for-stm32.9-2020-q2-update.win32_1.5.0.202011040924/tools/bin/../lib/gcc/arm-none-eabi/9.3.1/../../../../arm-none-eabi/lib/thumb/v7e-m+fp/hard\libm.a(lib_a-w_acos.o) (nan)
c:/st/stm32cubeide_1.6.1/stm32cubeide/plugins/com.st.stm32cube.ide.mcu.externaltools.gnu-tools-for-stm32.9-2020-q2-update.win32_1.5.0.202011040924/tools/bin/../lib/gcc/arm-none-eabi/9.3.1/../../../../arm-none-eabi/lib/thumb/v7e-m+fp/hard\libc_nano.a(lib_a-errno.o)
                              Core/Src/syscalls.o (__errno)
c:/st/stm32cubeide_1.6.1/stm32cubeide/plugins/com.st.stm32cube.ide.mcu.externaltools.gnu-tools-for-stm32.9-2020-q2-update.win32_1.5.0.202011040924/tools/bin/../lib/gcc/arm-none-eabi/9.3.1/../../../../arm-none-eabi/lib/thumb/v7e-m+fp/hard\libc_nano.a(lib_a-exit.o)
                              c:/st/stm32cubeide_1.6.1/stm32cubeide/plugins/com.st.stm32cube.ide.mcu.externaltools.gnu-tools-for-stm32.9-2020-q2-update.win32_1.5.0.202011040924/tools/bin/../lib/gcc/arm-none-eabi/9.3.1/../../../../arm-none-eabi/lib/thumb/v7e-m+fp/hard/crt0.o (exit)
c:/st/stm32cubeide_1.6.1/stm32cubeide/plugins/com.st.stm32cube.ide.mcu.externaltools.gnu-tools-for-stm32.9-2020-q2-update.win32_1.5.0.202011040924/tools/bin/../lib/gcc/arm-none-eabi/9.3.1/../../../../arm-none-eabi/lib/thumb/v7e-m+fp/hard\libc_nano.a(lib_a-impure.o)
                              c:/st/stm32cubeide_1.6.1/stm32cubeide/plugins/com.st.stm32cube.ide.mcu.externaltools.gnu-tools-for-stm32.9-2020-q2-update.win32_1.5.0.202011040924/tools/bin/../lib/gcc/arm-none-eabi/9.3.1/../../../../arm-none-eabi/lib/thumb/v7e-m+fp/hard\libc_nano.a(lib_a-exit.o) (_global_impure_ptr)
[...]
Memory Configuration

Name             Origin             Length             Attributes
CCMRAM           0x0000000010000000 0x0000000000010000 xrw
RAM              0x0000000020000000 0x0000000000020000 xrw
FLASH            0x0000000008000000 0x0000000000100000 xr
*default*        0x0000000000000000 0xffffffffffffffff

Linker script and memory map

LOAD c:/st/stm32cubeide_1.6.1/stm32cubeide/plugins/com.st.stm32cube.ide.mcu.externaltools.gnu-tools-for-stm32.9-2020-q2-update.win32_1.5.0.202011040924/tools/bin/../lib/gcc/arm-none-eabi/9.3.1/thumb/v7e-m+fp/hard/crti.o
LOAD c:/st/stm32cubeide_1.6.1/stm32cubeide/plugins/com.st.stm32cube.ide.mcu.externaltools.gnu-tools-for-stm32.9-2020-q2-update.win32_1.5.0.202011040924/tools/bin/../lib/gcc/arm-none-eabi/9.3.1/thumb/v7e-m+fp/hard/crtbegin.o
LOAD c:/st/stm32cubeide_1.6.1/stm32cubeide/plugins/com.st.stm32cube.ide.mcu.externaltools.gnu-tools-for-stm32.9-2020-q2-update.win32_1.5.0.202011040924/tools/bin/../lib/gcc/arm-none-eabi/9.3.1/../../../../arm-none-eabi/lib/thumb/v7e-m+fp/hard/crt0.o
LOAD Core/Src/buzzer.o
LOAD Core/Src/can.o
LOAD Core/Src/flash.o
LOAD Core/Src/freertos.o
LOAD Core/Src/main.o
LOAD Core/Src/movement.o
LOAD Core/Src/stm32f4xx_hal_msp.o
LOAD Core/Src/stm32f4xx_hal_timebase_tim.o
LOAD Core/Src/stm32f4xx_it.o
LOAD Core/Src/syscalls.o
LOAD Core/Src/sysmem.o
LOAD Core/Src/system_stm32f4xx.o
LOAD Core/Src/uart.o
LOAD Core/Startup/startup_stm32f407vgtx.o
LOAD Drivers/STM32F4xx_HAL_Driver/Src/stm32f4xx_hal.o
LOAD Drivers/STM32F4xx_HAL_Driver/Src/stm32f4xx_hal_adc.o
LOAD Drivers/STM32F4xx_HAL_Driver/Src/stm32f4xx_hal_adc_ex.o
LOAD Drivers/STM32F4xx_HAL_Driver/Src/stm32f4xx_hal_can.o
LOAD Drivers/STM32F4xx_HAL_Driver/Src/stm32f4xx_hal_cortex.o
LOAD Drivers/STM32F4xx_HAL_Driver/Src/stm32f4xx_hal_dma.o
LOAD Drivers/STM32F4xx_HAL_Driver/Src/stm32f4xx_hal_dma_ex.o
LOAD Drivers/STM32F4xx_HAL_Driver/Src/stm32f4xx_hal_exti.o
LOAD Drivers/STM32F4xx_HAL_Driver/Src/stm32f4xx_hal_flash.o
LOAD Drivers/STM32F4xx_HAL_Driver/Src/stm32f4xx_hal_flash_ex.o
LOAD Drivers/STM32F4xx_HAL_Driver/Src/stm32f4xx_hal_flash_ramfunc.o
LOAD Drivers/STM32F4xx_HAL_Driver/Src/stm32f4xx_hal_gpio.o
LOAD Drivers/STM32F4xx_HAL_Driver/Src/stm32f4xx_hal_pwr.o
LOAD Drivers/STM32F4xx_HAL_Driver/Src/stm32f4xx_hal_pwr_ex.o
LOAD Drivers/STM32F4xx_HAL_Driver/Src/stm32f4xx_hal_rcc.o
LOAD Drivers/STM32F4xx_HAL_Driver/Src/stm32f4xx_hal_rcc_ex.o
LOAD Drivers/STM32F4xx_HAL_Driver/Src/stm32f4xx_hal_tim.o
LOAD Drivers/STM32F4xx_HAL_Driver/Src/stm32f4xx_hal_tim_ex.o
LOAD Drivers/STM32F4xx_HAL_Driver/Src/stm32f4xx_hal_uart.o
LOAD Drivers/STM32F4xx_HAL_Driver/Src/stm32f4xx_ll_adc.o
LOAD Middlewares/Third_Party/FreeRTOS/Source/CMSIS_RTOS_V2/cmsis_os2.o
LOAD Middlewares/Third_Party/FreeRTOS/Source/croutine.o
LOAD Middlewares/Third_Party/FreeRTOS/Source/event_groups.o
LOAD Middlewares/Third_Party/FreeRTOS/Source/list.o
LOAD Middlewares/Third_Party/FreeRTOS/Source/queue.o
LOAD Middlewares/Third_Party/FreeRTOS/Source/stream_buffer.o
LOAD Middlewares/Third_Party/FreeRTOS/Source/tasks.o
LOAD Middlewares/Third_Party/FreeRTOS/Source/timers.o
LOAD Middlewares/Third_Party/FreeRTOS/Source/portable/GCC/ARM_CM4F/port.o
LOAD Middlewares/Third_Party/FreeRTOS/Source/portable/MemMang/heap_4.o
START GROUP
LOAD c:/st/stm32cubeide_1.6.1/stm32cubeide/plugins/com.st.stm32cube.ide.mcu.externaltools.gnu-tools-for-stm32.9-2020-q2-update.win32_1.5.0.202011040924/tools/bin/../lib/gcc/arm-none-eabi/9.3.1/../../../../arm-none-eabi/lib/thumb/v7e-m+fp/hard\libstdc++_nano.a
LOAD c:/st/stm32cubeide_1.6.1/stm32cubeide/plugins/com.st.stm32cube.ide.mcu.externaltools.gnu-tools-for-stm32.9-2020-q2-update.win32_1.5.0.202011040924/tools/bin/../lib/gcc/arm-none-eabi/9.3.1/../../../../arm-none-eabi/lib/thumb/v7e-m+fp/hard\libsupc++_nano.a
END GROUP
LOAD c:/st/stm32cubeide_1.6.1/stm32cubeide/plugins/com.st.stm32cube.ide.mcu.externaltools.gnu-tools-for-stm32.9-2020-q2-update.win32_1.5.0.202011040924/tools/bin/../lib/gcc/arm-none-eabi/9.3.1/../../../../arm-none-eabi/lib/thumb/v7e-m+fp/hard\libstdc++_nano.a
LOAD c:/st/stm32cubeide_1.6.1/stm32cubeide/plugins/com.st.stm32cube.ide.mcu.externaltools.gnu-tools-for-stm32.9-2020-q2-update.win32_1.5.0.202011040924/tools/bin/../lib/gcc/arm-none-eabi/9.3.1/../../../../arm-none-eabi/lib/thumb/v7e-m+fp/hard\libm.a
LOAD c:/st/stm32cubeide_1.6.1/stm32cubeide/plugins/com.st.stm32cube.ide.mcu.externaltools.gnu-tools-for-stm32.9-2020-q2-update.win32_1.5.0.202011040924/tools/bin/../lib/gcc/arm-none-eabi/9.3.1/../../../../arm-none-eabi/lib/thumb/v7e-m+fp/hard\libc_nano.a
START GROUP
LOAD c:/st/stm32cubeide_1.6.1/stm32cubeide/plugins/com.st.stm32cube.ide.mcu.externaltools.gnu-tools-for-stm32.9-2020-q2-update.win32_1.5.0.202011040924/tools/bin/../lib/gcc/arm-none-eabi/9.3.1/thumb/v7e-m+fp/hard\libgcc.a
LOAD c:/st/stm32cubeide_1.6.1/stm32cubeide/plugins/com.st.stm32cube.ide.mcu.externaltools.gnu-tools-for-stm32.9-2020-q2-update.win32_1.5.0.202011040924/tools/bin/../lib/gcc/arm-none-eabi/9.3.1/../../../../arm-none-eabi/lib/thumb/v7e-m+fp/hard\libc_nano.a
END GROUP
START GROUP
LOAD c:/st/stm32cubeide_1.6.1/stm32cubeide/plugins/com.st.stm32cube.ide.mcu.externaltools.gnu-tools-for-stm32.9-2020-q2-update.win32_1.5.0.202011040924/tools/bin/../lib/gcc/arm-none-eabi/9.3.1/thumb/v7e-m+fp/hard\libgcc.a
LOAD c:/st/stm32cubeide_1.6.1/stm32cubeide/plugins/com.st.stm32cube.ide.mcu.externaltools.gnu-tools-for-stm32.9-2020-q2-update.win32_1.5.0.202011040924/tools/bin/../lib/gcc/arm-none-eabi/9.3.1/../../../../arm-none-eabi/lib/thumb/v7e-m+fp/hard\libc_nano.a
LOAD c:/st/stm32cubeide_1.6.1/stm32cubeide/plugins/com.st.stm32cube.ide.mcu.externaltools.gnu-tools-for-stm32.9-2020-q2-update.win32_1.5.0.202011040924/tools/bin/../lib/gcc/arm-none-eabi/9.3.1/../../../../arm-none-eabi/lib/thumb/v7e-m+fp/hard\libnosys.a
END GROUP
START GROUP
LOAD c:/st/stm32cubeide_1.6.1/stm32cubeide/plugins/com.st.stm32cube.ide.mcu.externaltools.gnu-tools-for-stm32.9-2020-q2-update.win32_1.5.0.202011040924/tools/bin/../lib/gcc/arm-none-eabi/9.3.1/thumb/v7e-m+fp/hard\libgcc.a
LOAD c:/st/stm32cubeide_1.6.1/stm32cubeide/plugins/com.st.stm32cube.ide.mcu.externaltools.gnu-tools-for-stm32.9-2020-q2-update.win32_1.5.0.202011040924/tools/bin/../lib/gcc/arm-none-eabi/9.3.1/../../../../arm-none-eabi/lib/thumb/v7e-m+fp/hard\libc_nano.a
LOAD c:/st/stm32cubeide_1.6.1/stm32cubeide/plugins/com.st.stm32cube.ide.mcu.externaltools.gnu-tools-for-stm32.9-2020-q2-update.win32_1.5.0.202011040924/tools/bin/../lib/gcc/arm-none-eabi/9.3.1/../../../../arm-none-eabi/lib/thumb/v7e-m+fp/hard\libnosys.a
END GROUP
LOAD c:/st/stm32cubeide_1.6.1/stm32cubeide/plugins/com.st.stm32cube.ide.mcu.externaltools.gnu-tools-for-stm32.9-2020-q2-update.win32_1.5.0.202011040924/tools/bin/../lib/gcc/arm-none-eabi/9.3.1/thumb/v7e-m+fp/hard/crtend.o
LOAD c:/st/stm32cubeide_1.6.1/stm32cubeide/plugins/com.st.stm32cube.ide.mcu.externaltools.gnu-tools-for-stm32.9-2020-q2-update.win32_1.5.0.202011040924/tools/bin/../lib/gcc/arm-none-eabi/9.3.1/thumb/v7e-m+fp/hard/crtn.o
                0x0000000020020000                _estack = (ORIGIN (RAM) + LENGTH (RAM))
                0x0000000000000200                _Min_Heap_Size = 0x200
                0x0000000000000400                _Min_Stack_Size = 0x400

.isr_vector     0x0000000008000000      0x188
                0x0000000008000000                . = ALIGN (0x4)
 *(.isr_vector)
 .isr_vector    0x0000000008000000      0x188 Core/Startup/startup_stm32f407vgtx.o
                0x0000000008000000                g_pfnVectors
                0x0000000008000188                . = ALIGN (0x4)

.text           0x0000000008000190     0xce80
                0x0000000008000190                . = ALIGN (0x4)
 *(.text)
 .text          0x0000000008000190       0x40 c:/st/stm32cubeide_1.6.1/stm32cubeide/plugins/com.st.stm32cube.ide.mcu.externaltools.gnu-tools-for-stm32.9-2020-q2-update.win32_1.5.0.202011040924/tools/bin/../lib/gcc/arm-none-eabi/9.3.1/thumb/v7e-m+fp/hard/crtbegin.o
 .text          0x00000000080001d0      0x378 c:/st/stm32cubeide_1.6.1/stm32cubeide/plugins/com.st.stm32cube.ide.mcu.externaltools.gnu-tools-for-stm32.9-2020-q2-update.win32_1.5.0.202011040924/tools/bin/../lib/gcc/arm-none-eabi/9.3.1/thumb/v7e-m+fp/hard\libgcc.a(_arm_addsubdf3.o)
                0x00000000080001d0                __aeabi_drsub
                0x00000000080001d8                __aeabi_dsub
                0x00000000080001d8                __subdf3
                0x00000000080001dc                __aeabi_dadd
                0x00000000080001dc                __adddf3
                0x0000000008000454                __floatunsidf
                0x0000000008000454                __aeabi_ui2d
                0x0000000008000474                __floatsidf
                0x0000000008000474                __aeabi_i2d
                0x0000000008000498                __aeabi_f2d
                0x0000000008000498                __extendsfdf2
                0x00000000080004dc                __floatundidf
                0x00000000080004dc                __aeabi_ul2d
                0x00000000080004ec                __floatdidf
                0x00000000080004ec                __aeabi_l2d
 .text          0x0000000008000548      0x424 c:/st/stm32cubeide_1.6.1/stm32cubeide/plugins/com.st.stm32cube.ide.mcu.externaltools.gnu-tools-for-stm32.9-2020-q2-update.win32_1.5.0.202011040924/tools/bin/../lib/gcc/arm-none-eabi/9.3.1/thumb/v7e-m+fp/hard\libgcc.a(_arm_muldivdf3.o)
                0x0000000008000548                __aeabi_dmul
                0x0000000008000548                __muldf3
                0x000000000800079c                __divdf3
                0x000000000800079c                __aeabi_ddiv
 .text          0x000000000800096c      0x110 c:/st/stm32cubeide_1.6.1/stm32cubeide/plugins/com.st.stm32cube.ide.mcu.externaltools.gnu-tools-for-stm32.9-2020-q2-update.win32_1.5.0.202011040924/tools/bin/../lib/gcc/arm-none-eabi/9.3.1/thumb/v7e-m+fp/hard\libgcc.a(_arm_cmpdf2.o)
                0x000000000800096c                __gtdf2
                0x000000000800096c                __gedf2
                0x0000000008000974                __ltdf2
                0x0000000008000974                __ledf2
                0x000000000800097c                __nedf2
                0x000000000800097c                __eqdf2
                0x000000000800097c                __cmpdf2
                0x00000000080009f8                __aeabi_cdrcmple
                0x0000000008000a08                __aeabi_cdcmpeq
                0x0000000008000a08                __aeabi_cdcmple
                0x0000000008000a18                __aeabi_dcmpeq
                0x0000000008000a2c                __aeabi_dcmplt
                0x0000000008000a40                __aeabi_dcmple
                0x0000000008000a54                __aeabi_dcmpge
                0x0000000008000a68                __aeabi_dcmpgt
 .text          0x0000000008000a7c       0x2c c:/st/stm32cubeide_1.6.1/stm32cubeide/plugins/com.st.stm32cube.ide.mcu.externaltools.gnu-tools-for-stm32.9-2020-q2-update.win32_1.5.0.202011040924/tools/bin/../lib/gcc/arm-none-eabi/9.3.1/thumb/v7e-m+fp/hard\libgcc.a(_arm_unorddf2.o)
                0x0000000008000a7c                __unorddf2
                0x0000000008000a7c                __aeabi_dcmpun
 .text          0x0000000008000aa8       0xa0 c:/st/stm32cubeide_1.6.1/stm32cubeide/plugins/com.st.stm32cube.ide.mcu.externaltools.gnu-tools-for-stm32.9-2020-q2-update.win32_1.5.0.202011040924/tools/bin/../lib/gcc/arm-none-eabi/9.3.1/thumb/v7e-m+fp/hard\libgcc.a(_arm_truncdfsf2.o)
                0x0000000008000aa8                __truncdfsf2
                0x0000000008000aa8                __aeabi_d2f
 .text          0x0000000008000b48       0x30 c:/st/stm32cubeide_1.6.1/stm32cubeide/plugins/com.st.stm32cube.ide.mcu.externaltools.gnu-tools-for-stm32.9-2020-q2-update.win32_1.5.0.202011040924/tools/bin/../lib/gcc/arm-none-eabi/9.3.1/thumb/v7e-m+fp/hard\libgcc.a(_aeabi_uldivmod.o)
                0x0000000008000b48                __aeabi_uldivmod
 .text          0x0000000008000b78      0x2c4 c:/st/stm32cubeide_1.6.1/stm32cubeide/plugins/com.st.stm32cube.ide.mcu.externaltools.gnu-tools-for-stm32.9-2020-q2-update.win32_1.5.0.202011040924/tools/bin/../lib/gcc/arm-none-eabi/9.3.1/thumb/v7e-m+fp/hard\libgcc.a(_udivmoddi4.o)
                0x0000000008000b78                __udivmoddi4
 .text          0x0000000008000e3c        0x4 c:/st/stm32cubeide_1.6.1/stm32cubeide/plugins/com.st.stm32cube.ide.mcu.externaltools.gnu-tools-for-stm32.9-2020-q2-update.win32_1.5.0.202011040924/tools/bin/../lib/gcc/arm-none-eabi/9.3.1/thumb/v7e-m+fp/hard\libgcc.a(_dvmd_tls.o)
                0x0000000008000e3c                __aeabi_idiv0
                0x0000000008000e3c                __aeabi_ldiv0
 *(.text*)
 .text.SetBuzzerFRQ
                0x0000000008000e40       0x6c Core/Src/buzzer.o
                0x0000000008000e40                SetBuzzerFRQ
 .text.BuzzerOff
                0x0000000008000eac       0x1c Core/Src/buzzer.o
                0x0000000008000eac                BuzzerOff
 .text.CAN_Config
                0x0000000008000ec8      0x168 Core/Src/can.o
                0x0000000008000ec8                CAN_Config
 .text.Can_TxMessage
                0x0000000008001030       0x8c Core/Src/can.o
                0x0000000008001030                Can_TxMessage
 .text.processCAN2Packet
                0x00000000080010bc      0x5e4 Core/Src/can.o
                0x00000000080010bc                processCAN2Packet
 .text.FlashWriteAll
                0x00000000080016a0       0x90 Core/Src/flash.o
                0x00000000080016a0                FlashWriteAll
 .text.FlashReadAll
                0x0000000008001730       0x44 Core/Src/flash.o
                0x0000000008001730                FlashReadAll
 .text.OptionsArrayAddFloat
                0x0000000008001774       0x38 Core/Src/flash.o
                0x0000000008001774                OptionsArrayAddFloat
 .text.OptionsArrayGetFloat
                0x00000000080017ac       0x3c Core/Src/flash.o
                0x00000000080017ac                OptionsArrayGetFloat
 .text.OptionsToArray
                0x00000000080017e8       0x74 Core/Src/flash.o
                0x00000000080017e8                OptionsToArray
 .text.ArrayToOptions
                0x000000000800185c       0x2c Core/Src/flash.o
                0x000000000800185c                ArrayToOptions
 .text.main     0x0000000008001888       0xf8 Core/Src/main.o
                0x0000000008001888                main
 .text.SystemClock_Config
                0x0000000008001980       0xd4 Core/Src/main.o
                0x0000000008001980                SystemClock_Config
 .text.MX_ADC1_Init
                0x0000000008001a54      0x178 Core/Src/main.o
 .text.MX_CAN2_Init
                0x0000000008001bcc       0x74 Core/Src/main.o
 .text.MX_TIM1_Init
                0x0000000008001c40      0x1e8 Core/Src/main.o
 .text.MX_TIM2_Init
                0x0000000008001e28      0x18c Core/Src/main.o
 .text.MX_TIM3_Init
                0x0000000008001fb4      0x190 Core/Src/main.o
 .text.MX_TIM4_Init
                0x0000000008002144      0x11c Core/Src/main.o
 .text.MX_TIM8_Init
                0x0000000008002260      0x1e8 Core/Src/main.o
 .text.MX_TIM12_Init
                0x0000000008002448      0x128 Core/Src/main.o
 .text.MX_USART2_UART_Init
                0x0000000008002570       0x64 Core/Src/main.o
 .text.MX_DMA_Init
                0x00000000080025d4       0x6c Core/Src/main.o
 .text.MX_GPIO_Init
                0x0000000008002640      0x158 Core/Src/main.o
 .text.CalcCheckSumm
                0x0000000008002798       0x4a Core/Src/main.o
                0x0000000008002798                CalcCheckSumm
 *fill*         0x00000000080027e2        0x2 
 .text.HAL_ADC_ConvCpltCallback
                0x00000000080027e4       0x24 Core/Src/main.o
                0x00000000080027e4                HAL_ADC_ConvCpltCallback
 .text.HAL_CAN_RxFifo0MsgPendingCallback
                0x0000000008002808       0x24 Core/Src/main.o
                0x0000000008002808                HAL_CAN_RxFifo0MsgPendingCallback
 .text.HAL_UART_TxCpltCallback
                0x000000000800282c       0x2c Core/Src/main.o
                0x000000000800282c                HAL_UART_TxCpltCallback
 .text.StartDefaultTask
                0x0000000008002858       0x24 Core/Src/main.o
                0x0000000008002858                StartDefaultTask
 .text.StartUARTTx
                0x000000000800287c       0x54 Core/Src/main.o
                0x000000000800287c                StartUARTTx
 .text.CANEntry
                0x00000000080028d0       0x10 Core/Src/main.o
                0x00000000080028d0                CANEntry
 .text.StartCfmPacket
                0x00000000080028e0       0x48 Core/Src/main.o
                0x00000000080028e0                StartCfmPacket
 .text.StartTaskPI
                0x0000000008002928       0x24 Core/Src/main.o
                0x0000000008002928                StartTaskPI
 .text.HAL_TIM_PeriodElapsedCallback
                0x000000000800294c       0x7c Core/Src/main.o
                0x000000000800294c                HAL_TIM_PeriodElapsedCallback
 .text.Error_Handler
                0x00000000080029c8        0xa Core/Src/main.o
                0x00000000080029c8                Error_Handler
 *fill*         0x00000000080029d2        0x2 
 .text.PWM_Off  0x00000000080029d4       0x4c Core/Src/movement.o
                0x00000000080029d4                PWM_Off
 .text.SetMotorPWM
                0x0000000008002a20      0x234 Core/Src/movement.o
                0x0000000008002a20                SetMotorPWM
 *fill*         0x0000000008002c54        0x4 
 .text.CalculateAngles
                0x0000000008002c58      0x4dc Core/Src/movement.o
                0x0000000008002c58                CalculateAngles
 .text.HAL_MspInit
                0x0000000008003134       0x58 Core/Src/stm32f4xx_hal_msp.o
                0x0000000008003134                HAL_MspInit
 .text.HAL_ADC_MspInit
                0x000000000800318c      0x134 Core/Src/stm32f4xx_hal_msp.o
                0x000000000800318c                HAL_ADC_MspInit
 .text.HAL_CAN_MspInit
                0x00000000080032c0       0xdc Core/Src/stm32f4xx_hal_msp.o
                0x00000000080032c0                HAL_CAN_MspInit
 .text.HAL_TIM_Base_MspInit
                0x000000000800339c      0x148 Core/Src/stm32f4xx_hal_msp.o
                0x000000000800339c                HAL_TIM_Base_MspInit
 .text.HAL_TIM_MspPostInit
                0x00000000080034e4      0x240 Core/Src/stm32f4xx_hal_msp.o
                0x00000000080034e4                HAL_TIM_MspPostInit
 .text.HAL_UART_MspInit
                0x0000000008003724      0x104 Core/Src/stm32f4xx_hal_msp.o
                0x0000000008003724                HAL_UART_MspInit
 .text.HAL_InitTick
                0x0000000008003828       0xb4 Core/Src/stm32f4xx_hal_timebase_tim.o
                0x0000000008003828                HAL_InitTick
 .text.NMI_Handler
                0x00000000080038dc        0x6 Core/Src/stm32f4xx_it.o
                0x00000000080038dc                NMI_Handler
 .text.HardFault_Handler
                0x00000000080038e2        0x6 Core/Src/stm32f4xx_it.o
                0x00000000080038e2                HardFault_Handler
 .text.MemManage_Handler
                0x00000000080038e8        0x6 Core/Src/stm32f4xx_it.o
                0x00000000080038e8                MemManage_Handler
 .text.BusFault_Handler
                0x00000000080038ee        0x6 Core/Src/stm32f4xx_it.o
                0x00000000080038ee                BusFault_Handler
 .text.UsageFault_Handler
                0x00000000080038f4        0x6 Core/Src/stm32f4xx_it.o
                0x00000000080038f4                UsageFault_Handler
 .text.DebugMon_Handler
                0x00000000080038fa        0xe Core/Src/stm32f4xx_it.o
                0x00000000080038fa                DebugMon_Handler
 .text.DMA1_Stream6_IRQHandler
                0x0000000008003908       0x14 Core/Src/stm32f4xx_it.o
                0x0000000008003908                DMA1_Stream6_IRQHandler
 .text.ADC_IRQHandler
                0x000000000800391c       0x14 Core/Src/stm32f4xx_it.o
                0x000000000800391c                ADC_IRQHandler
 .text.TIM1_UP_TIM10_IRQHandler
                0x0000000008003930       0x14 Core/Src/stm32f4xx_it.o
                0x0000000008003930                TIM1_UP_TIM10_IRQHandler
 .text.TIM2_IRQHandler
                0x0000000008003944       0x14 Core/Src/stm32f4xx_it.o
                0x0000000008003944                TIM2_IRQHandler
 .text.USART2_IRQHandler
                0x0000000008003958       0x38 Core/Src/stm32f4xx_it.o
                0x0000000008003958                USART2_IRQHandler
 .text.TIM8_TRG_COM_TIM14_IRQHandler
                0x0000000008003990       0x1c Core/Src/stm32f4xx_it.o
                0x0000000008003990                TIM8_TRG_COM_TIM14_IRQHandler
 .text.DMA2_Stream0_IRQHandler
                0x00000000080039ac       0x14 Core/Src/stm32f4xx_it.o
                0x00000000080039ac                DMA2_Stream0_IRQHandler
 .text.CAN2_TX_IRQHandler
                0x00000000080039c0       0x14 Core/Src/stm32f4xx_it.o
                0x00000000080039c0                CAN2_TX_IRQHandler
 .text.CAN2_RX0_IRQHandler
                0x00000000080039d4       0x14 Core/Src/stm32f4xx_it.o
                0x00000000080039d4                CAN2_RX0_IRQHandler
 .text.CAN2_RX1_IRQHandler
                0x00000000080039e8       0x14 Core/Src/stm32f4xx_it.o
                0x00000000080039e8                CAN2_RX1_IRQHandler
 .text.SystemInit
                0x00000000080039fc       0x2c Core/Src/system_stm32f4xx.o
                0x00000000080039fc                SystemInit
 .text.ReceivePacketUART
                0x0000000008003a28       0xe8 Core/Src/uart.o
                0x0000000008003a28                ReceivePacketUART
 .text.ProcessUARTCmd
                0x0000000008003b10      0x2e0 Core/Src/uart.o
                0x0000000008003b10                ProcessUARTCmd
 .text.TrmDataPacketUART
                0x0000000008003df0      0x3cc Core/Src/uart.o
                0x0000000008003df0                TrmDataPacketUART
 .text.TrmCfmPacketUART
                0x00000000080041bc       0x6c Core/Src/uart.o
                0x00000000080041bc                TrmCfmPacketUART
 .text.Reset_Handler
                0x0000000008004228       0x50 Core/Startup/startup_stm32f407vgtx.o
                0x0000000008004228                Reset_Handler
 .text.Default_Handler
                0x0000000008004278        0x2 Core/Startup/startup_stm32f407vgtx.o
                0x0000000008004278                RTC_Alarm_IRQHandler
                0x0000000008004278                HASH_RNG_IRQHandler
                0x0000000008004278                EXTI2_IRQHandler
                0x0000000008004278                TIM8_CC_IRQHandler
                0x0000000008004278                TIM1_CC_IRQHandler
                0x0000000008004278                DMA2_Stream5_IRQHandler
                0x0000000008004278                DMA1_Stream5_IRQHandler
                0x0000000008004278                PVD_IRQHandler
                0x0000000008004278                SDIO_IRQHandler
                0x0000000008004278                TAMP_STAMP_IRQHandler
                0x0000000008004278                EXTI3_IRQHandler
                0x0000000008004278                TIM8_UP_TIM13_IRQHandler
                0x0000000008004278                I2C3_ER_IRQHandler
                0x0000000008004278                EXTI0_IRQHandler
                0x0000000008004278                I2C2_EV_IRQHandler
                0x0000000008004278                DMA1_Stream2_IRQHandler
                0x0000000008004278                CAN1_RX0_IRQHandler
                0x0000000008004278                FPU_IRQHandler
                0x0000000008004278                OTG_HS_WKUP_IRQHandler
                0x0000000008004278                CAN2_SCE_IRQHandler
                0x0000000008004278                DMA2_Stream2_IRQHandler
                0x0000000008004278                SPI1_IRQHandler
                0x0000000008004278                TIM6_DAC_IRQHandler
                0x0000000008004278                TIM1_BRK_TIM9_IRQHandler
                0x0000000008004278                DCMI_IRQHandler
                0x0000000008004278                DMA2_Stream3_IRQHandler
                0x0000000008004278                USART6_IRQHandler
                0x0000000008004278                USART3_IRQHandler
                0x0000000008004278                CAN1_RX1_IRQHandler
                0x0000000008004278                UART5_IRQHandler
                0x0000000008004278                TIM4_IRQHandler
                0x0000000008004278                I2C1_EV_IRQHandler
                0x0000000008004278                DMA1_Stream1_IRQHandler
                0x0000000008004278                UART4_IRQHandler
                0x0000000008004278                TIM3_IRQHandler
                0x0000000008004278                RCC_IRQHandler
                0x0000000008004278                TIM8_BRK_TIM12_IRQHandler
                0x0000000008004278                Default_Handler
                0x0000000008004278                EXTI15_10_IRQHandler
                0x0000000008004278                DMA1_Stream7_IRQHandler
                0x0000000008004278                TIM7_IRQHandler
                0x0000000008004278                TIM5_IRQHandler
                0x0000000008004278                DMA2_Stream7_IRQHandler
                0x0000000008004278                I2C3_EV_IRQHandler
                0x0000000008004278                EXTI9_5_IRQHandler
                0x0000000008004278                RTC_WKUP_IRQHandler
                0x0000000008004278                ETH_WKUP_IRQHandler
                0x0000000008004278                SPI2_IRQHandler
                0x0000000008004278                OTG_HS_EP1_IN_IRQHandler
                0x0000000008004278                DMA1_Stream0_IRQHandler
                0x0000000008004278                CAN1_TX_IRQHandler
                0x0000000008004278                EXTI4_IRQHandler
                0x0000000008004278                FSMC_IRQHandler
                0x0000000008004278                ETH_IRQHandler
                0x0000000008004278                OTG_HS_EP1_OUT_IRQHandler
                0x0000000008004278                WWDG_IRQHandler
                0x0000000008004278                OTG_FS_WKUP_IRQHandler
                0x0000000008004278                TIM1_TRG_COM_TIM11_IRQHandler
                0x0000000008004278                OTG_HS_IRQHandler
                0x0000000008004278                EXTI1_IRQHandler
                0x0000000008004278                I2C2_ER_IRQHandler
                0x0000000008004278                DMA2_Stream1_IRQHandler
                0x0000000008004278                CAN1_SCE_IRQHandler
                0x0000000008004278                FLASH_IRQHandler
                0x0000000008004278                DMA2_Stream4_IRQHandler
                0x0000000008004278                USART1_IRQHandler
                0x0000000008004278                OTG_FS_IRQHandler
                0x0000000008004278                SPI3_IRQHandler
                0x0000000008004278                DMA1_Stream4_IRQHandler
                0x0000000008004278                I2C1_ER_IRQHandler
                0x0000000008004278                DMA2_Stream6_IRQHandler
                0x0000000008004278                DMA1_Stream3_IRQHandler
 *fill*         0x000000000800427a        0x2 
 .text.HAL_Init
                0x000000000800427c       0x44 Drivers/STM32F4xx_HAL_Driver/Src/stm32f4xx_hal.o
                0x000000000800427c                HAL_Init
 .text.HAL_IncTick
                0x00000000080042c0       0x28 Drivers/STM32F4xx_HAL_Driver/Src/stm32f4xx_hal.o
                0x00000000080042c0                HAL_IncTick
 .text.HAL_GetTick
                0x00000000080042e8       0x18 Drivers/STM32F4xx_HAL_Driver/Src/stm32f4xx_hal.o
                0x00000000080042e8                HAL_GetTick
 .text.HAL_ADC_Init
                0x0000000008004300       0x86 Drivers/STM32F4xx_HAL_Driver/Src/stm32f4xx_hal_adc.o
                0x0000000008004300                HAL_ADC_Init
 .text.HAL_ADC_IRQHandler
                0x0000000008004386      0x282 Drivers/STM32F4xx_HAL_Driver/Src/stm32f4xx_hal_adc.o
                0x0000000008004386                HAL_ADC_IRQHandler
 .text.HAL_ADC_Start_DMA
                0x0000000008004608      0x220 Drivers/STM32F4xx_HAL_Driver/Src/stm32f4xx_hal_adc.o
                0x0000000008004608                HAL_ADC_Start_DMA
 .text.HAL_ADC_ConvHalfCpltCallback
                0x0000000008004828       0x14 Drivers/STM32F4xx_HAL_Driver/Src/stm32f4xx_hal_adc.o
                0x0000000008004828                HAL_ADC_ConvHalfCpltCallback
 .text.HAL_ADC_LevelOutOfWindowCallback
                0x000000000800483c       0x14 Drivers/STM32F4xx_HAL_Driver/Src/stm32f4xx_hal_adc.o
                0x000000000800483c                HAL_ADC_LevelOutOfWindowCallback
 .text.HAL_ADC_ErrorCallback
                0x0000000008004850       0x14 Drivers/STM32F4xx_HAL_Driver/Src/stm32f4xx_hal_adc.o
                0x0000000008004850                HAL_ADC_ErrorCallback
 .text.HAL_ADC_ConfigChannel
                0x0000000008004864      0x244 Drivers/STM32F4xx_HAL_Driver/Src/stm32f4xx_hal_adc.o
                0x0000000008004864                HAL_ADC_ConfigChannel
 .text.ADC_Init
                0x0000000008004aa8      0x1f8 Drivers/STM32F4xx_HAL_Driver/Src/stm32f4xx_hal_adc.o
 .text.ADC_DMAConvCplt
                0x0000000008004ca0       0xba Drivers/STM32F4xx_HAL_Driver/Src/stm32f4xx_hal_adc.o
 .text.ADC_DMAHalfConvCplt
                0x0000000008004d5a       0x1c Drivers/STM32F4xx_HAL_Driver/Src/stm32f4xx_hal_adc.o
 .text.ADC_DMAError
                0x0000000008004d76       0x2e Drivers/STM32F4xx_HAL_Driver/Src/stm32f4xx_hal_adc.o
 .text.HAL_ADCEx_InjectedConvCpltCallback
                0x0000000008004da4       0x14 Drivers/STM32F4xx_HAL_Driver/Src/stm32f4xx_hal_adc_ex.o
                0x0000000008004da4                HAL_ADCEx_InjectedConvCpltCallback
 .text.HAL_CAN_Init
                0x0000000008004db8      0x1f6 Drivers/STM32F4xx_HAL_Driver/Src/stm32f4xx_hal_can.o
                0x0000000008004db8                HAL_CAN_Init
 *fill*         0x0000000008004fae        0x2 
 .text.HAL_CAN_ConfigFilter
                0x0000000008004fb0      0x1c0 Drivers/STM32F4xx_HAL_Driver/Src/stm32f4xx_hal_can.o
                0x0000000008004fb0                HAL_CAN_ConfigFilter
 .text.HAL_CAN_Start
                0x0000000008005170       0x88 Drivers/STM32F4xx_HAL_Driver/Src/stm32f4xx_hal_can.o
                0x0000000008005170                HAL_CAN_Start
 .text.HAL_CAN_AddTxMessage
                0x00000000080051f8      0x1b6 Drivers/STM32F4xx_HAL_Driver/Src/stm32f4xx_hal_can.o
                0x00000000080051f8                HAL_CAN_AddTxMessage
 .text.HAL_CAN_GetTxMailboxesFreeLevel
                0x00000000080053ae       0x6a Drivers/STM32F4xx_HAL_Driver/Src/stm32f4xx_hal_can.o
                0x00000000080053ae                HAL_CAN_GetTxMailboxesFreeLevel
 .text.HAL_CAN_GetRxMessage
                0x0000000008005418      0x224 Drivers/STM32F4xx_HAL_Driver/Src/stm32f4xx_hal_can.o
                0x0000000008005418                HAL_CAN_GetRxMessage
 .text.HAL_CAN_ActivateNotification
                0x000000000800563c       0x4c Drivers/STM32F4xx_HAL_Driver/Src/stm32f4xx_hal_can.o
                0x000000000800563c                HAL_CAN_ActivateNotification
 .text.HAL_CAN_IRQHandler
                0x0000000008005688      0x36e Drivers/STM32F4xx_HAL_Driver/Src/stm32f4xx_hal_can.o
                0x0000000008005688                HAL_CAN_IRQHandler
 .text.HAL_CAN_TxMailbox0CompleteCallback
                0x00000000080059f6       0x14 Drivers/STM32F4xx_HAL_Driver/Src/stm32f4xx_hal_can.o
                0x00000000080059f6                HAL_CAN_TxMailbox0CompleteCallback
 .text.HAL_CAN_TxMailbox1CompleteCallback
                0x0000000008005a0a       0x14 Drivers/STM32F4xx_HAL_Driver/Src/stm32f4xx_hal_can.o
                0x0000000008005a0a                HAL_CAN_TxMailbox1CompleteCallback
 .text.HAL_CAN_TxMailbox2CompleteCallback
                0x0000000008005a1e       0x14 Drivers/STM32F4xx_HAL_Driver/Src/stm32f4xx_hal_can.o
                0x0000000008005a1e                HAL_CAN_TxMailbox2CompleteCallback
 .text.HAL_CAN_TxMailbox0AbortCallback
                0x0000000008005a32       0x14 Drivers/STM32F4xx_HAL_Driver/Src/stm32f4xx_hal_can.o
                0x0000000008005a32                HAL_CAN_TxMailbox0AbortCallback
 .text.HAL_CAN_TxMailbox1AbortCallback
                0x0000000008005a46       0x14 Drivers/STM32F4xx_HAL_Driver/Src/stm32f4xx_hal_can.o
                0x0000000008005a46                HAL_CAN_TxMailbox1AbortCallback
 .text.HAL_CAN_TxMailbox2AbortCallback
                0x0000000008005a5a       0x14 Drivers/STM32F4xx_HAL_Driver/Src/stm32f4xx_hal_can.o
                0x0000000008005a5a                HAL_CAN_TxMailbox2AbortCallback
 .text.HAL_CAN_RxFifo0FullCallback
                0x0000000008005a6e       0x14 Drivers/STM32F4xx_HAL_Driver/Src/stm32f4xx_hal_can.o
                0x0000000008005a6e                HAL_CAN_RxFifo0FullCallback
 .text.HAL_CAN_RxFifo1MsgPendingCallback
                0x0000000008005a82       0x14 Drivers/STM32F4xx_HAL_Driver/Src/stm32f4xx_hal_can.o
                0x0000000008005a82                HAL_CAN_RxFifo1MsgPendingCallback
 .text.HAL_CAN_RxFifo1FullCallback
                0x0000000008005a96       0x14 Drivers/STM32F4xx_HAL_Driver/Src/stm32f4xx_hal_can.o
                0x0000000008005a96                HAL_CAN_RxFifo1FullCallback
 .text.HAL_CAN_SleepCallback
                0x0000000008005aaa       0x14 Drivers/STM32F4xx_HAL_Driver/Src/stm32f4xx_hal_can.o
                0x0000000008005aaa                HAL_CAN_SleepCallback
 .text.HAL_CAN_WakeUpFromRxMsgCallback
                0x0000000008005abe       0x14 Drivers/STM32F4xx_HAL_Driver/Src/stm32f4xx_hal_can.o
                0x0000000008005abe                HAL_CAN_WakeUpFromRxMsgCallback
 .text.HAL_CAN_ErrorCallback
                0x0000000008005ad2       0x14 Drivers/STM32F4xx_HAL_Driver/Src/stm32f4xx_hal_can.o
                0x0000000008005ad2                HAL_CAN_ErrorCallback
 *fill*         0x0000000008005ae6        0x2 
 .text.__NVIC_SetPriorityGrouping
                0x0000000008005ae8       0x48 Drivers/STM32F4xx_HAL_Driver/Src/stm32f4xx_hal_cortex.o
 .text.__NVIC_GetPriorityGrouping
                0x0000000008005b30       0x1c Drivers/STM32F4xx_HAL_Driver/Src/stm32f4xx_hal_cortex.o
 .text.__NVIC_EnableIRQ
                0x0000000008005b4c       0x3c Drivers/STM32F4xx_HAL_Driver/Src/stm32f4xx_hal_cortex.o
 .text.__NVIC_SetPriority
                0x0000000008005b88       0x54 Drivers/STM32F4xx_HAL_Driver/Src/stm32f4xx_hal_cortex.o
 .text.NVIC_EncodePriority
                0x0000000008005bdc       0x66 Drivers/STM32F4xx_HAL_Driver/Src/stm32f4xx_hal_cortex.o
 .text.HAL_NVIC_SetPriorityGrouping
                0x0000000008005c42       0x16 Drivers/STM32F4xx_HAL_Driver/Src/stm32f4xx_hal_cortex.o
                0x0000000008005c42                HAL_NVIC_SetPriorityGrouping
 .text.HAL_NVIC_SetPriority
                0x0000000008005c58       0x38 Drivers/STM32F4xx_HAL_Driver/Src/stm32f4xx_hal_cortex.o
                0x0000000008005c58                HAL_NVIC_SetPriority
 .text.HAL_NVIC_EnableIRQ
                0x0000000008005c90       0x1c Drivers/STM32F4xx_HAL_Driver/Src/stm32f4xx_hal_cortex.o
                0x0000000008005c90                HAL_NVIC_EnableIRQ
 .text.HAL_DMA_Init
                0x0000000008005cac      0x15c Drivers/STM32F4xx_HAL_Driver/Src/stm32f4xx_hal_dma.o
                0x0000000008005cac                HAL_DMA_Init
 .text.HAL_DMA_Start_IT
                0x0000000008005e08       0xb0 Drivers/STM32F4xx_HAL_Driver/Src/stm32f4xx_hal_dma.o
                0x0000000008005e08                HAL_DMA_Start_IT
 .text.HAL_DMA_Abort
                0x0000000008005eb8       0xe0 Drivers/STM32F4xx_HAL_Driver/Src/stm32f4xx_hal_dma.o
                0x0000000008005eb8                HAL_DMA_Abort
 .text.HAL_DMA_Abort_IT
                0x0000000008005f98       0x44 Drivers/STM32F4xx_HAL_Driver/Src/stm32f4xx_hal_dma.o
                0x0000000008005f98                HAL_DMA_Abort_IT
 .text.HAL_DMA_IRQHandler
                0x0000000008005fdc      0x314 Drivers/STM32F4xx_HAL_Driver/Src/stm32f4xx_hal_dma.o
                0x0000000008005fdc                HAL_DMA_IRQHandler
 .text.DMA_SetConfig
                0x00000000080062f0       0x5c Drivers/STM32F4xx_HAL_Driver/Src/stm32f4xx_hal_dma.o
 .text.DMA_CalcBaseAndBitshift
                0x000000000800634c       0x6c Drivers/STM32F4xx_HAL_Driver/Src/stm32f4xx_hal_dma.o
 .text.DMA_CheckFifoParam
                0x00000000080063b8       0xf8 Drivers/STM32F4xx_HAL_Driver/Src/stm32f4xx_hal_dma.o
 .text.HAL_FLASH_Program
                0x00000000080064b0       0xa8 Drivers/STM32F4xx_HAL_Driver/Src/stm32f4xx_hal_flash.o
                0x00000000080064b0                HAL_FLASH_Program
 .text.HAL_FLASH_Unlock
                0x0000000008006558       0x44 Drivers/STM32F4xx_HAL_Driver/Src/stm32f4xx_hal_flash.o
                0x0000000008006558                HAL_FLASH_Unlock
 .text.HAL_FLASH_Lock
                0x000000000800659c       0x20 Drivers/STM32F4xx_HAL_Driver/Src/stm32f4xx_hal_flash.o
                0x000000000800659c                HAL_FLASH_Lock
 .text.FLASH_WaitForLastOperation
                0x00000000080065bc       0x80 Drivers/STM32F4xx_HAL_Driver/Src/stm32f4xx_hal_flash.o
                0x00000000080065bc                FLASH_WaitForLastOperation
 .text.FLASH_Program_DoubleWord
                0x000000000800663c       0x64 Drivers/STM32F4xx_HAL_Driver/Src/stm32f4xx_hal_flash.o
 .text.FLASH_Program_Word
                0x00000000080066a0       0x44 Drivers/STM32F4xx_HAL_Driver/Src/stm32f4xx_hal_flash.o
 .text.FLASH_Program_HalfWord
                0x00000000080066e4       0x48 Drivers/STM32F4xx_HAL_Driver/Src/stm32f4xx_hal_flash.o
 .text.FLASH_Program_Byte
                0x000000000800672c       0x44 Drivers/STM32F4xx_HAL_Driver/Src/stm32f4xx_hal_flash.o
 .text.FLASH_SetErrorCode
                0x0000000008006770       0xac Drivers/STM32F4xx_HAL_Driver/Src/stm32f4xx_hal_flash.o
 .text.HAL_FLASHEx_Erase
                0x000000000800681c       0xe0 Drivers/STM32F4xx_HAL_Driver/Src/stm32f4xx_hal_flash_ex.o
                0x000000000800681c                HAL_FLASHEx_Erase
 .text.FLASH_MassErase
                0x00000000080068fc       0x48 Drivers/STM32F4xx_HAL_Driver/Src/stm32f4xx_hal_flash_ex.o
 .text.FLASH_Erase_Sector
                0x0000000008006944       0x90 Drivers/STM32F4xx_HAL_Driver/Src/stm32f4xx_hal_flash_ex.o
                0x0000000008006944                FLASH_Erase_Sector
 .text.FLASH_FlushCaches
                0x00000000080069d4       0x8c Drivers/STM32F4xx_HAL_Driver/Src/stm32f4xx_hal_flash_ex.o
                0x00000000080069d4                FLASH_FlushCaches
 .text.HAL_GPIO_Init
                0x0000000008006a60      0x338 Drivers/STM32F4xx_HAL_Driver/Src/stm32f4xx_hal_gpio.o
                0x0000000008006a60                HAL_GPIO_Init
 .text.HAL_GPIO_WritePin
                0x0000000008006d98       0x32 Drivers/STM32F4xx_HAL_Driver/Src/stm32f4xx_hal_gpio.o
                0x0000000008006d98                HAL_GPIO_WritePin
 *fill*         0x0000000008006dca        0x2 
 .text.HAL_RCC_OscConfig
                0x0000000008006dcc      0x4f0 Drivers/STM32F4xx_HAL_Driver/Src/stm32f4xx_hal_rcc.o
                0x0000000008006dcc                HAL_RCC_OscConfig
 .text.HAL_RCC_ClockConfig
                0x00000000080072bc      0x1cc Drivers/STM32F4xx_HAL_Driver/Src/stm32f4xx_hal_rcc.o
                0x00000000080072bc                HAL_RCC_ClockConfig
 .text.HAL_RCC_GetSysClockFreq
                0x0000000008007488      0x1c4 Drivers/STM32F4xx_HAL_Driver/Src/stm32f4xx_hal_rcc.o
                0x0000000008007488                HAL_RCC_GetSysClockFreq
 .text.HAL_RCC_GetHCLKFreq
                0x000000000800764c       0x18 Drivers/STM32F4xx_HAL_Driver/Src/stm32f4xx_hal_rcc.o
                0x000000000800764c                HAL_RCC_GetHCLKFreq
 .text.HAL_RCC_GetPCLK1Freq
                0x0000000008007664       0x28 Drivers/STM32F4xx_HAL_Driver/Src/stm32f4xx_hal_rcc.o
                0x0000000008007664                HAL_RCC_GetPCLK1Freq
 .text.HAL_RCC_GetPCLK2Freq
                0x000000000800768c       0x28 Drivers/STM32F4xx_HAL_Driver/Src/stm32f4xx_hal_rcc.o
                0x000000000800768c                HAL_RCC_GetPCLK2Freq
 .text.HAL_RCC_GetClockConfig
                0x00000000080076b4       0x64 Drivers/STM32F4xx_HAL_Driver/Src/stm32f4xx_hal_rcc.o
                0x00000000080076b4                HAL_RCC_GetClockConfig
 .text.HAL_TIM_Base_Init
                0x0000000008007718       0x9e Drivers/STM32F4xx_HAL_Driver/Src/stm32f4xx_hal_tim.o
                0x0000000008007718                HAL_TIM_Base_Init
 *fill*         0x00000000080077b6        0x2 
 .text.HAL_TIM_Base_Start_IT
                0x00000000080077b8       0xe0 Drivers/STM32F4xx_HAL_Driver/Src/stm32f4xx_hal_tim.o
                0x00000000080077b8                HAL_TIM_Base_Start_IT
 .text.HAL_TIM_PWM_Init
                0x0000000008007898       0x9e Drivers/STM32F4xx_HAL_Driver/Src/stm32f4xx_hal_tim.o
                0x0000000008007898                HAL_TIM_PWM_Init
 .text.HAL_TIM_PWM_MspInit
                0x0000000008007936       0x14 Drivers/STM32F4xx_HAL_Driver/Src/stm32f4xx_hal_tim.o
                0x0000000008007936                HAL_TIM_PWM_MspInit
 .text.HAL_TIM_IRQHandler
                0x000000000800794a      0x210 Drivers/STM32F4xx_HAL_Driver/Src/stm32f4xx_hal_tim.o
                0x000000000800794a                HAL_TIM_IRQHandler
 *fill*         0x0000000008007b5a        0x2 
 .text.HAL_TIM_PWM_ConfigChannel
                0x0000000008007b5c      0x17c Drivers/STM32F4xx_HAL_Driver/Src/stm32f4xx_hal_tim.o
                0x0000000008007b5c                HAL_TIM_PWM_ConfigChannel
 .text.HAL_TIM_ConfigClockSource
                0x0000000008007cd8      0x188 Drivers/STM32F4xx_HAL_Driver/Src/stm32f4xx_hal_tim.o
                0x0000000008007cd8                HAL_TIM_ConfigClockSource
 .text.HAL_TIM_OC_DelayElapsedCallback
                0x0000000008007e60       0x14 Drivers/STM32F4xx_HAL_Driver/Src/stm32f4xx_hal_tim.o
                0x0000000008007e60                HAL_TIM_OC_DelayElapsedCallback
 .text.HAL_TIM_IC_CaptureCallback
                0x0000000008007e74       0x14 Drivers/STM32F4xx_HAL_Driver/Src/stm32f4xx_hal_tim.o
                0x0000000008007e74                HAL_TIM_IC_CaptureCallback
 .text.HAL_TIM_PWM_PulseFinishedCallback
                0x0000000008007e88       0x14 Drivers/STM32F4xx_HAL_Driver/Src/stm32f4xx_hal_tim.o
                0x0000000008007e88                HAL_TIM_PWM_PulseFinishedCallback
 .text.HAL_TIM_TriggerCallback
                0x0000000008007e9c       0x14 Drivers/STM32F4xx_HAL_Driver/Src/stm32f4xx_hal_tim.o
                0x0000000008007e9c                HAL_TIM_TriggerCallback
 .text.TIM_Base_SetConfig
                0x0000000008007eb0      0x140 Drivers/STM32F4xx_HAL_Driver/Src/stm32f4xx_hal_tim.o
                0x0000000008007eb0                TIM_Base_SetConfig
 .text.TIM_OC1_SetConfig
                0x0000000008007ff0       0xe0 Drivers/STM32F4xx_HAL_Driver/Src/stm32f4xx_hal_tim.o
 .text.TIM_OC2_SetConfig
                0x00000000080080d0       0xec Drivers/STM32F4xx_HAL_Driver/Src/stm32f4xx_hal_tim.o
                0x00000000080080d0                TIM_OC2_SetConfig
 .text.TIM_OC3_SetConfig
                0x00000000080081bc       0xe8 Drivers/STM32F4xx_HAL_Driver/Src/stm32f4xx_hal_tim.o
 .text.TIM_OC4_SetConfig
                0x00000000080082a4       0xac Drivers/STM32F4xx_HAL_Driver/Src/stm32f4xx_hal_tim.o
 .text.TIM_TI1_ConfigInputStage
                0x0000000008008350       0x5e Drivers/STM32F4xx_HAL_Driver/Src/stm32f4xx_hal_tim.o
 .text.TIM_TI2_ConfigInputStage
                0x00000000080083ae       0x60 Drivers/STM32F4xx_HAL_Driver/Src/stm32f4xx_hal_tim.o
 .text.TIM_ITRx_SetConfig
                0x000000000800840e       0x36 Drivers/STM32F4xx_HAL_Driver/Src/stm32f4xx_hal_tim.o
 .text.TIM_ETR_SetConfig
                0x0000000008008444       0x40 Drivers/STM32F4xx_HAL_Driver/Src/stm32f4xx_hal_tim.o
                0x0000000008008444                TIM_ETR_SetConfig
 .text.HAL_TIMEx_MasterConfigSynchronization
                0x0000000008008484       0xf8 Drivers/STM32F4xx_HAL_Driver/Src/stm32f4xx_hal_tim_ex.o
                0x0000000008008484                HAL_TIMEx_MasterConfigSynchronization
 .text.HAL_TIMEx_ConfigBreakDeadTime
                0x000000000800857c       0xa4 Drivers/STM32F4xx_HAL_Driver/Src/stm32f4xx_hal_tim_ex.o
                0x000000000800857c                HAL_TIMEx_ConfigBreakDeadTime
 .text.HAL_TIMEx_CommutCallback
                0x0000000008008620       0x14 Drivers/STM32F4xx_HAL_Driver/Src/stm32f4xx_hal_tim_ex.o
                0x0000000008008620                HAL_TIMEx_CommutCallback
 .text.HAL_TIMEx_BreakCallback
                0x0000000008008634       0x14 Drivers/STM32F4xx_HAL_Driver/Src/stm32f4xx_hal_tim_ex.o
                0x0000000008008634                HAL_TIMEx_BreakCallback
 .text.HAL_UART_Init
                0x0000000008008648       0x9a Drivers/STM32F4xx_HAL_Driver/Src/stm32f4xx_hal_uart.o
                0x0000000008008648                HAL_UART_Init
 *fill*         0x00000000080086e2        0x2 
 .text.HAL_UART_Transmit_DMA
                0x00000000080086e4       0xd8 Drivers/STM32F4xx_HAL_Driver/Src/stm32f4xx_hal_uart.o
                0x00000000080086e4                HAL_UART_Transmit_DMA
 .text.HAL_UART_IRQHandler
                0x00000000080087bc      0x358 Drivers/STM32F4xx_HAL_Driver/Src/stm32f4xx_hal_uart.o
                0x00000000080087bc                HAL_UART_IRQHandler
 .text.HAL_UART_TxHalfCpltCallback
                0x0000000008008b14       0x14 Drivers/STM32F4xx_HAL_Driver/Src/stm32f4xx_hal_uart.o
                0x0000000008008b14                HAL_UART_TxHalfCpltCallback
 .text.HAL_UART_RxCpltCallback
                0x0000000008008b28       0x14 Drivers/STM32F4xx_HAL_Driver/Src/stm32f4xx_hal_uart.o
                0x0000000008008b28                HAL_UART_RxCpltCallback
 .text.HAL_UART_ErrorCallback
                0x0000000008008b3c       0x14 Drivers/STM32F4xx_HAL_Driver/Src/stm32f4xx_hal_uart.o
                0x0000000008008b3c                HAL_UART_ErrorCallback
 .text.HAL_UARTEx_RxEventCallback
                0x0000000008008b50       0x18 Drivers/STM32F4xx_HAL_Driver/Src/stm32f4xx_hal_uart.o
                0x0000000008008b50                HAL_UARTEx_RxEventCallback
 .text.UART_DMATransmitCplt
                0x0000000008008b68       0x52 Drivers/STM32F4xx_HAL_Driver/Src/stm32f4xx_hal_uart.o
 .text.UART_DMATxHalfCplt
                0x0000000008008bba       0x1c Drivers/STM32F4xx_HAL_Driver/Src/stm32f4xx_hal_uart.o
 .text.UART_DMAError
                0x0000000008008bd6       0x94 Drivers/STM32F4xx_HAL_Driver/Src/stm32f4xx_hal_uart.o
 .text.UART_EndTxTransfer
                0x0000000008008c6a       0x2c Drivers/STM32F4xx_HAL_Driver/Src/stm32f4xx_hal_uart.o
 .text.UART_EndRxTransfer
                0x0000000008008c96       0x5a Drivers/STM32F4xx_HAL_Driver/Src/stm32f4xx_hal_uart.o
 .text.UART_DMAAbortOnError
                0x0000000008008cf0       0x28 Drivers/STM32F4xx_HAL_Driver/Src/stm32f4xx_hal_uart.o
 .text.UART_Transmit_IT
                0x0000000008008d18       0xa0 Drivers/STM32F4xx_HAL_Driver/Src/stm32f4xx_hal_uart.o
 .text.UART_EndTransmit_IT
                0x0000000008008db8       0x30 Drivers/STM32F4xx_HAL_Driver/Src/stm32f4xx_hal_uart.o
 .text.UART_Receive_IT
                0x0000000008008de8      0x12e Drivers/STM32F4xx_HAL_Driver/Src/stm32f4xx_hal_uart.o
 *fill*         0x0000000008008f16        0x2 
 .text.UART_SetConfig
                0x0000000008008f18      0x390 Drivers/STM32F4xx_HAL_Driver/Src/stm32f4xx_hal_uart.o
 .text.__NVIC_SetPriority
                0x00000000080092a8       0x54 Middlewares/Third_Party/FreeRTOS/Source/CMSIS_RTOS_V2/cmsis_os2.o
 .text.SysTick_Handler
                0x00000000080092fc       0x20 Middlewares/Third_Party/FreeRTOS/Source/CMSIS_RTOS_V2/cmsis_os2.o
                0x00000000080092fc                SysTick_Handler
 .text.SVC_Setup
                0x000000000800931c       0x12 Middlewares/Third_Party/FreeRTOS/Source/CMSIS_RTOS_V2/cmsis_os2.o
 *fill*         0x000000000800932e        0x2 
 .text.osKernelInitialize
                0x0000000008009330       0x48 Middlewares/Third_Party/FreeRTOS/Source/CMSIS_RTOS_V2/cmsis_os2.o
                0x0000000008009330                osKernelInitialize
 .text.osKernelStart
                0x0000000008009378       0x4c Middlewares/Third_Party/FreeRTOS/Source/CMSIS_RTOS_V2/cmsis_os2.o
                0x0000000008009378                osKernelStart
 .text.osThreadNew
                0x00000000080093c4      0x124 Middlewares/Third_Party/FreeRTOS/Source/CMSIS_RTOS_V2/cmsis_os2.o
                0x00000000080093c4                osThreadNew
 .text.osDelay  0x00000000080094e8       0x36 Middlewares/Third_Party/FreeRTOS/Source/CMSIS_RTOS_V2/cmsis_os2.o
                0x00000000080094e8                osDelay
 .text.osSemaphoreNew
                0x000000000800951e      0x112 Middlewares/Third_Party/FreeRTOS/Source/CMSIS_RTOS_V2/cmsis_os2.o
                0x000000000800951e                osSemaphoreNew
 .text.osSemaphoreAcquire
                0x0000000008009630       0xa4 Middlewares/Third_Party/FreeRTOS/Source/CMSIS_RTOS_V2/cmsis_os2.o
                0x0000000008009630                osSemaphoreAcquire
 .text.osSemaphoreRelease
                0x00000000080096d4       0x88 Middlewares/Third_Party/FreeRTOS/Source/CMSIS_RTOS_V2/cmsis_os2.o
                0x00000000080096d4                osSemaphoreRelease
 .text.vApplicationGetIdleTaskMemory
                0x000000000800975c       0x34 Middlewares/Third_Party/FreeRTOS/Source/CMSIS_RTOS_V2/cmsis_os2.o
                0x000000000800975c                vApplicationGetIdleTaskMemory
 .text.vApplicationGetTimerTaskMemory
                0x0000000008009790       0x34 Middlewares/Third_Party/FreeRTOS/Source/CMSIS_RTOS_V2/cmsis_os2.o
                0x0000000008009790                vApplicationGetTimerTaskMemory
 .text.vListInitialise
                0x00000000080097c4       0x40 Middlewares/Third_Party/FreeRTOS/Source/list.o
                0x00000000080097c4                vListInitialise
 .text.vListInitialiseItem
                0x0000000008009804       0x1a Middlewares/Third_Party/FreeRTOS/Source/list.o
                0x0000000008009804                vListInitialiseItem
 .text.vListInsertEnd
                0x000000000800981e       0x48 Middlewares/Third_Party/FreeRTOS/Source/list.o
                0x000000000800981e                vListInsertEnd
 .text.vListInsert
                0x0000000008009866       0x72 Middlewares/Third_Party/FreeRTOS/Source/list.o
                0x0000000008009866                vListInsert
 .text.uxListRemove
                0x00000000080098d8       0x54 Middlewares/Third_Party/FreeRTOS/Source/list.o
                0x00000000080098d8                uxListRemove
 .text.xQueueGenericReset
                0x000000000800992c       0xd0 Middlewares/Third_Party/FreeRTOS/Source/queue.o
                0x000000000800992c                xQueueGenericReset
 .text.xQueueGenericCreateStatic
                0x00000000080099fc       0xf0 Middlewares/Third_Party/FreeRTOS/Source/queue.o
                0x00000000080099fc                xQueueGenericCreateStatic
 .text.xQueueGenericCreate
                0x0000000008009aec       0x74 Middlewares/Third_Party/FreeRTOS/Source/queue.o
                0x0000000008009aec                xQueueGenericCreate
 .text.prvInitialiseNewQueue
                0x0000000008009b60       0x46 Middlewares/Third_Party/FreeRTOS/Source/queue.o
 .text.xQueueCreateCountingSemaphoreStatic
                0x0000000008009ba6       0x6e Middlewares/Third_Party/FreeRTOS/Source/queue.o
                0x0000000008009ba6                xQueueCreateCountingSemaphoreStatic
 .text.xQueueCreateCountingSemaphore
                0x0000000008009c14       0x66 Middlewares/Third_Party/FreeRTOS/Source/queue.o
                0x0000000008009c14                xQueueCreateCountingSemaphore
 *fill*         0x0000000008009c7a        0x2 
 .text.xQueueGenericSend
                0x0000000008009c7c      0x1fc Middlewares/Third_Party/FreeRTOS/Source/queue.o
                0x0000000008009c7c                xQueueGenericSend
 .text.xQueueGenericSendFromISR
                0x0000000008009e78      0x136 Middlewares/Third_Party/FreeRTOS/Source/queue.o
                0x0000000008009e78                xQueueGenericSendFromISR
 .text.xQueueGiveFromISR
                0x0000000008009fae      0x11a Middlewares/Third_Party/FreeRTOS/Source/queue.o
                0x0000000008009fae                xQueueGiveFromISR
 .text.xQueueReceive
                0x000000000800a0c8      0x1c0 Middlewares/Third_Party/FreeRTOS/Source/queue.o
                0x000000000800a0c8                xQueueReceive
 .text.xQueueSemaphoreTake
                0x000000000800a288      0x218 Middlewares/Third_Party/FreeRTOS/Source/queue.o
                0x000000000800a288                xQueueSemaphoreTake
 .text.xQueueReceiveFromISR
                0x000000000800a4a0      0x100 Middlewares/Third_Party/FreeRTOS/Source/queue.o
                0x000000000800a4a0                xQueueReceiveFromISR
 .text.vQueueDelete
                0x000000000800a5a0       0x46 Middlewares/Third_Party/FreeRTOS/Source/queue.o
                0x000000000800a5a0                vQueueDelete
 .text.prvGetDisinheritPriorityAfterTimeout
                0x000000000800a5e6       0x30 Middlewares/Third_Party/FreeRTOS/Source/queue.o
 .text.prvCopyDataToQueue
                0x000000000800a616       0xd4 Middlewares/Third_Party/FreeRTOS/Source/queue.o
 .text.prvCopyDataFromQueue
                0x000000000800a6ea       0x4c Middlewares/Third_Party/FreeRTOS/Source/queue.o
 .text.prvUnlockQueue
                0x000000000800a736       0xa4 Middlewares/Third_Party/FreeRTOS/Source/queue.o
 .text.prvIsQueueEmpty
                0x000000000800a7da       0x2c Middlewares/Third_Party/FreeRTOS/Source/queue.o
 .text.prvIsQueueFull
                0x000000000800a806       0x30 Middlewares/Third_Party/FreeRTOS/Source/queue.o
 *fill*         0x000000000800a836        0x2 
 .text.vQueueAddToRegistry
                0x000000000800a838       0x54 Middlewares/Third_Party/FreeRTOS/Source/queue.o
                0x000000000800a838                vQueueAddToRegistry
 .text.vQueueUnregisterQueue
                0x000000000800a88c       0x54 Middlewares/Third_Party/FreeRTOS/Source/queue.o
                0x000000000800a88c                vQueueUnregisterQueue
 .text.vQueueWaitForMessageRestricted
                0x000000000800a8e0       0x68 Middlewares/Third_Party/FreeRTOS/Source/queue.o
                0x000000000800a8e0                vQueueWaitForMessageRestricted
 .text.xTaskCreateStatic
                0x000000000800a948       0xba Middlewares/Third_Party/FreeRTOS/Source/tasks.o
                0x000000000800a948                xTaskCreateStatic
 .text.xTaskCreate
                0x000000000800aa02       0x8a Middlewares/Third_Party/FreeRTOS/Source/tasks.o
                0x000000000800aa02                xTaskCreate
 .text.prvInitialiseNewTask
                0x000000000800aa8c      0x11e Middlewares/Third_Party/FreeRTOS/Source/tasks.o
 *fill*         0x000000000800abaa        0x2 
 .text.prvAddNewTaskToReadyList
                0x000000000800abac       0xe0 Middlewares/Third_Party/FreeRTOS/Source/tasks.o
 .text.vTaskDelay
                0x000000000800ac8c       0x68 Middlewares/Third_Party/FreeRTOS/Source/tasks.o
                0x000000000800ac8c                vTaskDelay
 .text.vTaskStartScheduler
                0x000000000800acf4       0xcc Middlewares/Third_Party/FreeRTOS/Source/tasks.o
                0x000000000800acf4                vTaskStartScheduler
 .text.vTaskSuspendAll
                0x000000000800adc0       0x1c Middlewares/Third_Party/FreeRTOS/Source/tasks.o
                0x000000000800adc0                vTaskSuspendAll
 .text.xTaskResumeAll
                0x000000000800addc      0x13c Middlewares/Third_Party/FreeRTOS/Source/tasks.o
                0x000000000800addc                xTaskResumeAll
 .text.xTaskGetTickCount
                0x000000000800af18       0x20 Middlewares/Third_Party/FreeRTOS/Source/tasks.o
                0x000000000800af18                xTaskGetTickCount
 .text.xTaskIncrementTick
                0x000000000800af38      0x174 Middlewares/Third_Party/FreeRTOS/Source/tasks.o
                0x000000000800af38                xTaskIncrementTick
 .text.vTaskSwitchContext
                0x000000000800b0ac       0xbc Middlewares/Third_Party/FreeRTOS/Source/tasks.o
                0x000000000800b0ac                vTaskSwitchContext
 .text.vTaskPlaceOnEventList
                0x000000000800b168       0x48 Middlewares/Third_Party/FreeRTOS/Source/tasks.o
                0x000000000800b168                vTaskPlaceOnEventList
 .text.vTaskPlaceOnEventListRestricted
                0x000000000800b1b0       0x58 Middlewares/Third_Party/FreeRTOS/Source/tasks.o
                0x000000000800b1b0                vTaskPlaceOnEventListRestricted
 .text.xTaskRemoveFromEventList
                0x000000000800b208       0xc8 Middlewares/Third_Party/FreeRTOS/Source/tasks.o
                0x000000000800b208                xTaskRemoveFromEventList
 .text.vTaskInternalSetTimeOutState
                0x000000000800b2d0       0x2c Middlewares/Third_Party/FreeRTOS/Source/tasks.o
                0x000000000800b2d0                vTaskInternalSetTimeOutState
 .text.xTaskCheckForTimeOut
                0x000000000800b2fc       0xc4 Middlewares/Third_Party/FreeRTOS/Source/tasks.o
                0x000000000800b2fc                xTaskCheckForTimeOut
 .text.vTaskMissedYield
                0x000000000800b3c0       0x18 Middlewares/Third_Party/FreeRTOS/Source/tasks.o
                0x000000000800b3c0                vTaskMissedYield
 .text.prvIdleTask
                0x000000000800b3d8       0x30 Middlewares/Third_Party/FreeRTOS/Source/tasks.o
 .text.prvInitialiseTaskLists
                0x000000000800b408       0x80 Middlewares/Third_Party/FreeRTOS/Source/tasks.o
 .text.prvCheckTasksWaitingTermination
                0x000000000800b488       0x5c Middlewares/Third_Party/FreeRTOS/Source/tasks.o
 .text.prvDeleteTCB
                0x000000000800b4e4       0x5e Middlewares/Third_Party/FreeRTOS/Source/tasks.o
 *fill*         0x000000000800b542        0x2 
 .text.prvResetNextTaskUnblockTime
                0x000000000800b544       0x40 Middlewares/Third_Party/FreeRTOS/Source/tasks.o
 .text.xTaskGetSchedulerState
                0x000000000800b584       0x3c Middlewares/Third_Party/FreeRTOS/Source/tasks.o
                0x000000000800b584                xTaskGetSchedulerState
 .text.xTaskPriorityInherit
                0x000000000800b5c0       0xd0 Middlewares/Third_Party/FreeRTOS/Source/tasks.o
                0x000000000800b5c0                xTaskPriorityInherit
 .text.xTaskPriorityDisinherit
                0x000000000800b690       0xdc Middlewares/Third_Party/FreeRTOS/Source/tasks.o
                0x000000000800b690                xTaskPriorityDisinherit
 .text.vTaskPriorityDisinheritAfterTimeout
                0x000000000800b76c      0x104 Middlewares/Third_Party/FreeRTOS/Source/tasks.o
                0x000000000800b76c                vTaskPriorityDisinheritAfterTimeout
 .text.pvTaskIncrementMutexHeldCount
                0x000000000800b870       0x28 Middlewares/Third_Party/FreeRTOS/Source/tasks.o
                0x000000000800b870                pvTaskIncrementMutexHeldCount
 .text.prvAddCurrentTaskToDelayedList
                0x000000000800b898       0xa8 Middlewares/Third_Party/FreeRTOS/Source/tasks.o
 .text.xTimerCreateTimerTask
                0x000000000800b940       0x90 Middlewares/Third_Party/FreeRTOS/Source/timers.o
                0x000000000800b940                xTimerCreateTimerTask
 .text.xTimerGenericCommand
                0x000000000800b9d0       0x9c Middlewares/Third_Party/FreeRTOS/Source/timers.o
                0x000000000800b9d0                xTimerGenericCommand
 .text.prvProcessExpiredTimer
                0x000000000800ba6c       0x98 Middlewares/Third_Party/FreeRTOS/Source/timers.o
 .text.prvTimerTask
                0x000000000800bb04       0x24 Middlewares/Third_Party/FreeRTOS/Source/timers.o
 .text.prvProcessTimerOrBlockTask
                0x000000000800bb28       0x9c Middlewares/Third_Party/FreeRTOS/Source/timers.o
 .text.prvGetNextExpireTime
                0x000000000800bbc4       0x48 Middlewares/Third_Party/FreeRTOS/Source/timers.o
 .text.prvSampleTimeNow
                0x000000000800bc0c       0x40 Middlewares/Third_Party/FreeRTOS/Source/timers.o
 .text.prvInsertTimerInActiveList
                0x000000000800bc4c       0x84 Middlewares/Third_Party/FreeRTOS/Source/timers.o
 .text.prvProcessReceivedCommands
                0x000000000800bcd0      0x1c4 Middlewares/Third_Party/FreeRTOS/Source/timers.o
 .text.prvSwitchTimerLists
                0x000000000800be94       0xc8 Middlewares/Third_Party/FreeRTOS/Source/timers.o
 .text.prvCheckForValidListAndQueue
                0x000000000800bf5c       0x80 Middlewares/Third_Party/FreeRTOS/Source/timers.o
 .text.pxPortInitialiseStack
                0x000000000800bfdc       0x68 Middlewares/Third_Party/FreeRTOS/Source/portable/GCC/ARM_CM4F/port.o
                0x000000000800bfdc                pxPortInitialiseStack
 .text.prvTaskExitError
                0x000000000800c044       0x58 Middlewares/Third_Party/FreeRTOS/Source/portable/GCC/ARM_CM4F/port.o
 *fill*         0x000000000800c09c        0x4 
 .text.SVC_Handler
                0x000000000800c0a0       0x28 Middlewares/Third_Party/FreeRTOS/Source/portable/GCC/ARM_CM4F/port.o
                0x000000000800c0a0                SVC_Handler
 .text.prvPortStartFirstTask
                0x000000000800c0c8       0x28 Middlewares/Third_Party/FreeRTOS/Source/portable/GCC/ARM_CM4F/port.o
 .text.xPortStartScheduler
                0x000000000800c0f0      0x144 Middlewares/Third_Party/FreeRTOS/Source/portable/GCC/ARM_CM4F/port.o
                0x000000000800c0f0                xPortStartScheduler
 .text.vPortEnterCritical
                0x000000000800c234       0x60 Middlewares/Third_Party/FreeRTOS/Source/portable/GCC/ARM_CM4F/port.o
                0x000000000800c234                vPortEnterCritical
 .text.vPortExitCritical
                0x000000000800c294       0x54 Middlewares/Third_Party/FreeRTOS/Source/portable/GCC/ARM_CM4F/port.o
                0x000000000800c294                vPortExitCritical
 *fill*         0x000000000800c2e8        0x8 
 .text.PendSV_Handler
                0x000000000800c2f0       0x68 Middlewares/Third_Party/FreeRTOS/Source/portable/GCC/ARM_CM4F/port.o
                0x000000000800c2f0                PendSV_Handler
 .text.xPortSysTickHandler
                0x000000000800c358       0x44 Middlewares/Third_Party/FreeRTOS/Source/portable/GCC/ARM_CM4F/port.o
                0x000000000800c358                xPortSysTickHandler
 .text.vPortSetupTimerInterrupt
                0x000000000800c39c       0x48 Middlewares/Third_Party/FreeRTOS/Source/portable/GCC/ARM_CM4F/port.o
                0x000000000800c39c                vPortSetupTimerInterrupt
 .text.vPortEnableVFP
                0x000000000800c3e4       0x14 Middlewares/Third_Party/FreeRTOS/Source/portable/GCC/ARM_CM4F/port.o
 .text.vPortValidateInterruptPriority
                0x000000000800c3f8       0x80 Middlewares/Third_Party/FreeRTOS/Source/portable/GCC/ARM_CM4F/port.o
                0x000000000800c3f8                vPortValidateInterruptPriority
 .text.pvPortMalloc
                0x000000000800c478      0x198 Middlewares/Third_Party/FreeRTOS/Source/portable/MemMang/heap_4.o
                0x000000000800c478                pvPortMalloc
 .text.vPortFree
                0x000000000800c610       0xc4 Middlewares/Third_Party/FreeRTOS/Source/portable/MemMang/heap_4.o
                0x000000000800c610                vPortFree
 .text.prvHeapInit
                0x000000000800c6d4       0xc4 Middlewares/Third_Party/FreeRTOS/Source/portable/MemMang/heap_4.o
 .text.prvInsertBlockIntoFreeList
                0x000000000800c798       0xb4 Middlewares/Third_Party/FreeRTOS/Source/portable/MemMang/heap_4.o
 .text.acos     0x000000000800c84c       0x74 c:/st/stm32cubeide_1.6.1/stm32cubeide/plugins/com.st.stm32cube.ide.mcu.externaltools.gnu-tools-for-stm32.9-2020-q2-update.win32_1.5.0.202011040924/tools/bin/../lib/gcc/arm-none-eabi/9.3.1/../../../../arm-none-eabi/lib/thumb/v7e-m+fp/hard\libm.a(lib_a-w_acos.o)
                0x000000000800c84c                acos
 .text.sqrt     0x000000000800c8c0       0x68 c:/st/stm32cubeide_1.6.1/stm32cubeide/plugins/com.st.stm32cube.ide.mcu.externaltools.gnu-tools-for-stm32.9-2020-q2-update.win32_1.5.0.202011040924/tools/bin/../lib/gcc/arm-none-eabi/9.3.1/../../../../arm-none-eabi/lib/thumb/v7e-m+fp/hard\libm.a(lib_a-w_sqrt.o)
                0x000000000800c8c0                sqrt
 .text.__ieee754_acos
                0x000000000800c928      0x4c0 c:/st/stm32cubeide_1.6.1/stm32cubeide/plugins/com.st.stm32cube.ide.mcu.externaltools.gnu-tools-for-stm32.9-2020-q2-update.win32_1.5.0.202011040924/tools/bin/../lib/gcc/arm-none-eabi/9.3.1/../../../../arm-none-eabi/lib/thumb/v7e-m+fp/hard\libm.a(lib_a-e_acos.o)
                0x000000000800c928                __ieee754_acos
 .text.__ieee754_sqrt
                0x000000000800cde8      0x168 c:/st/stm32cubeide_1.6.1/stm32cubeide/plugins/com.st.stm32cube.ide.mcu.externaltools.gnu-tools-for-stm32.9-2020-q2-update.win32_1.5.0.202011040924/tools/bin/../lib/gcc/arm-none-eabi/9.3.1/../../../../arm-none-eabi/lib/thumb/v7e-m+fp/hard\libm.a(lib_a-e_sqrt.o)
                0x000000000800cde8                __ieee754_sqrt
 .text.fabs     0x000000000800cf50       0x12 c:/st/stm32cubeide_1.6.1/stm32cubeide/plugins/com.st.stm32cube.ide.mcu.externaltools.gnu-tools-for-stm32.9-2020-q2-update.win32_1.5.0.202011040924/tools/bin/../lib/gcc/arm-none-eabi/9.3.1/../../../../arm-none-eabi/lib/thumb/v7e-m+fp/hard\libm.a(lib_a-s_fabs.o)
                0x000000000800cf50                fabs
 *fill*         0x000000000800cf62        0x6 
 .text.nan      0x000000000800cf68       0x10 c:/st/stm32cubeide_1.6.1/stm32cubeide/plugins/com.st.stm32cube.ide.mcu.externaltools.gnu-tools-for-stm32.9-2020-q2-update.win32_1.5.0.202011040924/tools/bin/../lib/gcc/arm-none-eabi/9.3.1/../../../../arm-none-eabi/lib/thumb/v7e-m+fp/hard\libm.a(lib_a-s_nan.o)
                0x000000000800cf68                nan
 .text.__errno  0x000000000800cf78        0xc c:/st/stm32cubeide_1.6.1/stm32cubeide/plugins/com.st.stm32cube.ide.mcu.externaltools.gnu-tools-for-stm32.9-2020-q2-update.win32_1.5.0.202011040924/tools/bin/../lib/gcc/arm-none-eabi/9.3.1/../../../../arm-none-eabi/lib/thumb/v7e-m+fp/hard\libc_nano.a(lib_a-errno.o)
                0x000000000800cf78                __errno
 .text.__libc_init_array
                0x000000000800cf84       0x48 c:/st/stm32cubeide_1.6.1/stm32cubeide/plugins/com.st.stm32cube.ide.mcu.externaltools.gnu-tools-for-stm32.9-2020-q2-update.win32_1.5.0.202011040924/tools/bin/../lib/gcc/arm-none-eabi/9.3.1/../../../../arm-none-eabi/lib/thumb/v7e-m+fp/hard\libc_nano.a(lib_a-init.o)
                0x000000000800cf84                __libc_init_array
 .text.memcpy   0x000000000800cfcc       0x1c c:/st/stm32cubeide_1.6.1/stm32cubeide/plugins/com.st.stm32cube.ide.mcu.externaltools.gnu-tools-for-stm32.9-2020-q2-update.win32_1.5.0.202011040924/tools/bin/../lib/gcc/arm-none-eabi/9.3.1/../../../../arm-none-eabi/lib/thumb/v7e-m+fp/hard\libc_nano.a(lib_a-memcpy-stub.o)
                0x000000000800cfcc                memcpy
 .text.memset   0x000000000800cfe8       0x10 c:/st/stm32cubeide_1.6.1/stm32cubeide/plugins/com.st.stm32cube.ide.mcu.externaltools.gnu-tools-for-stm32.9-2020-q2-update.win32_1.5.0.202011040924/tools/bin/../lib/gcc/arm-none-eabi/9.3.1/../../../../arm-none-eabi/lib/thumb/v7e-m+fp/hard\libc_nano.a(lib_a-memset.o)
                0x000000000800cfe8                memset
 *(.glue_7)
 .glue_7        0x000000000800cff8        0x0 linker stubs
 *(.glue_7t)
 .glue_7t       0x000000000800cff8        0x0 linker stubs
 *(.eh_frame)
 .eh_frame      0x000000000800cff8        0x0 c:/st/stm32cubeide_1.6.1/stm32cubeide/plugins/com.st.stm32cube.ide.mcu.externaltools.gnu-tools-for-stm32.9-2020-q2-update.win32_1.5.0.202011040924/tools/bin/../lib/gcc/arm-none-eabi/9.3.1/thumb/v7e-m+fp/hard/crtbegin.o
 *(.init)
 .init          0x000000000800cff8        0x4 c:/st/stm32cubeide_1.6.1/stm32cubeide/plugins/com.st.stm32cube.ide.mcu.externaltools.gnu-tools-for-stm32.9-2020-q2-update.win32_1.5.0.202011040924/tools/bin/../lib/gcc/arm-none-eabi/9.3.1/thumb/v7e-m+fp/hard/crti.o
                0x000000000800cff8                _init
 .init          0x000000000800cffc        0x8 c:/st/stm32cubeide_1.6.1/stm32cubeide/plugins/com.st.stm32cube.ide.mcu.externaltools.gnu-tools-for-stm32.9-2020-q2-update.win32_1.5.0.202011040924/tools/bin/../lib/gcc/arm-none-eabi/9.3.1/thumb/v7e-m+fp/hard/crtn.o
 *(.fini)
 .fini          0x000000000800d004        0x4 c:/st/stm32cubeide_1.6.1/stm32cubeide/plugins/com.st.stm32cube.ide.mcu.externaltools.gnu-tools-for-stm32.9-2020-q2-update.win32_1.5.0.202011040924/tools/bin/../lib/gcc/arm-none-eabi/9.3.1/thumb/v7e-m+fp/hard/crti.o
                0x000000000800d004                _fini
 .fini          0x000000000800d008        0x8 c:/st/stm32cubeide_1.6.1/stm32cubeide/plugins/com.st.stm32cube.ide.mcu.externaltools.gnu-tools-for-stm32.9-2020-q2-update.win32_1.5.0.202011040924/tools/bin/../lib/gcc/arm-none-eabi/9.3.1/thumb/v7e-m+fp/hard/crtn.o
                0x000000000800d010                . = ALIGN (0x4)
                0x000000000800d010                _etext = .

.vfp11_veneer   0x000000000800d010        0x0
 .vfp11_veneer  0x000000000800d010        0x0 linker stubs

.v4_bx          0x000000000800d010        0x0
 .v4_bx         0x000000000800d010        0x0 linker stubs

.iplt           0x000000000800d010        0x0
 .iplt          0x000000000800d010        0x0 c:/st/stm32cubeide_1.6.1/stm32cubeide/plugins/com.st.stm32cube.ide.mcu.externaltools.gnu-tools-for-stm32.9-2020-q2-update.win32_1.5.0.202011040924/tools/bin/../lib/gcc/arm-none-eabi/9.3.1/thumb/v7e-m+fp/hard/crtbegin.o

.rodata         0x000000000800d010      0x144
                0x000000000800d010                . = ALIGN (0x4)
 *(.rodata)
 .rodata        0x000000000800d010       0x41 Core/Src/main.o
 *fill*         0x000000000800d051        0x3 
 .rodata        0x000000000800d054        0x5 Middlewares/Third_Party/FreeRTOS/Source/tasks.o
 *fill*         0x000000000800d059        0x3 
 .rodata        0x000000000800d05c        0xd Middlewares/Third_Party/FreeRTOS/Source/timers.o
 *(.rodata*)
 *fill*         0x000000000800d069        0x3 
 .rodata.defaultTask_attributes
                0x000000000800d06c       0x24 Core/Src/main.o
                0x000000000800d06c                defaultTask_attributes
 .rodata.UARTTx_attributes
                0x000000000800d090       0x24 Core/Src/main.o
                0x000000000800d090                UARTTx_attributes
 .rodata.CANTask_attributes
                0x000000000800d0b4       0x24 Core/Src/main.o
                0x000000000800d0b4                CANTask_attributes
 .rodata.CfmPacket_attributes
                0x000000000800d0d8       0x24 Core/Src/main.o
                0x000000000800d0d8                CfmPacket_attributes
 .rodata.PITask_attributes
                0x000000000800d0fc       0x24 Core/Src/main.o
                0x000000000800d0fc                PITask_attributes
 .rodata.UARTTrmBinarySem_attributes
                0x000000000800d120       0x10 Core/Src/main.o
                0x000000000800d120                UARTTrmBinarySem_attributes
 .rodata.AHBPrescTable
                0x000000000800d130       0x10 Core/Src/system_stm32f4xx.o
                0x000000000800d130                AHBPrescTable
 .rodata.APBPrescTable
                0x000000000800d140        0x8 Core/Src/system_stm32f4xx.o
                0x000000000800d140                APBPrescTable
 .rodata.flagBitshiftOffset.8964
                0x000000000800d148        0x8 Drivers/STM32F4xx_HAL_Driver/Src/stm32f4xx_hal_dma.o
 .rodata.acos.str1.1
                0x000000000800d150        0x1 c:/st/stm32cubeide_1.6.1/stm32cubeide/plugins/com.st.stm32cube.ide.mcu.externaltools.gnu-tools-for-stm32.9-2020-q2-update.win32_1.5.0.202011040924/tools/bin/../lib/gcc/arm-none-eabi/9.3.1/../../../../arm-none-eabi/lib/thumb/v7e-m+fp/hard\libm.a(lib_a-w_acos.o)
                0x000000000800d154                . = ALIGN (0x4)
 *fill*         0x000000000800d151        0x3 

.ARM.extab      0x000000000800d154        0x0
                0x000000000800d154                . = ALIGN (0x4)
 *(.ARM.extab* .gnu.linkonce.armextab.*)
                0x000000000800d154                . = ALIGN (0x4)

.ARM            0x000000000800d154        0x8
                0x000000000800d154                . = ALIGN (0x4)
                0x000000000800d154                __exidx_start = .
 *(.ARM.exidx*)
 .ARM.exidx     0x000000000800d154        0x8 c:/st/stm32cubeide_1.6.1/stm32cubeide/plugins/com.st.stm32cube.ide.mcu.externaltools.gnu-tools-for-stm32.9-2020-q2-update.win32_1.5.0.202011040924/tools/bin/../lib/gcc/arm-none-eabi/9.3.1/thumb/v7e-m+fp/hard\libgcc.a(_udivmoddi4.o)
                0x000000000800d15c                __exidx_end = .
                0x000000000800d15c                . = ALIGN (0x4)

.rel.dyn        0x000000000800d15c        0x0
 .rel.iplt      0x000000000800d15c        0x0 c:/st/stm32cubeide_1.6.1/stm32cubeide/plugins/com.st.stm32cube.ide.mcu.externaltools.gnu-tools-for-stm32.9-2020-q2-update.win32_1.5.0.202011040924/tools/bin/../lib/gcc/arm-none-eabi/9.3.1/thumb/v7e-m+fp/hard/crtbegin.o

.preinit_array  0x000000000800d15c        0x0
                0x000000000800d15c                . = ALIGN (0x4)
                0x000000000800d15c                PROVIDE (__preinit_array_start = .)
 *(.preinit_array*)
                0x000000000800d15c                PROVIDE (__preinit_array_end = .)
                0x000000000800d15c                . = ALIGN (0x4)

.init_array     0x000000000800d15c        0x4
                0x000000000800d15c                . = ALIGN (0x4)
                0x000000000800d15c                PROVIDE (__init_array_start = .)
 *(SORT_BY_NAME(.init_array.*))
 *(.init_array*)
 .init_array    0x000000000800d15c        0x4 c:/st/stm32cubeide_1.6.1/stm32cubeide/plugins/com.st.stm32cube.ide.mcu.externaltools.gnu-tools-for-stm32.9-2020-q2-update.win32_1.5.0.202011040924/tools/bin/../lib/gcc/arm-none-eabi/9.3.1/thumb/v7e-m+fp/hard/crtbegin.o
                0x000000000800d160                PROVIDE (__init_array_end = .)
                0x000000000800d160                . = ALIGN (0x4)

.fini_array     0x000000000800d160        0x4
                0x000000000800d160                . = ALIGN (0x4)
                [!provide]                        PROVIDE (__fini_array_start = .)
 *(SORT_BY_NAME(.fini_array.*))
 *(.fini_array*)
 .fini_array    0x000000000800d160        0x4 c:/st/stm32cubeide_1.6.1/stm32cubeide/plugins/com.st.stm32cube.ide.mcu.externaltools.gnu-tools-for-stm32.9-2020-q2-update.win32_1.5.0.202011040924/tools/bin/../lib/gcc/arm-none-eabi/9.3.1/thumb/v7e-m+fp/hard/crtbegin.o
                [!provide]                        PROVIDE (__fini_array_end = .)
                0x000000000800d164                . = ALIGN (0x4)
                0x000000000800d164                _sidata = LOADADDR (.data)

.data           0x0000000020000000       0x84 load address 0x000000000800d164
                0x0000000020000000                . = ALIGN (0x4)
                0x0000000020000000                _sdata = .
 *(.data)
 *(.data*)
 .data.Starting
                0x0000000020000000        0x1 Core/Src/main.o
                0x0000000020000000                Starting
 *fill*         0x0000000020000001        0x3 
 .data.LHip     0x0000000020000004        0x4 Core/Src/movement.o
                0x0000000020000004                LHip
 .data.LLowerLeg
                0x0000000020000008        0x4 Core/Src/movement.o
                0x0000000020000008                LLowerLeg
 .data.SystemCoreClock
                0x000000002000000c        0x4 Core/Src/system_stm32f4xx.o
                0x000000002000000c                SystemCoreClock
 .data.uwTickPrio
                0x0000000020000010        0x4 Drivers/STM32F4xx_HAL_Driver/Src/stm32f4xx_hal.o
                0x0000000020000010                uwTickPrio
 .data.uwTickFreq
                0x0000000020000014        0x1 Drivers/STM32F4xx_HAL_Driver/Src/stm32f4xx_hal.o
                0x0000000020000014                uwTickFreq
 *fill*         0x0000000020000015        0x3 
 .data.uxCriticalNesting
                0x0000000020000018        0x4 Middlewares/Third_Party/FreeRTOS/Source/portable/GCC/ARM_CM4F/port.o
 .data.__fdlib_version
                0x000000002000001c        0x1 c:/st/stm32cubeide_1.6.1/stm32cubeide/plugins/com.st.stm32cube.ide.mcu.externaltools.gnu-tools-for-stm32.9-2020-q2-update.win32_1.5.0.202011040924/tools/bin/../lib/gcc/arm-none-eabi/9.3.1/../../../../arm-none-eabi/lib/thumb/v7e-m+fp/hard\libm.a(lib_a-s_lib_ver.o)
                0x000000002000001c                __fdlib_version
 *fill*         0x000000002000001d        0x3 
 .data._impure_ptr
                0x0000000020000020        0x4 c:/st/stm32cubeide_1.6.1/stm32cubeide/plugins/com.st.stm32cube.ide.mcu.externaltools.gnu-tools-for-stm32.9-2020-q2-update.win32_1.5.0.202011040924/tools/bin/../lib/gcc/arm-none-eabi/9.3.1/../../../../arm-none-eabi/lib/thumb/v7e-m+fp/hard\libc_nano.a(lib_a-impure.o)
                0x0000000020000020                _impure_ptr
 .data.impure_data
                0x0000000020000024       0x60 c:/st/stm32cubeide_1.6.1/stm32cubeide/plugins/com.st.stm32cube.ide.mcu.externaltools.gnu-tools-for-stm32.9-2020-q2-update.win32_1.5.0.202011040924/tools/bin/../lib/gcc/arm-none-eabi/9.3.1/../../../../arm-none-eabi/lib/thumb/v7e-m+fp/hard\libc_nano.a(lib_a-impure.o)
 *(.RamFunc)
 *(.RamFunc*)
                0x0000000020000084                . = ALIGN (0x4)
                0x0000000020000084                _edata = .

.igot.plt       0x0000000020000084        0x0 load address 0x000000000800d1e8
 .igot.plt      0x0000000020000084        0x0 c:/st/stm32cubeide_1.6.1/stm32cubeide/plugins/com.st.stm32cube.ide.mcu.externaltools.gnu-tools-for-stm32.9-2020-q2-update.win32_1.5.0.202011040924/tools/bin/../lib/gcc/arm-none-eabi/9.3.1/thumb/v7e-m+fp/hard/crtbegin.o
                0x0000000020000084                . = ALIGN (0x4)

.bss            0x0000000020000084     0x5220 load address 0x000000000800d1e8
                0x0000000020000084                _sbss = .
                0x0000000020000084                __bss_start__ = _sbss
 *(.bss)
 .bss           0x0000000020000084       0x1c c:/st/stm32cubeide_1.6.1/stm32cubeide/plugins/com.st.stm32cube.ide.mcu.externaltools.gnu-tools-for-stm32.9-2020-q2-update.win32_1.5.0.202011040924/tools/bin/../lib/gcc/arm-none-eabi/9.3.1/thumb/v7e-m+fp/hard/crtbegin.o
 *(.bss*)
 .bss.KernelState
                0x00000000200000a0        0x4 Middlewares/Third_Party/FreeRTOS/Source/CMSIS_RTOS_V2/cmsis_os2.o
 .bss.Idle_TCB.10762
                0x00000000200000a4       0x5c Middlewares/Third_Party/FreeRTOS/Source/CMSIS_RTOS_V2/cmsis_os2.o
 .bss.Idle_Stack.10763
                0x0000000020000100      0x200 Middlewares/Third_Party/FreeRTOS/Source/CMSIS_RTOS_V2/cmsis_os2.o
 .bss.Timer_TCB.10769
                0x0000000020000300       0x5c Middlewares/Third_Party/FreeRTOS/Source/CMSIS_RTOS_V2/cmsis_os2.o
 .bss.Timer_Stack.10770
                0x000000002000035c      0x400 Middlewares/Third_Party/FreeRTOS/Source/CMSIS_RTOS_V2/cmsis_os2.o
 .bss.pxCurrentTCB
                0x000000002000075c        0x4 Middlewares/Third_Party/FreeRTOS/Source/tasks.o
                0x000000002000075c                pxCurrentTCB
 .bss.pxReadyTasksLists
                0x0000000020000760      0x460 Middlewares/Third_Party/FreeRTOS/Source/tasks.o
 .bss.xDelayedTaskList1
                0x0000000020000bc0       0x14 Middlewares/Third_Party/FreeRTOS/Source/tasks.o
 .bss.xDelayedTaskList2
                0x0000000020000bd4       0x14 Middlewares/Third_Party/FreeRTOS/Source/tasks.o
 .bss.pxDelayedTaskList
                0x0000000020000be8        0x4 Middlewares/Third_Party/FreeRTOS/Source/tasks.o
 .bss.pxOverflowDelayedTaskList
                0x0000000020000bec        0x4 Middlewares/Third_Party/FreeRTOS/Source/tasks.o
 .bss.xPendingReadyList
                0x0000000020000bf0       0x14 Middlewares/Third_Party/FreeRTOS/Source/tasks.o
 .bss.xTasksWaitingTermination
                0x0000000020000c04       0x14 Middlewares/Third_Party/FreeRTOS/Source/tasks.o
 .bss.uxDeletedTasksWaitingCleanUp
                0x0000000020000c18        0x4 Middlewares/Third_Party/FreeRTOS/Source/tasks.o
 .bss.xSuspendedTaskList
                0x0000000020000c1c       0x14 Middlewares/Third_Party/FreeRTOS/Source/tasks.o
 .bss.uxCurrentNumberOfTasks
                0x0000000020000c30        0x4 Middlewares/Third_Party/FreeRTOS/Source/tasks.o
 .bss.xTickCount
                0x0000000020000c34        0x4 Middlewares/Third_Party/FreeRTOS/Source/tasks.o
 .bss.uxTopReadyPriority
                0x0000000020000c38        0x4 Middlewares/Third_Party/FreeRTOS/Source/tasks.o
 .bss.xSchedulerRunning
                0x0000000020000c3c        0x4 Middlewares/Third_Party/FreeRTOS/Source/tasks.o
 .bss.xPendedTicks
                0x0000000020000c40        0x4 Middlewares/Third_Party/FreeRTOS/Source/tasks.o
 .bss.xYieldPending
                0x0000000020000c44        0x4 Middlewares/Third_Party/FreeRTOS/Source/tasks.o
 .bss.xNumOfOverflows
                0x0000000020000c48        0x4 Middlewares/Third_Party/FreeRTOS/Source/tasks.o
 .bss.uxTaskNumber
                0x0000000020000c4c        0x4 Middlewares/Third_Party/FreeRTOS/Source/tasks.o
 .bss.xNextTaskUnblockTime
                0x0000000020000c50        0x4 Middlewares/Third_Party/FreeRTOS/Source/tasks.o
 .bss.xIdleTaskHandle
                0x0000000020000c54        0x4 Middlewares/Third_Party/FreeRTOS/Source/tasks.o
 .bss.uxSchedulerSuspended
                0x0000000020000c58        0x4 Middlewares/Third_Party/FreeRTOS/Source/tasks.o
 .bss.xActiveTimerList1
                0x0000000020000c5c       0x14 Middlewares/Third_Party/FreeRTOS/Source/timers.o
 .bss.xActiveTimerList2
                0x0000000020000c70       0x14 Middlewares/Third_Party/FreeRTOS/Source/timers.o
 .bss.pxCurrentTimerList
                0x0000000020000c84        0x4 Middlewares/Third_Party/FreeRTOS/Source/timers.o
 .bss.pxOverflowTimerList
                0x0000000020000c88        0x4 Middlewares/Third_Party/FreeRTOS/Source/timers.o
 .bss.xTimerQueue
                0x0000000020000c8c        0x4 Middlewares/Third_Party/FreeRTOS/Source/timers.o
 .bss.xTimerTaskHandle
                0x0000000020000c90        0x4 Middlewares/Third_Party/FreeRTOS/Source/timers.o
 .bss.xLastTime.6925
                0x0000000020000c94        0x4 Middlewares/Third_Party/FreeRTOS/Source/timers.o
 .bss.ucStaticTimerQueueStorage.6976
                0x0000000020000c98       0xa0 Middlewares/Third_Party/FreeRTOS/Source/timers.o
 .bss.xStaticTimerQueue.6975
                0x0000000020000d38       0x50 Middlewares/Third_Party/FreeRTOS/Source/timers.o
 .bss.ucMaxSysCallPriority
                0x0000000020000d88        0x1 Middlewares/Third_Party/FreeRTOS/Source/portable/GCC/ARM_CM4F/port.o
 *fill*         0x0000000020000d89        0x3 
 .bss.ulMaxPRIGROUPValue
                0x0000000020000d8c        0x4 Middlewares/Third_Party/FreeRTOS/Source/portable/GCC/ARM_CM4F/port.o
 .bss.ucHeap    0x0000000020000d90     0x3c00 Middlewares/Third_Party/FreeRTOS/Source/portable/MemMang/heap_4.o
 .bss.xStart    0x0000000020004990        0x8 Middlewares/Third_Party/FreeRTOS/Source/portable/MemMang/heap_4.o
 .bss.pxEnd     0x0000000020004998        0x4 Middlewares/Third_Party/FreeRTOS/Source/portable/MemMang/heap_4.o
 .bss.xFreeBytesRemaining
                0x000000002000499c        0x4 Middlewares/Third_Party/FreeRTOS/Source/portable/MemMang/heap_4.o
 .bss.xMinimumEverFreeBytesRemaining
                0x00000000200049a0        0x4 Middlewares/Third_Party/FreeRTOS/Source/portable/MemMang/heap_4.o
 .bss.xNumberOfSuccessfulAllocations
                0x00000000200049a4        0x4 Middlewares/Third_Party/FreeRTOS/Source/portable/MemMang/heap_4.o
 .bss.xNumberOfSuccessfulFrees
                0x00000000200049a8        0x4 Middlewares/Third_Party/FreeRTOS/Source/portable/MemMang/heap_4.o
 .bss.xBlockAllocatedBit
                0x00000000200049ac        0x4 Middlewares/Third_Party/FreeRTOS/Source/portable/MemMang/heap_4.o
 *(COMMON)
 COMMON         0x00000000200049b0       0x48 Core/Src/buzzer.o
                0x00000000200049b0                GyroFootL
                0x00000000200049b4                XLowerLegL
                0x00000000200049b8                XHipL
                0x00000000200049bc                XLowerLegR
                0x00000000200049c0                GyroFootR
                0x00000000200049c4                GyroHipL
                0x00000000200049c8                GyroLowerlegR
                0x00000000200049cc                BuzzerCnt
                0x00000000200049d0                GyroLowerlegL
                0x00000000200049d4                GyroHipJointR
                0x00000000200049d8                XHipR
                0x00000000200049dc                GyroHipJointL
                0x00000000200049e0                CntSamples
                0x00000000200049e4                XFootL
                0x00000000200049e8                XFootR
                0x00000000200049ec                YHipJointR
                0x00000000200049f0                YHipJointL
                0x00000000200049f4                GyroHipR
 COMMON         0x00000000200049f8      0x1f6 Core/Src/flash.o
                0x00000000200049f8                OptionsArray
                0x0000000020004bec                CntOptions
 *fill*         0x0000000020004bee        0x2 
 COMMON         0x0000000020004bf0      0x4e0 Core/Src/main.o
                0x0000000020004bf0                Tilt6X
                0x0000000020004bf4                defaultTaskHandle
                0x0000000020004bf8                htim8
                0x0000000020004c40                htim4
                0x0000000020004c88                Tilt1Y
                0x0000000020004c8c                Tilt7X
                0x0000000020004c90                Tilt4X
                0x0000000020004c94                UARTTxHandle
                0x0000000020004c98                Tilt3X
                0x0000000020004c9c                Gyro5Y
                0x0000000020004ca0                htim3
                0x0000000020004ce8                KGyro1
                0x0000000020004cec                Tilt6Y
                0x0000000020004cf0                adcResult
                0x0000000020004cf4                Tilt5Y
                0x0000000020004cf8                PITaskHandle
                0x0000000020004cfc                hadc1
                0x0000000020004d44                hcan2
                0x0000000020004d6c                UART2TransmittArray
                0x0000000020004e6c                Gyro2
                0x0000000020004e70                hdma_usart2_tx
                0x0000000020004ed0                CfmPacketHandle
                0x0000000020004ed4                Tilt2Y
                0x0000000020004ed8                Gyro1Y
                0x0000000020004edc                Gyro5
                0x0000000020004ee0                Tilt2X
                0x0000000020004ee4                hdma_adc1
                0x0000000020004f44                Gyro4
                0x0000000020004f48                Tilt3Y
                0x0000000020004f4c                htim1
                0x0000000020004f94                UARTTrmBinarySemHandle
                0x0000000020004f98                Gyro1
                0x0000000020004f9c                Gyro6
                0x0000000020004fa0                Tilt7Y
                0x0000000020004fa4                Gyro3
                0x0000000020004fa8                Tilt4Y
                0x0000000020004fac                Tilt5X
                0x0000000020004fb0                htim2
                0x0000000020004ff8                Tilt1X
                0x0000000020004ffc                huart2
                0x0000000020005040                htim12
                0x0000000020005088                Gyro7
                0x000000002000508c                Gyro2Y
                0x0000000020005090                CANTaskHandle
                0x0000000020005094                adcData
 COMMON         0x00000000200050d0       0x20 Core/Src/movement.o
                0x00000000200050d0                HLeg
                0x00000000200050d4                BC
                0x00000000200050d8                TargetRLowerLeg
                0x00000000200050dc                TargetRFoot
                0x00000000200050e0                TargetRBottom
                0x00000000200050e4                Vbok
                0x00000000200050e8                TargetRHipJoint
                0x00000000200050ec                TargetRHip
 COMMON         0x00000000200050f0       0x48 Core/Src/stm32f4xx_hal_timebase_tim.o
                0x00000000200050f0                htim14
 COMMON         0x0000000020005138      0x106 Core/Src/uart.o
                0x0000000020005138                PacketReceived_FL
                0x0000000020005139                GettingPacketRx_FL
                0x000000002000513a                BtPrev_Rc
                0x000000002000513c                CntPacket
                0x000000002000513e                CntRxTimeOut
                0x0000000020005140                CntRec_Rc
                0x0000000020005142                ConfirmCMD
                0x0000000020005144                RecArray
 *fill*         0x000000002000523e        0x2 
 COMMON         0x0000000020005240        0x4 Drivers/STM32F4xx_HAL_Driver/Src/stm32f4xx_hal.o
                0x0000000020005240                uwTick
 COMMON         0x0000000020005244       0x20 Drivers/STM32F4xx_HAL_Driver/Src/stm32f4xx_hal_flash.o
                0x0000000020005244                pFlash
 COMMON         0x0000000020005264       0x40 Middlewares/Third_Party/FreeRTOS/Source/queue.o
                0x0000000020005264                xQueueRegistry
                0x00000000200052a4                . = ALIGN (0x4)
                0x00000000200052a4                _ebss = .
                0x00000000200052a4                __bss_end__ = _ebss

._user_heap_stack
                0x00000000200052a4      0x604 load address 0x000000000800d1e8
                0x00000000200052a8                . = ALIGN (0x8)
 *fill*         0x00000000200052a4        0x4 
                [!provide]                        PROVIDE (end = .)
                0x00000000200052a8                PROVIDE (_end = .)
                0x00000000200054a8                . = (. + _Min_Heap_Size)
 *fill*         0x00000000200052a8      0x200 
                0x00000000200058a8                . = (. + _Min_Stack_Size)
 *fill*         0x00000000200054a8      0x400 
                0x00000000200058a8                . = ALIGN (0x8)

/DISCARD/
 libc.a(*)
 libm.a(*)
 libgcc.a(*)

.ARM.attributes
                0x0000000000000000       0x30
 *(.ARM.attributes)
 .ARM.attributes
                0x0000000000000000       0x1e c:/st/stm32cubeide_1.6.1/stm32cubeide/plugins/com.st.stm32cube.ide.mcu.externaltools.gnu-tools-for-stm32.9-2020-q2-update.win32_1.5.0.202011040924/tools/bin/../lib/gcc/arm-none-eabi/9.3.1/thumb/v7e-m+fp/hard/crti.o
 .ARM.attributes
                0x000000000000001e       0x34 c:/st/stm32cubeide_1.6.1/stm32cubeide/plugins/com.st.stm32cube.ide.mcu.externaltools.gnu-tools-for-stm32.9-2020-q2-update.win32_1.5.0.202011040924/tools/bin/../lib/gcc/arm-none-eabi/9.3.1/thumb/v7e-m+fp/hard/crtbegin.o
 .ARM.attributes
                0x0000000000000052       0x34 Core/Src/buzzer.o
 .ARM.attributes
                0x0000000000000086       0x34 Core/Src/can.o
 .ARM.attributes
                0x00000000000000ba       0x34 Core/Src/flash.o
 .ARM.attributes
                0x00000000000000ee       0x34 Core/Src/main.o
 .ARM.attributes
                0x0000000000000122       0x34 Core/Src/movement.o
 .ARM.attributes
                0x0000000000000156       0x34 Core/Src/stm32f4xx_hal_msp.o
 .ARM.attributes
                0x000000000000018a       0x34 Core/Src/stm32f4xx_hal_timebase_tim.o
 .ARM.attributes
                0x00000000000001be       0x34 Core/Src/stm32f4xx_it.o
 .ARM.attributes
                0x00000000000001f2       0x34 Core/Src/system_stm32f4xx.o
 .ARM.attributes
                0x0000000000000226       0x34 Core/Src/uart.o
 .ARM.attributes
                0x000000000000025a       0x21 Core/Startup/startup_stm32f407vgtx.o
 .ARM.attributes
                0x000000000000027b       0x34 Drivers/STM32F4xx_HAL_Driver/Src/stm32f4xx_hal.o
 .ARM.attributes
                0x00000000000002af       0x34 Drivers/STM32F4xx_HAL_Driver/Src/stm32f4xx_hal_adc.o
 .ARM.attributes
                0x00000000000002e3       0x34 Drivers/STM32F4xx_HAL_Driver/Src/stm32f4xx_hal_adc_ex.o
 .ARM.attributes
                0x0000000000000317       0x34 Drivers/STM32F4xx_HAL_Driver/Src/stm32f4xx_hal_can.o
 .ARM.attributes
                0x000000000000034b       0x34 Drivers/STM32F4xx_HAL_Driver/Src/stm32f4xx_hal_cortex.o
 .ARM.attributes