Archive member included to satisfy reference by file (symbol)

c:/st/stm32cubeide_1.6.1/stm32cubeide/plugins/com.st.stm32cube.ide.mcu.externaltools.gnu-tools-for-stm32.9-2020-q2-update.win32_1.5.0.202011040924/tools/bin/../lib/gcc/arm-none-eabi/9.3.1/../../../../arm-none-eabi/lib/thumb/v7e-m+fp/hard\libc_nano.a(lib_a-errno.o)
                              Core/Src/syscalls.o (__errno)
c:/st/stm32cubeide_1.6.1/stm32cubeide/plugins/com.st.stm32cube.ide.mcu.externaltools.gnu-tools-for-stm32.9-2020-q2-update.win32_1.5.0.202011040924/tools/bin/../lib/gcc/arm-none-eabi/9.3.1/../../../../arm-none-eabi/lib/thumb/v7e-m+fp/hard\libc_nano.a(lib_a-exit.o)
                              c:/st/stm32cubeide_1.6.1/stm32cubeide/plugins/com.st.stm32cube.ide.mcu.externaltools.gnu-tools-for-stm32.9-2020-q2-update.win32_1.5.0.202011040924/tools/bin/../lib/gcc/arm-none-eabi/9.3.1/../../../../arm-none-eabi/lib/thumb/v7e-m+fp/hard/crt0.o (exit)
c:/st/stm32cubeide_1.6.1/stm32cubeide/plugins/com.st.stm32cube.ide.mcu.externaltools.gnu-tools-for-stm32.9-2020-q2-update.win32_1.5.0.202011040924/tools/bin/../lib/gcc/arm-none-eabi/9.3.1/../../../../arm-none-eabi/lib/thumb/v7e-m+fp/hard\libc_nano.a(lib_a-impure.o)
                              c:/st/stm32cubeide_1.6.1/stm32cubeide/plugins/com.st.stm32cube.ide.mcu.externaltools.gnu-tools-for-stm32.9-2020-q2-update.win32_1.5.0.202011040924/tools/bin/../lib/gcc/arm-none-eabi/9.3.1/../../../../arm-none-eabi/lib/thumb/v7e-m+fp/hard\libc_nano.a(lib_a-exit.o) (_global_impure_ptr)
c:/st/stm32cubeide_1.6.1/stm32cubeide/plugins/com.st.stm32cube.ide.mcu.externaltools.gnu-tools-for-stm32.9-2020-q2-update.win32_1.5.0.202011040924/tools/bin/../lib/gcc/arm-none-eabi/9.3.1/../../../../arm-none-eabi/lib/thumb/v7e-m+fp/hard\libc_nano.a(lib_a-init.o)
                              c:/st/stm32cubeide_1.6.1/stm32cubeide/plugins/com.st.stm32cube.ide.mcu.externaltools.gnu-tools-for-stm32.9-2020-q2-update.win32_1.5.0.202011040924/tools/bin/../lib/gcc/arm-none-eabi/9.3.1/../../../../arm-none-eabi/lib/thumb/v7e-m+fp/hard/crt0.o (__libc_init_array)
c:/st/stm32cubeide_1.6.1/stm32cubeide/plugins/com.st.stm32cube.ide.mcu.externaltools.gnu-tools-for-stm32.9-2020-q2-update.win32_1.5.0.202011040924/tools/bin/../lib/gcc/arm-none-eabi/9.3.1/../../../../arm-none-eabi/lib/thumb/v7e-m+fp/hard\libc_nano.a(lib_a-memcpy-stub.o)
                              Middlewares/Third_Party/FreeRTOS/Source/CMSIS_RTOS_V2/cmsis_os2.o (memcpy)
c:/st/stm32cubeide_1.6.1/stm32cubeide/plugins/com.st.stm32cube.ide.mcu.externaltools.gnu-tools-for-stm32.9-2020-q2-update.win32_1.5.0.202011040924/tools/bin/../lib/gcc/arm-none-eabi/9.3.1/../../../../arm-none-eabi/lib/thumb/v7e-m+fp/hard\libc_nano.a(lib_a-memset.o)
                              c:/st/stm32cubeide_1.6.1/stm32cubeide/plugins/com.st.stm32cube.ide.mcu.externaltools.gnu-tools-for-stm32.9-2020-q2-update.win32_1.5.0.202011040924/tools/bin/../lib/gcc/arm-none-eabi/9.3.1/../../../../arm-none-eabi/lib/thumb/v7e-m+fp/hard/crt0.o (memset)
c:/st/stm32cubeide_1.6.1/stm32cubeide/plugins/com.st.stm32cube.ide.mcu.externaltools.gnu-tools-for-stm32.9-2020-q2-update.win32_1.5.0.202011040924/tools/bin/../lib/gcc/arm-none-eabi/9.3.1/thumb/v7e-m+fp/hard\libgcc.a(_aeabi_uldivmod.o)
                              Drivers/STM32F4xx_HAL_Driver/Src/stm32f4xx_hal_rcc.o (__aeabi_uldivmod)
c:/st/stm32cubeide_1.6.1/stm32cubeide/plugins/com.st.stm32cube.ide.mcu.externaltools.gnu-tools-for-stm32.9-2020-q2-update.win32_1.5.0.202011040924/tools/bin/../lib/gcc/arm-none-eabi/9.3.1/thumb/v7e-m+fp/hard\libgcc.a(_udivmoddi4.o)
                              c:/st/stm32cubeide_1.6.1/stm32cubeide/plugins/com.st.stm32cube.ide.mcu.externaltools.gnu-tools-for-stm32.9-2020-q2-update.win32_1.5.0.202011040924/tools/bin/../lib/gcc/arm-none-eabi/9.3.1/thumb/v7e-m+fp/hard\libgcc.a(_aeabi_uldivmod.o) (__udivmoddi4)
c:/st/stm32cubeide_1.6.1/stm32cubeide/plugins/com.st.stm32cube.ide.mcu.externaltools.gnu-tools-for-stm32.9-2020-q2-update.win32_1.5.0.202011040924/tools/bin/../lib/gcc/arm-none-eabi/9.3.1/thumb/v7e-m+fp/hard\libgcc.a(_dvmd_tls.o)
                              c:/st/stm32cubeide_1.6.1/stm32cubeide/plugins/com.st.stm32cube.ide.mcu.externaltools.gnu-tools-for-stm32.9-2020-q2-update.win32_1.5.0.202011040924/tools/bin/../lib/gcc/arm-none-eabi/9.3.1/thumb/v7e-m+fp/hard\libgcc.a(_aeabi_uldivmod.o) (__aeabi_ldiv0)

Allocating common symbols
Common symbol       size              file

PacketReceived_FL   0x1               Core/Src/uart.o
Tilt6X              0x4               Core/Src/main.o
defaultTaskHandle   0x4               Core/Src/main.o
htim8               0x48              Core/Src/main.o
htim4               0x48              Core/Src/main.o
Tilt1Y              0x4               Core/Src/main.o
Tilt7X              0x4               Core/Src/main.o
Tilt4X              0x4               Core/Src/main.o
UARTTxHandle        0x4               Core/Src/main.o
GettingPacketRx_FL  0x1               Core/Src/uart.o
[...]
Memory Configuration

Name             Origin             Length             Attributes
CCMRAM           0x0000000010000000 0x0000000000010000 xrw
RAM              0x0000000020000000 0x0000000000020000 xrw
FLASH            0x0000000008000000 0x0000000000100000 xr
*default*        0x0000000000000000 0xffffffffffffffff

Linker script and memory map

LOAD c:/st/stm32cubeide_1.6.1/stm32cubeide/plugins/com.st.stm32cube.ide.mcu.externaltools.gnu-tools-for-stm32.9-2020-q2-update.win32_1.5.0.202011040924/tools/bin/../lib/gcc/arm-none-eabi/9.3.1/thumb/v7e-m+fp/hard/crti.o
LOAD c:/st/stm32cubeide_1.6.1/stm32cubeide/plugins/com.st.stm32cube.ide.mcu.externaltools.gnu-tools-for-stm32.9-2020-q2-update.win32_1.5.0.202011040924/tools/bin/../lib/gcc/arm-none-eabi/9.3.1/thumb/v7e-m+fp/hard/crtbegin.o
LOAD c:/st/stm32cubeide_1.6.1/stm32cubeide/plugins/com.st.stm32cube.ide.mcu.externaltools.gnu-tools-for-stm32.9-2020-q2-update.win32_1.5.0.202011040924/tools/bin/../lib/gcc/arm-none-eabi/9.3.1/../../../../arm-none-eabi/lib/thumb/v7e-m+fp/hard/crt0.o
LOAD Core/Src/buzzer.o
LOAD Core/Src/can.o
LOAD Core/Src/flash.o
LOAD Core/Src/freertos.o
LOAD Core/Src/main.o
LOAD Core/Src/movement.o
LOAD Core/Src/stm32f4xx_hal_msp.o
LOAD Core/Src/stm32f4xx_hal_timebase_tim.o
LOAD Core/Src/stm32f4xx_it.o
LOAD Core/Src/syscalls.o
LOAD Core/Src/sysmem.o
LOAD Core/Src/system_stm32f4xx.o
LOAD Core/Src/uart.o
LOAD Core/Startup/startup_stm32f407vgtx.o
LOAD Drivers/STM32F4xx_HAL_Driver/Src/stm32f4xx_hal.o
LOAD Drivers/STM32F4xx_HAL_Driver/Src/stm32f4xx_hal_adc.o
LOAD Drivers/STM32F4xx_HAL_Driver/Src/stm32f4xx_hal_adc_ex.o
LOAD Drivers/STM32F4xx_HAL_Driver/Src/stm32f4xx_hal_can.o
LOAD Drivers/STM32F4xx_HAL_Driver/Src/stm32f4xx_hal_cortex.o
LOAD Drivers/STM32F4xx_HAL_Driver/Src/stm32f4xx_hal_dma.o
LOAD Drivers/STM32F4xx_HAL_Driver/Src/stm32f4xx_hal_dma_ex.o
LOAD Drivers/STM32F4xx_HAL_Driver/Src/stm32f4xx_hal_exti.o
LOAD Drivers/STM32F4xx_HAL_Driver/Src/stm32f4xx_hal_flash.o
LOAD Drivers/STM32F4xx_HAL_Driver/Src/stm32f4xx_hal_flash_ex.o
LOAD Drivers/STM32F4xx_HAL_Driver/Src/stm32f4xx_hal_flash_ramfunc.o
LOAD Drivers/STM32F4xx_HAL_Driver/Src/stm32f4xx_hal_gpio.o
LOAD Drivers/STM32F4xx_HAL_Driver/Src/stm32f4xx_hal_pwr.o
LOAD Drivers/STM32F4xx_HAL_Driver/Src/stm32f4xx_hal_pwr_ex.o
LOAD Drivers/STM32F4xx_HAL_Driver/Src/stm32f4xx_hal_rcc.o
LOAD Drivers/STM32F4xx_HAL_Driver/Src/stm32f4xx_hal_rcc_ex.o
LOAD Drivers/STM32F4xx_HAL_Driver/Src/stm32f4xx_hal_tim.o
LOAD Drivers/STM32F4xx_HAL_Driver/Src/stm32f4xx_hal_tim_ex.o
LOAD Drivers/STM32F4xx_HAL_Driver/Src/stm32f4xx_hal_uart.o
LOAD Drivers/STM32F4xx_HAL_Driver/Src/stm32f4xx_ll_adc.o
LOAD Middlewares/Third_Party/FreeRTOS/Source/CMSIS_RTOS_V2/cmsis_os2.o
LOAD Middlewares/Third_Party/FreeRTOS/Source/croutine.o
LOAD Middlewares/Third_Party/FreeRTOS/Source/event_groups.o
LOAD Middlewares/Third_Party/FreeRTOS/Source/list.o
LOAD Middlewares/Third_Party/FreeRTOS/Source/queue.o
LOAD Middlewares/Third_Party/FreeRTOS/Source/stream_buffer.o
LOAD Middlewares/Third_Party/FreeRTOS/Source/tasks.o
LOAD Middlewares/Third_Party/FreeRTOS/Source/timers.o
LOAD Middlewares/Third_Party/FreeRTOS/Source/portable/GCC/ARM_CM4F/port.o
LOAD Middlewares/Third_Party/FreeRTOS/Source/portable/MemMang/heap_4.o
START GROUP
LOAD c:/st/stm32cubeide_1.6.1/stm32cubeide/plugins/com.st.stm32cube.ide.mcu.externaltools.gnu-tools-for-stm32.9-2020-q2-update.win32_1.5.0.202011040924/tools/bin/../lib/gcc/arm-none-eabi/9.3.1/../../../../arm-none-eabi/lib/thumb/v7e-m+fp/hard\libstdc++_nano.a
LOAD c:/st/stm32cubeide_1.6.1/stm32cubeide/plugins/com.st.stm32cube.ide.mcu.externaltools.gnu-tools-for-stm32.9-2020-q2-update.win32_1.5.0.202011040924/tools/bin/../lib/gcc/arm-none-eabi/9.3.1/../../../../arm-none-eabi/lib/thumb/v7e-m+fp/hard\libsupc++_nano.a
END GROUP
LOAD c:/st/stm32cubeide_1.6.1/stm32cubeide/plugins/com.st.stm32cube.ide.mcu.externaltools.gnu-tools-for-stm32.9-2020-q2-update.win32_1.5.0.202011040924/tools/bin/../lib/gcc/arm-none-eabi/9.3.1/../../../../arm-none-eabi/lib/thumb/v7e-m+fp/hard\libstdc++_nano.a
LOAD c:/st/stm32cubeide_1.6.1/stm32cubeide/plugins/com.st.stm32cube.ide.mcu.externaltools.gnu-tools-for-stm32.9-2020-q2-update.win32_1.5.0.202011040924/tools/bin/../lib/gcc/arm-none-eabi/9.3.1/../../../../arm-none-eabi/lib/thumb/v7e-m+fp/hard\libm.a
LOAD c:/st/stm32cubeide_1.6.1/stm32cubeide/plugins/com.st.stm32cube.ide.mcu.externaltools.gnu-tools-for-stm32.9-2020-q2-update.win32_1.5.0.202011040924/tools/bin/../lib/gcc/arm-none-eabi/9.3.1/../../../../arm-none-eabi/lib/thumb/v7e-m+fp/hard\libc_nano.a
START GROUP
LOAD c:/st/stm32cubeide_1.6.1/stm32cubeide/plugins/com.st.stm32cube.ide.mcu.externaltools.gnu-tools-for-stm32.9-2020-q2-update.win32_1.5.0.202011040924/tools/bin/../lib/gcc/arm-none-eabi/9.3.1/thumb/v7e-m+fp/hard\libgcc.a
LOAD c:/st/stm32cubeide_1.6.1/stm32cubeide/plugins/com.st.stm32cube.ide.mcu.externaltools.gnu-tools-for-stm32.9-2020-q2-update.win32_1.5.0.202011040924/tools/bin/../lib/gcc/arm-none-eabi/9.3.1/../../../../arm-none-eabi/lib/thumb/v7e-m+fp/hard\libc_nano.a
END GROUP
START GROUP
LOAD c:/st/stm32cubeide_1.6.1/stm32cubeide/plugins/com.st.stm32cube.ide.mcu.externaltools.gnu-tools-for-stm32.9-2020-q2-update.win32_1.5.0.202011040924/tools/bin/../lib/gcc/arm-none-eabi/9.3.1/thumb/v7e-m+fp/hard\libgcc.a
LOAD c:/st/stm32cubeide_1.6.1/stm32cubeide/plugins/com.st.stm32cube.ide.mcu.externaltools.gnu-tools-for-stm32.9-2020-q2-update.win32_1.5.0.202011040924/tools/bin/../lib/gcc/arm-none-eabi/9.3.1/../../../../arm-none-eabi/lib/thumb/v7e-m+fp/hard\libc_nano.a
LOAD c:/st/stm32cubeide_1.6.1/stm32cubeide/plugins/com.st.stm32cube.ide.mcu.externaltools.gnu-tools-for-stm32.9-2020-q2-update.win32_1.5.0.202011040924/tools/bin/../lib/gcc/arm-none-eabi/9.3.1/../../../../arm-none-eabi/lib/thumb/v7e-m+fp/hard\libnosys.a
END GROUP
START GROUP
LOAD c:/st/stm32cubeide_1.6.1/stm32cubeide/plugins/com.st.stm32cube.ide.mcu.externaltools.gnu-tools-for-stm32.9-2020-q2-update.win32_1.5.0.202011040924/tools/bin/../lib/gcc/arm-none-eabi/9.3.1/thumb/v7e-m+fp/hard\libgcc.a
LOAD c:/st/stm32cubeide_1.6.1/stm32cubeide/plugins/com.st.stm32cube.ide.mcu.externaltools.gnu-tools-for-stm32.9-2020-q2-update.win32_1.5.0.202011040924/tools/bin/../lib/gcc/arm-none-eabi/9.3.1/../../../../arm-none-eabi/lib/thumb/v7e-m+fp/hard\libc_nano.a
LOAD c:/st/stm32cubeide_1.6.1/stm32cubeide/plugins/com.st.stm32cube.ide.mcu.externaltools.gnu-tools-for-stm32.9-2020-q2-update.win32_1.5.0.202011040924/tools/bin/../lib/gcc/arm-none-eabi/9.3.1/../../../../arm-none-eabi/lib/thumb/v7e-m+fp/hard\libnosys.a
END GROUP
LOAD c:/st/stm32cubeide_1.6.1/stm32cubeide/plugins/com.st.stm32cube.ide.mcu.externaltools.gnu-tools-for-stm32.9-2020-q2-update.win32_1.5.0.202011040924/tools/bin/../lib/gcc/arm-none-eabi/9.3.1/thumb/v7e-m+fp/hard/crtend.o
LOAD c:/st/stm32cubeide_1.6.1/stm32cubeide/plugins/com.st.stm32cube.ide.mcu.externaltools.gnu-tools-for-stm32.9-2020-q2-update.win32_1.5.0.202011040924/tools/bin/../lib/gcc/arm-none-eabi/9.3.1/thumb/v7e-m+fp/hard/crtn.o
                0x0000000020020000                _estack = (ORIGIN (RAM) + LENGTH (RAM))
                0x0000000000000200                _Min_Heap_Size = 0x200
                0x0000000000000400                _Min_Stack_Size = 0x400

.isr_vector     0x0000000008000000      0x188
                0x0000000008000000                . = ALIGN (0x4)
 *(.isr_vector)
 .isr_vector    0x0000000008000000      0x188 Core/Startup/startup_stm32f407vgtx.o
                0x0000000008000000                g_pfnVectors
                0x0000000008000188                . = ALIGN (0x4)

.text           0x0000000008000190     0xb348
                0x0000000008000190                . = ALIGN (0x4)
 *(.text)
 .text          0x0000000008000190       0x40 c:/st/stm32cubeide_1.6.1/stm32cubeide/plugins/com.st.stm32cube.ide.mcu.externaltools.gnu-tools-for-stm32.9-2020-q2-update.win32_1.5.0.202011040924/tools/bin/../lib/gcc/arm-none-eabi/9.3.1/thumb/v7e-m+fp/hard/crtbegin.o
 .text          0x00000000080001d0       0x30 c:/st/stm32cubeide_1.6.1/stm32cubeide/plugins/com.st.stm32cube.ide.mcu.externaltools.gnu-tools-for-stm32.9-2020-q2-update.win32_1.5.0.202011040924/tools/bin/../lib/gcc/arm-none-eabi/9.3.1/thumb/v7e-m+fp/hard\libgcc.a(_aeabi_uldivmod.o)
                0x00000000080001d0                __aeabi_uldivmod
 .text          0x0000000008000200      0x2c4 c:/st/stm32cubeide_1.6.1/stm32cubeide/plugins/com.st.stm32cube.ide.mcu.externaltools.gnu-tools-for-stm32.9-2020-q2-update.win32_1.5.0.202011040924/tools/bin/../lib/gcc/arm-none-eabi/9.3.1/thumb/v7e-m+fp/hard\libgcc.a(_udivmoddi4.o)
                0x0000000008000200                __udivmoddi4
 .text          0x00000000080004c4        0x4 c:/st/stm32cubeide_1.6.1/stm32cubeide/plugins/com.st.stm32cube.ide.mcu.externaltools.gnu-tools-for-stm32.9-2020-q2-update.win32_1.5.0.202011040924/tools/bin/../lib/gcc/arm-none-eabi/9.3.1/thumb/v7e-m+fp/hard\libgcc.a(_dvmd_tls.o)
                0x00000000080004c4                __aeabi_idiv0
                0x00000000080004c4                __aeabi_ldiv0
 *(.text*)
 .text.SetBuzzerFRQ
                0x00000000080004c8       0x6c Core/Src/buzzer.o
                0x00000000080004c8                SetBuzzerFRQ
 .text.BuzzerOff
                0x0000000008000534       0x1c Core/Src/buzzer.o
                0x0000000008000534                BuzzerOff
 .text.CAN_Config
                0x0000000008000550      0x168 Core/Src/can.o
                0x0000000008000550                CAN_Config
 .text.Can_TxMessage
                0x00000000080006b8       0x8c Core/Src/can.o
                0x00000000080006b8                Can_TxMessage
 .text.processCAN2Packet
                0x0000000008000744      0x20c Core/Src/can.o
                0x0000000008000744                processCAN2Packet
 .text.FlashWriteAll
                0x0000000008000950       0x90 Core/Src/flash.o
                0x0000000008000950                FlashWriteAll
 .text.FlashReadAll
                0x00000000080009e0       0x44 Core/Src/flash.o
                0x00000000080009e0                FlashReadAll
 .text.OptionsArrayAddFloat
                0x0000000008000a24       0x38 Core/Src/flash.o
                0x0000000008000a24                OptionsArrayAddFloat
 .text.OptionsArrayGetFloat
                0x0000000008000a5c       0x3c Core/Src/flash.o
                0x0000000008000a5c                OptionsArrayGetFloat
 .text.OptionsToArray
                0x0000000008000a98       0x74 Core/Src/flash.o
                0x0000000008000a98                OptionsToArray
 .text.ArrayToOptions
                0x0000000008000b0c       0x2c Core/Src/flash.o
                0x0000000008000b0c                ArrayToOptions
 .text.main     0x0000000008000b38       0xdc Core/Src/main.o
                0x0000000008000b38                main
 .text.SystemClock_Config
                0x0000000008000c14       0xd4 Core/Src/main.o
                0x0000000008000c14                SystemClock_Config
 .text.MX_ADC1_Init
                0x0000000008000ce8      0x178 Core/Src/main.o
 .text.MX_CAN2_Init
                0x0000000008000e60       0x74 Core/Src/main.o
 .text.MX_TIM1_Init
                0x0000000008000ed4      0x1e8 Core/Src/main.o
 .text.MX_TIM2_Init
                0x00000000080010bc      0x18c Core/Src/main.o
 .text.MX_TIM3_Init
                0x0000000008001248      0x190 Core/Src/main.o
 .text.MX_TIM4_Init
                0x00000000080013d8      0x11c Core/Src/main.o
 .text.MX_TIM8_Init
                0x00000000080014f4      0x1e8 Core/Src/main.o
 .text.MX_TIM12_Init
                0x00000000080016dc      0x128 Core/Src/main.o
 .text.MX_USART2_UART_Init
                0x0000000008001804       0x64 Core/Src/main.o
 .text.MX_DMA_Init
                0x0000000008001868       0x6c Core/Src/main.o
 .text.MX_GPIO_Init
                0x00000000080018d4      0x158 Core/Src/main.o
 .text.CalcCheckSumm
                0x0000000008001a2c       0x4a Core/Src/main.o
                0x0000000008001a2c                CalcCheckSumm
 *fill*         0x0000000008001a76        0x2 
 .text.HAL_ADC_ConvCpltCallback
                0x0000000008001a78       0x24 Core/Src/main.o
                0x0000000008001a78                HAL_ADC_ConvCpltCallback
 .text.HAL_CAN_RxFifo0MsgPendingCallback
                0x0000000008001a9c       0x24 Core/Src/main.o
                0x0000000008001a9c                HAL_CAN_RxFifo0MsgPendingCallback
 .text.HAL_UART_TxCpltCallback
                0x0000000008001ac0       0x2c Core/Src/main.o
                0x0000000008001ac0                HAL_UART_TxCpltCallback
 .text.StartDefaultTask
                0x0000000008001aec       0x24 Core/Src/main.o
                0x0000000008001aec                StartDefaultTask
 .text.StartUARTTx
                0x0000000008001b10       0x54 Core/Src/main.o
                0x0000000008001b10                StartUARTTx
 .text.CANEntry
                0x0000000008001b64       0x10 Core/Src/main.o
                0x0000000008001b64                CANEntry
 .text.StartCfmPacket
                0x0000000008001b74       0x48 Core/Src/main.o
                0x0000000008001b74                StartCfmPacket
 .text.HAL_TIM_PeriodElapsedCallback
                0x0000000008001bbc       0x7c Core/Src/main.o
                0x0000000008001bbc                HAL_TIM_PeriodElapsedCallback
 .text.Error_Handler
                0x0000000008001c38        0xa Core/Src/main.o
                0x0000000008001c38                Error_Handler
 *fill*         0x0000000008001c42        0x2 
 .text.PWM_Off  0x0000000008001c44       0x4c Core/Src/movement.o
                0x0000000008001c44                PWM_Off
 .text.SetMotorPWM
                0x0000000008001c90      0x234 Core/Src/movement.o
                0x0000000008001c90                SetMotorPWM
 .text.HAL_MspInit
                0x0000000008001ec4       0x58 Core/Src/stm32f4xx_hal_msp.o
                0x0000000008001ec4                HAL_MspInit
 .text.HAL_ADC_MspInit
                0x0000000008001f1c      0x134 Core/Src/stm32f4xx_hal_msp.o
                0x0000000008001f1c                HAL_ADC_MspInit
 .text.HAL_CAN_MspInit
                0x0000000008002050       0xdc Core/Src/stm32f4xx_hal_msp.o
                0x0000000008002050                HAL_CAN_MspInit
 .text.HAL_TIM_Base_MspInit
                0x000000000800212c      0x148 Core/Src/stm32f4xx_hal_msp.o
                0x000000000800212c                HAL_TIM_Base_MspInit
 .text.HAL_TIM_MspPostInit
                0x0000000008002274      0x240 Core/Src/stm32f4xx_hal_msp.o
                0x0000000008002274                HAL_TIM_MspPostInit
 .text.HAL_UART_MspInit
                0x00000000080024b4      0x104 Core/Src/stm32f4xx_hal_msp.o
                0x00000000080024b4                HAL_UART_MspInit
 .text.HAL_InitTick
                0x00000000080025b8       0xb4 Core/Src/stm32f4xx_hal_timebase_tim.o
                0x00000000080025b8                HAL_InitTick
 .text.NMI_Handler
                0x000000000800266c        0x6 Core/Src/stm32f4xx_it.o
                0x000000000800266c                NMI_Handler
 .text.HardFault_Handler
                0x0000000008002672        0x6 Core/Src/stm32f4xx_it.o
                0x0000000008002672                HardFault_Handler
 .text.MemManage_Handler
                0x0000000008002678        0x6 Core/Src/stm32f4xx_it.o
                0x0000000008002678                MemManage_Handler
 .text.BusFault_Handler
                0x000000000800267e        0x6 Core/Src/stm32f4xx_it.o
                0x000000000800267e                BusFault_Handler
 .text.UsageFault_Handler
                0x0000000008002684        0x6 Core/Src/stm32f4xx_it.o
                0x0000000008002684                UsageFault_Handler
 .text.DebugMon_Handler
                0x000000000800268a        0xe Core/Src/stm32f4xx_it.o
                0x000000000800268a                DebugMon_Handler
 .text.DMA1_Stream6_IRQHandler
                0x0000000008002698       0x14 Core/Src/stm32f4xx_it.o
                0x0000000008002698                DMA1_Stream6_IRQHandler
 .text.ADC_IRQHandler
                0x00000000080026ac       0x14 Core/Src/stm32f4xx_it.o
                0x00000000080026ac                ADC_IRQHandler
 .text.TIM1_UP_TIM10_IRQHandler
                0x00000000080026c0       0x14 Core/Src/stm32f4xx_it.o
                0x00000000080026c0                TIM1_UP_TIM10_IRQHandler
 .text.TIM2_IRQHandler
                0x00000000080026d4       0x14 Core/Src/stm32f4xx_it.o
                0x00000000080026d4                TIM2_IRQHandler
 .text.USART2_IRQHandler
                0x00000000080026e8       0x38 Core/Src/stm32f4xx_it.o
                0x00000000080026e8                USART2_IRQHandler
 .text.TIM8_TRG_COM_TIM14_IRQHandler
                0x0000000008002720       0x1c Core/Src/stm32f4xx_it.o
                0x0000000008002720                TIM8_TRG_COM_TIM14_IRQHandler
 .text.DMA2_Stream0_IRQHandler
                0x000000000800273c       0x14 Core/Src/stm32f4xx_it.o
                0x000000000800273c                DMA2_Stream0_IRQHandler
 .text.CAN2_TX_IRQHandler
                0x0000000008002750       0x14 Core/Src/stm32f4xx_it.o
                0x0000000008002750                CAN2_TX_IRQHandler
 .text.CAN2_RX0_IRQHandler
                0x0000000008002764       0x14 Core/Src/stm32f4xx_it.o
                0x0000000008002764                CAN2_RX0_IRQHandler
 .text.CAN2_RX1_IRQHandler
                0x0000000008002778       0x14 Core/Src/stm32f4xx_it.o
                0x0000000008002778                CAN2_RX1_IRQHandler
 .text.SystemInit
                0x000000000800278c       0x2c Core/Src/system_stm32f4xx.o
                0x000000000800278c                SystemInit
 .text.ReceivePacketUART
                0x00000000080027b8       0xe8 Core/Src/uart.o
                0x00000000080027b8                ReceivePacketUART
 .text.ProcessUARTCmd
                0x00000000080028a0      0x2d0 Core/Src/uart.o
                0x00000000080028a0                ProcessUARTCmd
 .text.TrmDataPacketUART
                0x0000000008002b70      0x250 Core/Src/uart.o
                0x0000000008002b70                TrmDataPacketUART
 .text.TrmCfmPacketUART
                0x0000000008002dc0       0x6c Core/Src/uart.o
                0x0000000008002dc0                TrmCfmPacketUART
 .text.Reset_Handler
                0x0000000008002e2c       0x50 Core/Startup/startup_stm32f407vgtx.o
                0x0000000008002e2c                Reset_Handler
 .text.Default_Handler
                0x0000000008002e7c        0x2 Core/Startup/startup_stm32f407vgtx.o
                0x0000000008002e7c                RTC_Alarm_IRQHandler
                0x0000000008002e7c                HASH_RNG_IRQHandler
                0x0000000008002e7c                EXTI2_IRQHandler
                0x0000000008002e7c                TIM8_CC_IRQHandler
                0x0000000008002e7c                TIM1_CC_IRQHandler
                0x0000000008002e7c                DMA2_Stream5_IRQHandler
                0x0000000008002e7c                DMA1_Stream5_IRQHandler
                0x0000000008002e7c                PVD_IRQHandler
                0x0000000008002e7c                SDIO_IRQHandler
                0x0000000008002e7c                TAMP_STAMP_IRQHandler
                0x0000000008002e7c                EXTI3_IRQHandler
                0x0000000008002e7c                TIM8_UP_TIM13_IRQHandler
                0x0000000008002e7c                I2C3_ER_IRQHandler
                0x0000000008002e7c                EXTI0_IRQHandler
                0x0000000008002e7c                I2C2_EV_IRQHandler
                0x0000000008002e7c                DMA1_Stream2_IRQHandler
                0x0000000008002e7c                CAN1_RX0_IRQHandler
                0x0000000008002e7c                FPU_IRQHandler
                0x0000000008002e7c                OTG_HS_WKUP_IRQHandler
                0x0000000008002e7c                CAN2_SCE_IRQHandler
                0x0000000008002e7c                DMA2_Stream2_IRQHandler
                0x0000000008002e7c                SPI1_IRQHandler
                0x0000000008002e7c                TIM6_DAC_IRQHandler
                0x0000000008002e7c                TIM1_BRK_TIM9_IRQHandler
                0x0000000008002e7c                DCMI_IRQHandler
                0x0000000008002e7c                DMA2_Stream3_IRQHandler
                0x0000000008002e7c                USART6_IRQHandler
                0x0000000008002e7c                USART3_IRQHandler
                0x0000000008002e7c                CAN1_RX1_IRQHandler
                0x0000000008002e7c                UART5_IRQHandler
                0x0000000008002e7c                TIM4_IRQHandler
                0x0000000008002e7c                I2C1_EV_IRQHandler
                0x0000000008002e7c                DMA1_Stream1_IRQHandler
                0x0000000008002e7c                UART4_IRQHandler
                0x0000000008002e7c                TIM3_IRQHandler
                0x0000000008002e7c                RCC_IRQHandler
                0x0000000008002e7c                TIM8_BRK_TIM12_IRQHandler
                0x0000000008002e7c                Default_Handler
                0x0000000008002e7c                EXTI15_10_IRQHandler
                0x0000000008002e7c                DMA1_Stream7_IRQHandler
                0x0000000008002e7c                TIM7_IRQHandler
                0x0000000008002e7c                TIM5_IRQHandler
                0x0000000008002e7c                DMA2_Stream7_IRQHandler
                0x0000000008002e7c                I2C3_EV_IRQHandler
                0x0000000008002e7c                EXTI9_5_IRQHandler
                0x0000000008002e7c                RTC_WKUP_IRQHandler
                0x0000000008002e7c                ETH_WKUP_IRQHandler
                0x0000000008002e7c                SPI2_IRQHandler
                0x0000000008002e7c                OTG_HS_EP1_IN_IRQHandler
                0x0000000008002e7c                DMA1_Stream0_IRQHandler
                0x0000000008002e7c                CAN1_TX_IRQHandler
                0x0000000008002e7c                EXTI4_IRQHandler
                0x0000000008002e7c                FSMC_IRQHandler
                0x0000000008002e7c                ETH_IRQHandler
                0x0000000008002e7c                OTG_HS_EP1_OUT_IRQHandler
                0x0000000008002e7c                WWDG_IRQHandler
                0x0000000008002e7c                OTG_FS_WKUP_IRQHandler
                0x0000000008002e7c                TIM1_TRG_COM_TIM11_IRQHandler
                0x0000000008002e7c                OTG_HS_IRQHandler
                0x0000000008002e7c                EXTI1_IRQHandler
                0x0000000008002e7c                I2C2_ER_IRQHandler
                0x0000000008002e7c                DMA2_Stream1_IRQHandler
                0x0000000008002e7c                CAN1_SCE_IRQHandler
                0x0000000008002e7c                FLASH_IRQHandler
                0x0000000008002e7c                DMA2_Stream4_IRQHandler
                0x0000000008002e7c                USART1_IRQHandler
                0x0000000008002e7c                OTG_FS_IRQHandler
                0x0000000008002e7c                SPI3_IRQHandler
                0x0000000008002e7c                DMA1_Stream4_IRQHandler
                0x0000000008002e7c                I2C1_ER_IRQHandler
                0x0000000008002e7c                DMA2_Stream6_IRQHandler
                0x0000000008002e7c                DMA1_Stream3_IRQHandler
 *fill*         0x0000000008002e7e        0x2 
 .text.HAL_Init
                0x0000000008002e80       0x44 Drivers/STM32F4xx_HAL_Driver/Src/stm32f4xx_hal.o
                0x0000000008002e80                HAL_Init
 .text.HAL_IncTick
                0x0000000008002ec4       0x28 Drivers/STM32F4xx_HAL_Driver/Src/stm32f4xx_hal.o
                0x0000000008002ec4                HAL_IncTick
 .text.HAL_GetTick
                0x0000000008002eec       0x18 Drivers/STM32F4xx_HAL_Driver/Src/stm32f4xx_hal.o
                0x0000000008002eec                HAL_GetTick
 .text.HAL_ADC_Init
                0x0000000008002f04       0x86 Drivers/STM32F4xx_HAL_Driver/Src/stm32f4xx_hal_adc.o
                0x0000000008002f04                HAL_ADC_Init
 .text.HAL_ADC_IRQHandler
                0x0000000008002f8a      0x282 Drivers/STM32F4xx_HAL_Driver/Src/stm32f4xx_hal_adc.o
                0x0000000008002f8a                HAL_ADC_IRQHandler
 .text.HAL_ADC_Start_DMA
                0x000000000800320c      0x220 Drivers/STM32F4xx_HAL_Driver/Src/stm32f4xx_hal_adc.o
                0x000000000800320c                HAL_ADC_Start_DMA
 .text.HAL_ADC_ConvHalfCpltCallback
                0x000000000800342c       0x14 Drivers/STM32F4xx_HAL_Driver/Src/stm32f4xx_hal_adc.o
                0x000000000800342c                HAL_ADC_ConvHalfCpltCallback
 .text.HAL_ADC_LevelOutOfWindowCallback
                0x0000000008003440       0x14 Drivers/STM32F4xx_HAL_Driver/Src/stm32f4xx_hal_adc.o
                0x0000000008003440                HAL_ADC_LevelOutOfWindowCallback
 .text.HAL_ADC_ErrorCallback
                0x0000000008003454       0x14 Drivers/STM32F4xx_HAL_Driver/Src/stm32f4xx_hal_adc.o
                0x0000000008003454                HAL_ADC_ErrorCallback
 .text.HAL_ADC_ConfigChannel
                0x0000000008003468      0x244 Drivers/STM32F4xx_HAL_Driver/Src/stm32f4xx_hal_adc.o
                0x0000000008003468                HAL_ADC_ConfigChannel
 .text.ADC_Init
                0x00000000080036ac      0x1f8 Drivers/STM32F4xx_HAL_Driver/Src/stm32f4xx_hal_adc.o
 .text.ADC_DMAConvCplt
                0x00000000080038a4       0xba Drivers/STM32F4xx_HAL_Driver/Src/stm32f4xx_hal_adc.o
 .text.ADC_DMAHalfConvCplt
                0x000000000800395e       0x1c Drivers/STM32F4xx_HAL_Driver/Src/stm32f4xx_hal_adc.o
 .text.ADC_DMAError
                0x000000000800397a       0x2e Drivers/STM32F4xx_HAL_Driver/Src/stm32f4xx_hal_adc.o
 .text.HAL_ADCEx_InjectedConvCpltCallback
                0x00000000080039a8       0x14 Drivers/STM32F4xx_HAL_Driver/Src/stm32f4xx_hal_adc_ex.o
                0x00000000080039a8                HAL_ADCEx_InjectedConvCpltCallback
 .text.HAL_CAN_Init
                0x00000000080039bc      0x1f6 Drivers/STM32F4xx_HAL_Driver/Src/stm32f4xx_hal_can.o
                0x00000000080039bc                HAL_CAN_Init
 *fill*         0x0000000008003bb2        0x2 
 .text.HAL_CAN_ConfigFilter
                0x0000000008003bb4      0x1c0 Drivers/STM32F4xx_HAL_Driver/Src/stm32f4xx_hal_can.o
                0x0000000008003bb4                HAL_CAN_ConfigFilter
 .text.HAL_CAN_Start
                0x0000000008003d74       0x88 Drivers/STM32F4xx_HAL_Driver/Src/stm32f4xx_hal_can.o
                0x0000000008003d74                HAL_CAN_Start
 .text.HAL_CAN_AddTxMessage
                0x0000000008003dfc      0x1b6 Drivers/STM32F4xx_HAL_Driver/Src/stm32f4xx_hal_can.o
                0x0000000008003dfc                HAL_CAN_AddTxMessage
 .text.HAL_CAN_GetTxMailboxesFreeLevel
                0x0000000008003fb2       0x6a Drivers/STM32F4xx_HAL_Driver/Src/stm32f4xx_hal_can.o
                0x0000000008003fb2                HAL_CAN_GetTxMailboxesFreeLevel
 .text.HAL_CAN_GetRxMessage
                0x000000000800401c      0x224 Drivers/STM32F4xx_HAL_Driver/Src/stm32f4xx_hal_can.o
                0x000000000800401c                HAL_CAN_GetRxMessage
 .text.HAL_CAN_ActivateNotification
                0x0000000008004240       0x4c Drivers/STM32F4xx_HAL_Driver/Src/stm32f4xx_hal_can.o
                0x0000000008004240                HAL_CAN_ActivateNotification
 .text.HAL_CAN_IRQHandler
                0x000000000800428c      0x36e Drivers/STM32F4xx_HAL_Driver/Src/stm32f4xx_hal_can.o
                0x000000000800428c                HAL_CAN_IRQHandler
 .text.HAL_CAN_TxMailbox0CompleteCallback
                0x00000000080045fa       0x14 Drivers/STM32F4xx_HAL_Driver/Src/stm32f4xx_hal_can.o
                0x00000000080045fa                HAL_CAN_TxMailbox0CompleteCallback
 .text.HAL_CAN_TxMailbox1CompleteCallback
                0x000000000800460e       0x14 Drivers/STM32F4xx_HAL_Driver/Src/stm32f4xx_hal_can.o
                0x000000000800460e                HAL_CAN_TxMailbox1CompleteCallback
 .text.HAL_CAN_TxMailbox2CompleteCallback
                0x0000000008004622       0x14 Drivers/STM32F4xx_HAL_Driver/Src/stm32f4xx_hal_can.o
                0x0000000008004622                HAL_CAN_TxMailbox2CompleteCallback
 .text.HAL_CAN_TxMailbox0AbortCallback
                0x0000000008004636       0x14 Drivers/STM32F4xx_HAL_Driver/Src/stm32f4xx_hal_can.o
                0x0000000008004636                HAL_CAN_TxMailbox0AbortCallback
 .text.HAL_CAN_TxMailbox1AbortCallback
                0x000000000800464a       0x14 Drivers/STM32F4xx_HAL_Driver/Src/stm32f4xx_hal_can.o
                0x000000000800464a                HAL_CAN_TxMailbox1AbortCallback
 .text.HAL_CAN_TxMailbox2AbortCallback
                0x000000000800465e       0x14 Drivers/STM32F4xx_HAL_Driver/Src/stm32f4xx_hal_can.o
                0x000000000800465e                HAL_CAN_TxMailbox2AbortCallback
 .text.HAL_CAN_RxFifo0FullCallback
                0x0000000008004672       0x14 Drivers/STM32F4xx_HAL_Driver/Src/stm32f4xx_hal_can.o
                0x0000000008004672                HAL_CAN_RxFifo0FullCallback
 .text.HAL_CAN_RxFifo1MsgPendingCallback
                0x0000000008004686       0x14 Drivers/STM32F4xx_HAL_Driver/Src/stm32f4xx_hal_can.o
                0x0000000008004686                HAL_CAN_RxFifo1MsgPendingCallback
 .text.HAL_CAN_RxFifo1FullCallback
                0x000000000800469a       0x14 Drivers/STM32F4xx_HAL_Driver/Src/stm32f4xx_hal_can.o
                0x000000000800469a                HAL_CAN_RxFifo1FullCallback
 .text.HAL_CAN_SleepCallback
                0x00000000080046ae       0x14 Drivers/STM32F4xx_HAL_Driver/Src/stm32f4xx_hal_can.o
                0x00000000080046ae                HAL_CAN_SleepCallback
 .text.HAL_CAN_WakeUpFromRxMsgCallback
                0x00000000080046c2       0x14 Drivers/STM32F4xx_HAL_Driver/Src/stm32f4xx_hal_can.o
                0x00000000080046c2                HAL_CAN_WakeUpFromRxMsgCallback
 .text.HAL_CAN_ErrorCallback
                0x00000000080046d6       0x14 Drivers/STM32F4xx_HAL_Driver/Src/stm32f4xx_hal_can.o
                0x00000000080046d6                HAL_CAN_ErrorCallback
 *fill*         0x00000000080046ea        0x2 
 .text.__NVIC_SetPriorityGrouping
                0x00000000080046ec       0x48 Drivers/STM32F4xx_HAL_Driver/Src/stm32f4xx_hal_cortex.o
 .text.__NVIC_GetPriorityGrouping
                0x0000000008004734       0x1c Drivers/STM32F4xx_HAL_Driver/Src/stm32f4xx_hal_cortex.o
 .text.__NVIC_EnableIRQ
                0x0000000008004750       0x3c Drivers/STM32F4xx_HAL_Driver/Src/stm32f4xx_hal_cortex.o
 .text.__NVIC_SetPriority
                0x000000000800478c       0x54 Drivers/STM32F4xx_HAL_Driver/Src/stm32f4xx_hal_cortex.o
 .text.NVIC_EncodePriority
                0x00000000080047e0       0x66 Drivers/STM32F4xx_HAL_Driver/Src/stm32f4xx_hal_cortex.o
 .text.HAL_NVIC_SetPriorityGrouping
                0x0000000008004846       0x16 Drivers/STM32F4xx_HAL_Driver/Src/stm32f4xx_hal_cortex.o
                0x0000000008004846                HAL_NVIC_SetPriorityGrouping
 .text.HAL_NVIC_SetPriority
                0x000000000800485c       0x38 Drivers/STM32F4xx_HAL_Driver/Src/stm32f4xx_hal_cortex.o
                0x000000000800485c                HAL_NVIC_SetPriority
 .text.HAL_NVIC_EnableIRQ
                0x0000000008004894       0x1c Drivers/STM32F4xx_HAL_Driver/Src/stm32f4xx_hal_cortex.o
                0x0000000008004894                HAL_NVIC_EnableIRQ
 .text.HAL_DMA_Init
                0x00000000080048b0      0x15c Drivers/STM32F4xx_HAL_Driver/Src/stm32f4xx_hal_dma.o
                0x00000000080048b0                HAL_DMA_Init
 .text.HAL_DMA_Start_IT
                0x0000000008004a0c       0xb0 Drivers/STM32F4xx_HAL_Driver/Src/stm32f4xx_hal_dma.o
                0x0000000008004a0c                HAL_DMA_Start_IT
 .text.HAL_DMA_Abort
                0x0000000008004abc       0xe0 Drivers/STM32F4xx_HAL_Driver/Src/stm32f4xx_hal_dma.o
                0x0000000008004abc                HAL_DMA_Abort
 .text.HAL_DMA_Abort_IT
                0x0000000008004b9c       0x44 Drivers/STM32F4xx_HAL_Driver/Src/stm32f4xx_hal_dma.o
                0x0000000008004b9c                HAL_DMA_Abort_IT
 .text.HAL_DMA_IRQHandler
                0x0000000008004be0      0x314 Drivers/STM32F4xx_HAL_Driver/Src/stm32f4xx_hal_dma.o
                0x0000000008004be0                HAL_DMA_IRQHandler
 .text.DMA_SetConfig
                0x0000000008004ef4       0x5c Drivers/STM32F4xx_HAL_Driver/Src/stm32f4xx_hal_dma.o
 .text.DMA_CalcBaseAndBitshift
                0x0000000008004f50       0x6c Drivers/STM32F4xx_HAL_Driver/Src/stm32f4xx_hal_dma.o
 .text.DMA_CheckFifoParam
                0x0000000008004fbc       0xf8 Drivers/STM32F4xx_HAL_Driver/Src/stm32f4xx_hal_dma.o
 .text.HAL_FLASH_Program
                0x00000000080050b4       0xa8 Drivers/STM32F4xx_HAL_Driver/Src/stm32f4xx_hal_flash.o
                0x00000000080050b4                HAL_FLASH_Program
 .text.HAL_FLASH_Unlock
                0x000000000800515c       0x44 Drivers/STM32F4xx_HAL_Driver/Src/stm32f4xx_hal_flash.o
                0x000000000800515c                HAL_FLASH_Unlock
 .text.HAL_FLASH_Lock
                0x00000000080051a0       0x20 Drivers/STM32F4xx_HAL_Driver/Src/stm32f4xx_hal_flash.o
                0x00000000080051a0                HAL_FLASH_Lock
 .text.FLASH_WaitForLastOperation
                0x00000000080051c0       0x80 Drivers/STM32F4xx_HAL_Driver/Src/stm32f4xx_hal_flash.o
                0x00000000080051c0                FLASH_WaitForLastOperation
 .text.FLASH_Program_DoubleWord
                0x0000000008005240       0x64 Drivers/STM32F4xx_HAL_Driver/Src/stm32f4xx_hal_flash.o
 .text.FLASH_Program_Word
                0x00000000080052a4       0x44 Drivers/STM32F4xx_HAL_Driver/Src/stm32f4xx_hal_flash.o
 .text.FLASH_Program_HalfWord
                0x00000000080052e8       0x48 Drivers/STM32F4xx_HAL_Driver/Src/stm32f4xx_hal_flash.o
 .text.FLASH_Program_Byte
                0x0000000008005330       0x44 Drivers/STM32F4xx_HAL_Driver/Src/stm32f4xx_hal_flash.o
 .text.FLASH_SetErrorCode
                0x0000000008005374       0xac Drivers/STM32F4xx_HAL_Driver/Src/stm32f4xx_hal_flash.o
 .text.HAL_FLASHEx_Erase
                0x0000000008005420       0xe0 Drivers/STM32F4xx_HAL_Driver/Src/stm32f4xx_hal_flash_ex.o
                0x0000000008005420                HAL_FLASHEx_Erase
 .text.FLASH_MassErase
                0x0000000008005500       0x48 Drivers/STM32F4xx_HAL_Driver/Src/stm32f4xx_hal_flash_ex.o
 .text.FLASH_Erase_Sector
                0x0000000008005548       0x90 Drivers/STM32F4xx_HAL_Driver/Src/stm32f4xx_hal_flash_ex.o
                0x0000000008005548                FLASH_Erase_Sector
 .text.FLASH_FlushCaches
                0x00000000080055d8       0x8c Drivers/STM32F4xx_HAL_Driver/Src/stm32f4xx_hal_flash_ex.o
                0x00000000080055d8                FLASH_FlushCaches
 .text.HAL_GPIO_Init
                0x0000000008005664      0x338 Drivers/STM32F4xx_HAL_Driver/Src/stm32f4xx_hal_gpio.o
                0x0000000008005664                HAL_GPIO_Init
 .text.HAL_GPIO_WritePin
                0x000000000800599c       0x32 Drivers/STM32F4xx_HAL_Driver/Src/stm32f4xx_hal_gpio.o
                0x000000000800599c                HAL_GPIO_WritePin
 *fill*         0x00000000080059ce        0x2 
 .text.HAL_RCC_OscConfig
                0x00000000080059d0      0x4f0 Drivers/STM32F4xx_HAL_Driver/Src/stm32f4xx_hal_rcc.o
                0x00000000080059d0                HAL_RCC_OscConfig
 .text.HAL_RCC_ClockConfig
                0x0000000008005ec0      0x1cc Drivers/STM32F4xx_HAL_Driver/Src/stm32f4xx_hal_rcc.o
                0x0000000008005ec0                HAL_RCC_ClockConfig
 .text.HAL_RCC_GetSysClockFreq
                0x000000000800608c      0x1c4 Drivers/STM32F4xx_HAL_Driver/Src/stm32f4xx_hal_rcc.o
                0x000000000800608c                HAL_RCC_GetSysClockFreq
 .text.HAL_RCC_GetHCLKFreq
                0x0000000008006250       0x18 Drivers/STM32F4xx_HAL_Driver/Src/stm32f4xx_hal_rcc.o
                0x0000000008006250                HAL_RCC_GetHCLKFreq
 .text.HAL_RCC_GetPCLK1Freq
                0x0000000008006268       0x28 Drivers/STM32F4xx_HAL_Driver/Src/stm32f4xx_hal_rcc.o
                0x0000000008006268                HAL_RCC_GetPCLK1Freq
 .text.HAL_RCC_GetPCLK2Freq
                0x0000000008006290       0x28 Drivers/STM32F4xx_HAL_Driver/Src/stm32f4xx_hal_rcc.o
                0x0000000008006290                HAL_RCC_GetPCLK2Freq
 .text.HAL_RCC_GetClockConfig
                0x00000000080062b8       0x64 Drivers/STM32F4xx_HAL_Driver/Src/stm32f4xx_hal_rcc.o
                0x00000000080062b8                HAL_RCC_GetClockConfig
 .text.HAL_TIM_Base_Init
                0x000000000800631c       0x9e Drivers/STM32F4xx_HAL_Driver/Src/stm32f4xx_hal_tim.o
                0x000000000800631c                HAL_TIM_Base_Init
 *fill*         0x00000000080063ba        0x2 
 .text.HAL_TIM_Base_Start_IT
                0x00000000080063bc       0xe0 Drivers/STM32F4xx_HAL_Driver/Src/stm32f4xx_hal_tim.o
                0x00000000080063bc                HAL_TIM_Base_Start_IT
 .text.HAL_TIM_PWM_Init
                0x000000000800649c       0x9e Drivers/STM32F4xx_HAL_Driver/Src/stm32f4xx_hal_tim.o
                0x000000000800649c                HAL_TIM_PWM_Init
 .text.HAL_TIM_PWM_MspInit
                0x000000000800653a       0x14 Drivers/STM32F4xx_HAL_Driver/Src/stm32f4xx_hal_tim.o
                0x000000000800653a                HAL_TIM_PWM_MspInit
 .text.HAL_TIM_IRQHandler
                0x000000000800654e      0x210 Drivers/STM32F4xx_HAL_Driver/Src/stm32f4xx_hal_tim.o
                0x000000000800654e                HAL_TIM_IRQHandler
 *fill*         0x000000000800675e        0x2 
 .text.HAL_TIM_PWM_ConfigChannel
                0x0000000008006760      0x17c Drivers/STM32F4xx_HAL_Driver/Src/stm32f4xx_hal_tim.o
                0x0000000008006760                HAL_TIM_PWM_ConfigChannel
 .text.HAL_TIM_ConfigClockSource
                0x00000000080068dc      0x188 Drivers/STM32F4xx_HAL_Driver/Src/stm32f4xx_hal_tim.o
                0x00000000080068dc                HAL_TIM_ConfigClockSource
 .text.HAL_TIM_OC_DelayElapsedCallback
                0x0000000008006a64       0x14 Drivers/STM32F4xx_HAL_Driver/Src/stm32f4xx_hal_tim.o
                0x0000000008006a64                HAL_TIM_OC_DelayElapsedCallback
 .text.HAL_TIM_IC_CaptureCallback
                0x0000000008006a78       0x14 Drivers/STM32F4xx_HAL_Driver/Src/stm32f4xx_hal_tim.o
                0x0000000008006a78                HAL_TIM_IC_CaptureCallback
 .text.HAL_TIM_PWM_PulseFinishedCallback
                0x0000000008006a8c       0x14 Drivers/STM32F4xx_HAL_Driver/Src/stm32f4xx_hal_tim.o
                0x0000000008006a8c                HAL_TIM_PWM_PulseFinishedCallback
 .text.HAL_TIM_TriggerCallback
                0x0000000008006aa0       0x14 Drivers/STM32F4xx_HAL_Driver/Src/stm32f4xx_hal_tim.o
                0x0000000008006aa0                HAL_TIM_TriggerCallback
 .text.TIM_Base_SetConfig
                0x0000000008006ab4      0x140 Drivers/STM32F4xx_HAL_Driver/Src/stm32f4xx_hal_tim.o
                0x0000000008006ab4                TIM_Base_SetConfig
 .text.TIM_OC1_SetConfig
                0x0000000008006bf4       0xe0 Drivers/STM32F4xx_HAL_Driver/Src/stm32f4xx_hal_tim.o
 .text.TIM_OC2_SetConfig
                0x0000000008006cd4       0xec Drivers/STM32F4xx_HAL_Driver/Src/stm32f4xx_hal_tim.o
                0x0000000008006cd4                TIM_OC2_SetConfig
 .text.TIM_OC3_SetConfig
                0x0000000008006dc0       0xe8 Drivers/STM32F4xx_HAL_Driver/Src/stm32f4xx_hal_tim.o
 .text.TIM_OC4_SetConfig
                0x0000000008006ea8       0xac Drivers/STM32F4xx_HAL_Driver/Src/stm32f4xx_hal_tim.o
 .text.TIM_TI1_ConfigInputStage
                0x0000000008006f54       0x5e Drivers/STM32F4xx_HAL_Driver/Src/stm32f4xx_hal_tim.o
 .text.TIM_TI2_ConfigInputStage
                0x0000000008006fb2       0x60 Drivers/STM32F4xx_HAL_Driver/Src/stm32f4xx_hal_tim.o
 .text.TIM_ITRx_SetConfig
                0x0000000008007012       0x36 Drivers/STM32F4xx_HAL_Driver/Src/stm32f4xx_hal_tim.o
 .text.TIM_ETR_SetConfig
                0x0000000008007048       0x40 Drivers/STM32F4xx_HAL_Driver/Src/stm32f4xx_hal_tim.o
                0x0000000008007048                TIM_ETR_SetConfig
 .text.HAL_TIMEx_MasterConfigSynchronization
                0x0000000008007088       0xf8 Drivers/STM32F4xx_HAL_Driver/Src/stm32f4xx_hal_tim_ex.o
                0x0000000008007088                HAL_TIMEx_MasterConfigSynchronization
 .text.HAL_TIMEx_ConfigBreakDeadTime
                0x0000000008007180       0xa4 Drivers/STM32F4xx_HAL_Driver/Src/stm32f4xx_hal_tim_ex.o
                0x0000000008007180                HAL_TIMEx_ConfigBreakDeadTime
 .text.HAL_TIMEx_CommutCallback
                0x0000000008007224       0x14 Drivers/STM32F4xx_HAL_Driver/Src/stm32f4xx_hal_tim_ex.o
                0x0000000008007224                HAL_TIMEx_CommutCallback
 .text.HAL_TIMEx_BreakCallback
                0x0000000008007238       0x14 Drivers/STM32F4xx_HAL_Driver/Src/stm32f4xx_hal_tim_ex.o
                0x0000000008007238                HAL_TIMEx_BreakCallback
 .text.HAL_UART_Init
                0x000000000800724c       0x9a Drivers/STM32F4xx_HAL_Driver/Src/stm32f4xx_hal_uart.o
                0x000000000800724c                HAL_UART_Init
 *fill*         0x00000000080072e6        0x2 
 .text.HAL_UART_Transmit_DMA
                0x00000000080072e8       0xd8 Drivers/STM32F4xx_HAL_Driver/Src/stm32f4xx_hal_uart.o
                0x00000000080072e8                HAL_UART_Transmit_DMA
 .text.HAL_UART_IRQHandler
                0x00000000080073c0      0x358 Drivers/STM32F4xx_HAL_Driver/Src/stm32f4xx_hal_uart.o
                0x00000000080073c0                HAL_UART_IRQHandler
 .text.HAL_UART_TxHalfCpltCallback
                0x0000000008007718       0x14 Drivers/STM32F4xx_HAL_Driver/Src/stm32f4xx_hal_uart.o
                0x0000000008007718                HAL_UART_TxHalfCpltCallback
 .text.HAL_UART_RxCpltCallback
                0x000000000800772c       0x14 Drivers/STM32F4xx_HAL_Driver/Src/stm32f4xx_hal_uart.o
                0x000000000800772c                HAL_UART_RxCpltCallback
 .text.HAL_UART_ErrorCallback
                0x0000000008007740       0x14 Drivers/STM32F4xx_HAL_Driver/Src/stm32f4xx_hal_uart.o
                0x0000000008007740                HAL_UART_ErrorCallback
 .text.HAL_UARTEx_RxEventCallback
                0x0000000008007754       0x18 Drivers/STM32F4xx_HAL_Driver/Src/stm32f4xx_hal_uart.o
                0x0000000008007754                HAL_UARTEx_RxEventCallback
 .text.UART_DMATransmitCplt
                0x000000000800776c       0x52 Drivers/STM32F4xx_HAL_Driver/Src/stm32f4xx_hal_uart.o
 .text.UART_DMATxHalfCplt
                0x00000000080077be       0x1c Drivers/STM32F4xx_HAL_Driver/Src/stm32f4xx_hal_uart.o
 .text.UART_DMAError
                0x00000000080077da       0x94 Drivers/STM32F4xx_HAL_Driver/Src/stm32f4xx_hal_uart.o
 .text.UART_EndTxTransfer
                0x000000000800786e       0x2c Drivers/STM32F4xx_HAL_Driver/Src/stm32f4xx_hal_uart.o
 .text.UART_EndRxTransfer
                0x000000000800789a       0x5a Drivers/STM32F4xx_HAL_Driver/Src/stm32f4xx_hal_uart.o
 .text.UART_DMAAbortOnError
                0x00000000080078f4       0x28 Drivers/STM32F4xx_HAL_Driver/Src/stm32f4xx_hal_uart.o
 .text.UART_Transmit_IT
                0x000000000800791c       0xa0 Drivers/STM32F4xx_HAL_Driver/Src/stm32f4xx_hal_uart.o
 .text.UART_EndTransmit_IT
                0x00000000080079bc       0x30 Drivers/STM32F4xx_HAL_Driver/Src/stm32f4xx_hal_uart.o
 .text.UART_Receive_IT
                0x00000000080079ec      0x12e Drivers/STM32F4xx_HAL_Driver/Src/stm32f4xx_hal_uart.o
 *fill*         0x0000000008007b1a        0x2 
 .text.UART_SetConfig
                0x0000000008007b1c      0x390 Drivers/STM32F4xx_HAL_Driver/Src/stm32f4xx_hal_uart.o
 .text.__NVIC_SetPriority
                0x0000000008007eac       0x54 Middlewares/Third_Party/FreeRTOS/Source/CMSIS_RTOS_V2/cmsis_os2.o
 .text.SysTick_Handler
                0x0000000008007f00       0x20 Middlewares/Third_Party/FreeRTOS/Source/CMSIS_RTOS_V2/cmsis_os2.o
                0x0000000008007f00                SysTick_Handler
 .text.SVC_Setup
                0x0000000008007f20       0x12 Middlewares/Third_Party/FreeRTOS/Source/CMSIS_RTOS_V2/cmsis_os2.o
 *fill*         0x0000000008007f32        0x2 
 .text.osKernelInitialize
                0x0000000008007f34       0x48 Middlewares/Third_Party/FreeRTOS/Source/CMSIS_RTOS_V2/cmsis_os2.o
                0x0000000008007f34                osKernelInitialize
 .text.osKernelStart
                0x0000000008007f7c       0x4c Middlewares/Third_Party/FreeRTOS/Source/CMSIS_RTOS_V2/cmsis_os2.o
                0x0000000008007f7c                osKernelStart
 .text.osThreadNew
                0x0000000008007fc8      0x124 Middlewares/Third_Party/FreeRTOS/Source/CMSIS_RTOS_V2/cmsis_os2.o
                0x0000000008007fc8                osThreadNew
 .text.osDelay  0x00000000080080ec       0x36 Middlewares/Third_Party/FreeRTOS/Source/CMSIS_RTOS_V2/cmsis_os2.o
                0x00000000080080ec                osDelay
 .text.osSemaphoreNew
                0x0000000008008122      0x112 Middlewares/Third_Party/FreeRTOS/Source/CMSIS_RTOS_V2/cmsis_os2.o
                0x0000000008008122                osSemaphoreNew
 .text.osSemaphoreAcquire
                0x0000000008008234       0xa4 Middlewares/Third_Party/FreeRTOS/Source/CMSIS_RTOS_V2/cmsis_os2.o
                0x0000000008008234                osSemaphoreAcquire
 .text.osSemaphoreRelease
                0x00000000080082d8       0x88 Middlewares/Third_Party/FreeRTOS/Source/CMSIS_RTOS_V2/cmsis_os2.o
                0x00000000080082d8                osSemaphoreRelease
 .text.vApplicationGetIdleTaskMemory
                0x0000000008008360       0x34 Middlewares/Third_Party/FreeRTOS/Source/CMSIS_RTOS_V2/cmsis_os2.o
                0x0000000008008360                vApplicationGetIdleTaskMemory
 .text.vApplicationGetTimerTaskMemory
                0x0000000008008394       0x34 Middlewares/Third_Party/FreeRTOS/Source/CMSIS_RTOS_V2/cmsis_os2.o
                0x0000000008008394                vApplicationGetTimerTaskMemory
 .text.vListInitialise
                0x00000000080083c8       0x40 Middlewares/Third_Party/FreeRTOS/Source/list.o
                0x00000000080083c8                vListInitialise
 .text.vListInitialiseItem
                0x0000000008008408       0x1a Middlewares/Third_Party/FreeRTOS/Source/list.o
                0x0000000008008408                vListInitialiseItem
 .text.vListInsertEnd
                0x0000000008008422       0x48 Middlewares/Third_Party/FreeRTOS/Source/list.o
                0x0000000008008422                vListInsertEnd
 .text.vListInsert
                0x000000000800846a       0x72 Middlewares/Third_Party/FreeRTOS/Source/list.o
                0x000000000800846a                vListInsert
 .text.uxListRemove
                0x00000000080084dc       0x54 Middlewares/Third_Party/FreeRTOS/Source/list.o
                0x00000000080084dc                uxListRemove
 .text.xQueueGenericReset
                0x0000000008008530       0xd0 Middlewares/Third_Party/FreeRTOS/Source/queue.o
                0x0000000008008530                xQueueGenericReset
 .text.xQueueGenericCreateStatic
                0x0000000008008600       0xf0 Middlewares/Third_Party/FreeRTOS/Source/queue.o
                0x0000000008008600                xQueueGenericCreateStatic
 .text.xQueueGenericCreate
                0x00000000080086f0       0x74 Middlewares/Third_Party/FreeRTOS/Source/queue.o
                0x00000000080086f0                xQueueGenericCreate
 .text.prvInitialiseNewQueue
                0x0000000008008764       0x46 Middlewares/Third_Party/FreeRTOS/Source/queue.o
 .text.xQueueCreateCountingSemaphoreStatic
                0x00000000080087aa       0x6e Middlewares/Third_Party/FreeRTOS/Source/queue.o
                0x00000000080087aa                xQueueCreateCountingSemaphoreStatic
 .text.xQueueCreateCountingSemaphore
                0x0000000008008818       0x66 Middlewares/Third_Party/FreeRTOS/Source/queue.o
                0x0000000008008818                xQueueCreateCountingSemaphore
 *fill*         0x000000000800887e        0x2 
 .text.xQueueGenericSend
                0x0000000008008880      0x1fc Middlewares/Third_Party/FreeRTOS/Source/queue.o
                0x0000000008008880                xQueueGenericSend
 .text.xQueueGenericSendFromISR
                0x0000000008008a7c      0x136 Middlewares/Third_Party/FreeRTOS/Source/queue.o
                0x0000000008008a7c                xQueueGenericSendFromISR
 .text.xQueueGiveFromISR
                0x0000000008008bb2      0x11a Middlewares/Third_Party/FreeRTOS/Source/queue.o
                0x0000000008008bb2                xQueueGiveFromISR
 .text.xQueueReceive
                0x0000000008008ccc      0x1c0 Middlewares/Third_Party/FreeRTOS/Source/queue.o
                0x0000000008008ccc                xQueueReceive
 .text.xQueueSemaphoreTake
                0x0000000008008e8c      0x218 Middlewares/Third_Party/FreeRTOS/Source/queue.o
                0x0000000008008e8c                xQueueSemaphoreTake
 .text.xQueueReceiveFromISR
                0x00000000080090a4      0x100 Middlewares/Third_Party/FreeRTOS/Source/queue.o
                0x00000000080090a4                xQueueReceiveFromISR
 .text.vQueueDelete
                0x00000000080091a4       0x46 Middlewares/Third_Party/FreeRTOS/Source/queue.o
                0x00000000080091a4                vQueueDelete
 .text.prvGetDisinheritPriorityAfterTimeout
                0x00000000080091ea       0x30 Middlewares/Third_Party/FreeRTOS/Source/queue.o
 .text.prvCopyDataToQueue
                0x000000000800921a       0xd4 Middlewares/Third_Party/FreeRTOS/Source/queue.o
 .text.prvCopyDataFromQueue
                0x00000000080092ee       0x4c Middlewares/Third_Party/FreeRTOS/Source/queue.o
 .text.prvUnlockQueue
                0x000000000800933a       0xa4 Middlewares/Third_Party/FreeRTOS/Source/queue.o
 .text.prvIsQueueEmpty
                0x00000000080093de       0x2c Middlewares/Third_Party/FreeRTOS/Source/queue.o
 .text.prvIsQueueFull
                0x000000000800940a       0x30 Middlewares/Third_Party/FreeRTOS/Source/queue.o
 *fill*         0x000000000800943a        0x2 
 .text.vQueueAddToRegistry
                0x000000000800943c       0x54 Middlewares/Third_Party/FreeRTOS/Source/queue.o
                0x000000000800943c                vQueueAddToRegistry
 .text.vQueueUnregisterQueue
                0x0000000008009490       0x54 Middlewares/Third_Party/FreeRTOS/Source/queue.o
                0x0000000008009490                vQueueUnregisterQueue
 .text.vQueueWaitForMessageRestricted
                0x00000000080094e4       0x68 Middlewares/Third_Party/FreeRTOS/Source/queue.o
                0x00000000080094e4                vQueueWaitForMessageRestricted
 .text.xTaskCreateStatic
                0x000000000800954c       0xba Middlewares/Third_Party/FreeRTOS/Source/tasks.o
                0x000000000800954c                xTaskCreateStatic
 .text.xTaskCreate
                0x0000000008009606       0x8a Middlewares/Third_Party/FreeRTOS/Source/tasks.o
                0x0000000008009606                xTaskCreate
 .text.prvInitialiseNewTask
                0x0000000008009690      0x11e Middlewares/Third_Party/FreeRTOS/Source/tasks.o
 *fill*         0x00000000080097ae        0x2 
 .text.prvAddNewTaskToReadyList
                0x00000000080097b0       0xe0 Middlewares/Third_Party/FreeRTOS/Source/tasks.o
 .text.vTaskDelay
                0x0000000008009890       0x68 Middlewares/Third_Party/FreeRTOS/Source/tasks.o
                0x0000000008009890                vTaskDelay
 .text.vTaskStartScheduler
                0x00000000080098f8       0xcc Middlewares/Third_Party/FreeRTOS/Source/tasks.o
                0x00000000080098f8                vTaskStartScheduler
 .text.vTaskSuspendAll
                0x00000000080099c4       0x1c Middlewares/Third_Party/FreeRTOS/Source/tasks.o
                0x00000000080099c4                vTaskSuspendAll
 .text.xTaskResumeAll
                0x00000000080099e0      0x13c Middlewares/Third_Party/FreeRTOS/Source/tasks.o
                0x00000000080099e0                xTaskResumeAll
 .text.xTaskGetTickCount
                0x0000000008009b1c       0x20 Middlewares/Third_Party/FreeRTOS/Source/tasks.o
                0x0000000008009b1c                xTaskGetTickCount
 .text.xTaskIncrementTick
                0x0000000008009b3c      0x174 Middlewares/Third_Party/FreeRTOS/Source/tasks.o
                0x0000000008009b3c                xTaskIncrementTick
 .text.vTaskSwitchContext
                0x0000000008009cb0       0xbc Middlewares/Third_Party/FreeRTOS/Source/tasks.o
                0x0000000008009cb0                vTaskSwitchContext
 .text.vTaskPlaceOnEventList
                0x0000000008009d6c       0x48 Middlewares/Third_Party/FreeRTOS/Source/tasks.o
                0x0000000008009d6c                vTaskPlaceOnEventList
 .text.vTaskPlaceOnEventListRestricted
                0x0000000008009db4       0x58 Middlewares/Third_Party/FreeRTOS/Source/tasks.o
                0x0000000008009db4                vTaskPlaceOnEventListRestricted
 .text.xTaskRemoveFromEventList
                0x0000000008009e0c       0xc8 Middlewares/Third_Party/FreeRTOS/Source/tasks.o
                0x0000000008009e0c                xTaskRemoveFromEventList
 .text.vTaskInternalSetTimeOutState
                0x0000000008009ed4       0x2c Middlewares/Third_Party/FreeRTOS/Source/tasks.o
                0x0000000008009ed4                vTaskInternalSetTimeOutState
 .text.xTaskCheckForTimeOut
                0x0000000008009f00       0xc4 Middlewares/Third_Party/FreeRTOS/Source/tasks.o
                0x0000000008009f00                xTaskCheckForTimeOut
 .text.vTaskMissedYield
                0x0000000008009fc4       0x18 Middlewares/Third_Party/FreeRTOS/Source/tasks.o
                0x0000000008009fc4                vTaskMissedYield
 .text.prvIdleTask
                0x0000000008009fdc       0x30 Middlewares/Third_Party/FreeRTOS/Source/tasks.o
 .text.prvInitialiseTaskLists
                0x000000000800a00c       0x80 Middlewares/Third_Party/FreeRTOS/Source/tasks.o
 .text.prvCheckTasksWaitingTermination
                0x000000000800a08c       0x5c Middlewares/Third_Party/FreeRTOS/Source/tasks.o
 .text.prvDeleteTCB
                0x000000000800a0e8       0x5e Middlewares/Third_Party/FreeRTOS/Source/tasks.o
 *fill*         0x000000000800a146        0x2 
 .text.prvResetNextTaskUnblockTime
                0x000000000800a148       0x40 Middlewares/Third_Party/FreeRTOS/Source/tasks.o
 .text.xTaskGetSchedulerState
                0x000000000800a188       0x3c Middlewares/Third_Party/FreeRTOS/Source/tasks.o
                0x000000000800a188                xTaskGetSchedulerState
 .text.xTaskPriorityInherit
                0x000000000800a1c4       0xd0 Middlewares/Third_Party/FreeRTOS/Source/tasks.o
                0x000000000800a1c4                xTaskPriorityInherit
 .text.xTaskPriorityDisinherit
                0x000000000800a294       0xdc Middlewares/Third_Party/FreeRTOS/Source/tasks.o
                0x000000000800a294                xTaskPriorityDisinherit
 .text.vTaskPriorityDisinheritAfterTimeout
                0x000000000800a370      0x104 Middlewares/Third_Party/FreeRTOS/Source/tasks.o
                0x000000000800a370                vTaskPriorityDisinheritAfterTimeout
 .text.pvTaskIncrementMutexHeldCount
                0x000000000800a474       0x28 Middlewares/Third_Party/FreeRTOS/Source/tasks.o
                0x000000000800a474                pvTaskIncrementMutexHeldCount
 .text.prvAddCurrentTaskToDelayedList
                0x000000000800a49c       0xa8 Middlewares/Third_Party/FreeRTOS/Source/tasks.o
 .text.xTimerCreateTimerTask
                0x000000000800a544       0x90 Middlewares/Third_Party/FreeRTOS/Source/timers.o
                0x000000000800a544                xTimerCreateTimerTask
 .text.xTimerGenericCommand
                0x000000000800a5d4       0x9c Middlewares/Third_Party/FreeRTOS/Source/timers.o
                0x000000000800a5d4                xTimerGenericCommand
 .text.prvProcessExpiredTimer
                0x000000000800a670       0x98 Middlewares/Third_Party/FreeRTOS/Source/timers.o
 .text.prvTimerTask
                0x000000000800a708       0x24 Middlewares/Third_Party/FreeRTOS/Source/timers.o
 .text.prvProcessTimerOrBlockTask
                0x000000000800a72c       0x9c Middlewares/Third_Party/FreeRTOS/Source/timers.o
 .text.prvGetNextExpireTime
                0x000000000800a7c8       0x48 Middlewares/Third_Party/FreeRTOS/Source/timers.o
 .text.prvSampleTimeNow
                0x000000000800a810       0x40 Middlewares/Third_Party/FreeRTOS/Source/timers.o
 .text.prvInsertTimerInActiveList
                0x000000000800a850       0x84 Middlewares/Third_Party/FreeRTOS/Source/timers.o
 .text.prvProcessReceivedCommands
                0x000000000800a8d4      0x1c4 Middlewares/Third_Party/FreeRTOS/Source/timers.o
 .text.prvSwitchTimerLists
                0x000000000800aa98       0xc8 Middlewares/Third_Party/FreeRTOS/Source/timers.o
 .text.prvCheckForValidListAndQueue
                0x000000000800ab60       0x80 Middlewares/Third_Party/FreeRTOS/Source/timers.o
 .text.pxPortInitialiseStack
                0x000000000800abe0       0x68 Middlewares/Third_Party/FreeRTOS/Source/portable/GCC/ARM_CM4F/port.o
                0x000000000800abe0                pxPortInitialiseStack
 .text.prvTaskExitError
                0x000000000800ac48       0x58 Middlewares/Third_Party/FreeRTOS/Source/portable/GCC/ARM_CM4F/port.o
 .text.SVC_Handler
                0x000000000800aca0       0x28 Middlewares/Third_Party/FreeRTOS/Source/portable/GCC/ARM_CM4F/port.o
                0x000000000800aca0                SVC_Handler
 .text.prvPortStartFirstTask
                0x000000000800acc8       0x28 Middlewares/Third_Party/FreeRTOS/Source/portable/GCC/ARM_CM4F/port.o
 .text.xPortStartScheduler
                0x000000000800acf0      0x144 Middlewares/Third_Party/FreeRTOS/Source/portable/GCC/ARM_CM4F/port.o
                0x000000000800acf0                xPortStartScheduler
 .text.vPortEnterCritical
                0x000000000800ae34       0x60 Middlewares/Third_Party/FreeRTOS/Source/portable/GCC/ARM_CM4F/port.o
                0x000000000800ae34                vPortEnterCritical
 .text.vPortExitCritical
                0x000000000800ae94       0x54 Middlewares/Third_Party/FreeRTOS/Source/portable/GCC/ARM_CM4F/port.o
                0x000000000800ae94                vPortExitCritical
 *fill*         0x000000000800aee8        0x8 
 .text.PendSV_Handler
                0x000000000800aef0       0x68 Middlewares/Third_Party/FreeRTOS/Source/portable/GCC/ARM_CM4F/port.o
                0x000000000800aef0                PendSV_Handler
 .text.xPortSysTickHandler
                0x000000000800af58       0x44 Middlewares/Third_Party/FreeRTOS/Source/portable/GCC/ARM_CM4F/port.o
                0x000000000800af58                xPortSysTickHandler
 .text.vPortSetupTimerInterrupt
                0x000000000800af9c       0x48 Middlewares/Third_Party/FreeRTOS/Source/portable/GCC/ARM_CM4F/port.o
                0x000000000800af9c                vPortSetupTimerInterrupt
 .text.vPortEnableVFP
                0x000000000800afe4       0x14 Middlewares/Third_Party/FreeRTOS/Source/portable/GCC/ARM_CM4F/port.o
 .text.vPortValidateInterruptPriority
                0x000000000800aff8       0x80 Middlewares/Third_Party/FreeRTOS/Source/portable/GCC/ARM_CM4F/port.o
                0x000000000800aff8                vPortValidateInterruptPriority
 .text.pvPortMalloc
                0x000000000800b078      0x198 Middlewares/Third_Party/FreeRTOS/Source/portable/MemMang/heap_4.o
                0x000000000800b078                pvPortMalloc
 .text.vPortFree
                0x000000000800b210       0xc4 Middlewares/Third_Party/FreeRTOS/Source/portable/MemMang/heap_4.o
                0x000000000800b210                vPortFree
 .text.prvHeapInit
                0x000000000800b2d4       0xc4 Middlewares/Third_Party/FreeRTOS/Source/portable/MemMang/heap_4.o
 .text.prvInsertBlockIntoFreeList
                0x000000000800b398       0xb4 Middlewares/Third_Party/FreeRTOS/Source/portable/MemMang/heap_4.o
 .text.__libc_init_array
                0x000000000800b44c       0x48 c:/st/stm32cubeide_1.6.1/stm32cubeide/plugins/com.st.stm32cube.ide.mcu.externaltools.gnu-tools-for-stm32.9-2020-q2-update.win32_1.5.0.202011040924/tools/bin/../lib/gcc/arm-none-eabi/9.3.1/../../../../arm-none-eabi/lib/thumb/v7e-m+fp/hard\libc_nano.a(lib_a-init.o)
                0x000000000800b44c                __libc_init_array
 .text.memcpy   0x000000000800b494       0x1c c:/st/stm32cubeide_1.6.1/stm32cubeide/plugins/com.st.stm32cube.ide.mcu.externaltools.gnu-tools-for-stm32.9-2020-q2-update.win32_1.5.0.202011040924/tools/bin/../lib/gcc/arm-none-eabi/9.3.1/../../../../arm-none-eabi/lib/thumb/v7e-m+fp/hard\libc_nano.a(lib_a-memcpy-stub.o)
                0x000000000800b494                memcpy
 .text.memset   0x000000000800b4b0       0x10 c:/st/stm32cubeide_1.6.1/stm32cubeide/plugins/com.st.stm32cube.ide.mcu.externaltools.gnu-tools-for-stm32.9-2020-q2-update.win32_1.5.0.202011040924/tools/bin/../lib/gcc/arm-none-eabi/9.3.1/../../../../arm-none-eabi/lib/thumb/v7e-m+fp/hard\libc_nano.a(lib_a-memset.o)
                0x000000000800b4b0                memset
 *(.glue_7)
 .glue_7        0x000000000800b4c0        0x0 linker stubs
 *(.glue_7t)
 .glue_7t       0x000000000800b4c0        0x0 linker stubs
 *(.eh_frame)
 .eh_frame      0x000000000800b4c0        0x0 c:/st/stm32cubeide_1.6.1/stm32cubeide/plugins/com.st.stm32cube.ide.mcu.externaltools.gnu-tools-for-stm32.9-2020-q2-update.win32_1.5.0.202011040924/tools/bin/../lib/gcc/arm-none-eabi/9.3.1/thumb/v7e-m+fp/hard/crtbegin.o
 *(.init)
 .init          0x000000000800b4c0        0x4 c:/st/stm32cubeide_1.6.1/stm32cubeide/plugins/com.st.stm32cube.ide.mcu.externaltools.gnu-tools-for-stm32.9-2020-q2-update.win32_1.5.0.202011040924/tools/bin/../lib/gcc/arm-none-eabi/9.3.1/thumb/v7e-m+fp/hard/crti.o
                0x000000000800b4c0                _init
 .init          0x000000000800b4c4        0x8 c:/st/stm32cubeide_1.6.1/stm32cubeide/plugins/com.st.stm32cube.ide.mcu.externaltools.gnu-tools-for-stm32.9-2020-q2-update.win32_1.5.0.202011040924/tools/bin/../lib/gcc/arm-none-eabi/9.3.1/thumb/v7e-m+fp/hard/crtn.o
 *(.fini)
 .fini          0x000000000800b4cc        0x4 c:/st/stm32cubeide_1.6.1/stm32cubeide/plugins/com.st.stm32cube.ide.mcu.externaltools.gnu-tools-for-stm32.9-2020-q2-update.win32_1.5.0.202011040924/tools/bin/../lib/gcc/arm-none-eabi/9.3.1/thumb/v7e-m+fp/hard/crti.o
                0x000000000800b4cc                _fini
 .fini          0x000000000800b4d0        0x8 c:/st/stm32cubeide_1.6.1/stm32cubeide/plugins/com.st.stm32cube.ide.mcu.externaltools.gnu-tools-for-stm32.9-2020-q2-update.win32_1.5.0.202011040924/tools/bin/../lib/gcc/arm-none-eabi/9.3.1/thumb/v7e-m+fp/hard/crtn.o
                0x000000000800b4d8                . = ALIGN (0x4)
                0x000000000800b4d8                _etext = .

.vfp11_veneer   0x000000000800b4d8        0x0
 .vfp11_veneer  0x000000000800b4d8        0x0 linker stubs

.v4_bx          0x000000000800b4d8        0x0
 .v4_bx         0x000000000800b4d8        0x0 linker stubs

.iplt           0x000000000800b4d8        0x0
 .iplt          0x000000000800b4d8        0x0 c:/st/stm32cubeide_1.6.1/stm32cubeide/plugins/com.st.stm32cube.ide.mcu.externaltools.gnu-tools-for-stm32.9-2020-q2-update.win32_1.5.0.202011040924/tools/bin/../lib/gcc/arm-none-eabi/9.3.1/thumb/v7e-m+fp/hard/crtbegin.o

.rodata         0x000000000800b4d8      0x114
                0x000000000800b4d8                . = ALIGN (0x4)
 *(.rodata)
 .rodata        0x000000000800b4d8       0x39 Core/Src/main.o
 *fill*         0x000000000800b511        0x3 
 .rodata        0x000000000800b514        0x5 Middlewares/Third_Party/FreeRTOS/Source/tasks.o
 *fill*         0x000000000800b519        0x3 
 .rodata        0x000000000800b51c        0xd Middlewares/Third_Party/FreeRTOS/Source/timers.o
 *(.rodata*)
 *fill*         0x000000000800b529        0x3 
 .rodata.defaultTask_attributes
                0x000000000800b52c       0x24 Core/Src/main.o
                0x000000000800b52c                defaultTask_attributes
 .rodata.UARTTx_attributes
                0x000000000800b550       0x24 Core/Src/main.o
                0x000000000800b550                UARTTx_attributes
 .rodata.CANTask_attributes
                0x000000000800b574       0x24 Core/Src/main.o
                0x000000000800b574                CANTask_attributes
 .rodata.CfmPacket_attributes
                0x000000000800b598       0x24 Core/Src/main.o
                0x000000000800b598                CfmPacket_attributes
 .rodata.UARTTrmBinarySem_attributes
                0x000000000800b5bc       0x10 Core/Src/main.o
                0x000000000800b5bc                UARTTrmBinarySem_attributes
 .rodata.AHBPrescTable
                0x000000000800b5cc       0x10 Core/Src/system_stm32f4xx.o
                0x000000000800b5cc                AHBPrescTable
 .rodata.APBPrescTable
                0x000000000800b5dc        0x8 Core/Src/system_stm32f4xx.o
                0x000000000800b5dc                APBPrescTable
 .rodata.flagBitshiftOffset.8964
                0x000000000800b5e4        0x8 Drivers/STM32F4xx_HAL_Driver/Src/stm32f4xx_hal_dma.o
                0x000000000800b5ec                . = ALIGN (0x4)

.ARM.extab      0x000000000800b5ec        0x0
                0x000000000800b5ec                . = ALIGN (0x4)
 *(.ARM.extab* .gnu.linkonce.armextab.*)
                0x000000000800b5ec                . = ALIGN (0x4)

.ARM            0x000000000800b5ec        0x8
                0x000000000800b5ec                . = ALIGN (0x4)
                0x000000000800b5ec                __exidx_start = .
 *(.ARM.exidx*)
 .ARM.exidx     0x000000000800b5ec        0x8 c:/st/stm32cubeide_1.6.1/stm32cubeide/plugins/com.st.stm32cube.ide.mcu.externaltools.gnu-tools-for-stm32.9-2020-q2-update.win32_1.5.0.202011040924/tools/bin/../lib/gcc/arm-none-eabi/9.3.1/thumb/v7e-m+fp/hard\libgcc.a(_udivmoddi4.o)
                0x000000000800b5f4                __exidx_end = .
                0x000000000800b5f4                . = ALIGN (0x4)

.rel.dyn        0x000000000800b5f4        0x0
 .rel.iplt      0x000000000800b5f4        0x0 c:/st/stm32cubeide_1.6.1/stm32cubeide/plugins/com.st.stm32cube.ide.mcu.externaltools.gnu-tools-for-stm32.9-2020-q2-update.win32_1.5.0.202011040924/tools/bin/../lib/gcc/arm-none-eabi/9.3.1/thumb/v7e-m+fp/hard/crtbegin.o

.preinit_array  0x000000000800b5f4        0x0
                0x000000000800b5f4                . = ALIGN (0x4)
                0x000000000800b5f4                PROVIDE (__preinit_array_start = .)
 *(.preinit_array*)
                0x000000000800b5f4                PROVIDE (__preinit_array_end = .)
                0x000000000800b5f4                . = ALIGN (0x4)

.init_array     0x000000000800b5f4        0x4
                0x000000000800b5f4                . = ALIGN (0x4)
                0x000000000800b5f4                PROVIDE (__init_array_start = .)
 *(SORT_BY_NAME(.init_array.*))
 *(.init_array*)
 .init_array    0x000000000800b5f4        0x4 c:/st/stm32cubeide_1.6.1/stm32cubeide/plugins/com.st.stm32cube.ide.mcu.externaltools.gnu-tools-for-stm32.9-2020-q2-update.win32_1.5.0.202011040924/tools/bin/../lib/gcc/arm-none-eabi/9.3.1/thumb/v7e-m+fp/hard/crtbegin.o
                0x000000000800b5f8                PROVIDE (__init_array_end = .)
                0x000000000800b5f8                . = ALIGN (0x4)

.fini_array     0x000000000800b5f8        0x4
                0x000000000800b5f8                . = ALIGN (0x4)
                [!provide]                        PROVIDE (__fini_array_start = .)
 *(SORT_BY_NAME(.fini_array.*))
 *(.fini_array*)
 .fini_array    0x000000000800b5f8        0x4 c:/st/stm32cubeide_1.6.1/stm32cubeide/plugins/com.st.stm32cube.ide.mcu.externaltools.gnu-tools-for-stm32.9-2020-q2-update.win32_1.5.0.202011040924/tools/bin/../lib/gcc/arm-none-eabi/9.3.1/thumb/v7e-m+fp/hard/crtbegin.o
                [!provide]                        PROVIDE (__fini_array_end = .)
                0x000000000800b5fc                . = ALIGN (0x4)
                0x000000000800b5fc                _sidata = LOADADDR (.data)

.data           0x0000000020000000       0x14 load address 0x000000000800b5fc
                0x0000000020000000                . = ALIGN (0x4)
                0x0000000020000000                _sdata = .
 *(.data)
 *(.data*)
 .data.Starting
                0x0000000020000000        0x1 Core/Src/main.o
                0x0000000020000000                Starting
 *fill*         0x0000000020000001        0x3 
 .data.SystemCoreClock
                0x0000000020000004        0x4 Core/Src/system_stm32f4xx.o
                0x0000000020000004                SystemCoreClock
 .data.uwTickPrio
                0x0000000020000008        0x4 Drivers/STM32F4xx_HAL_Driver/Src/stm32f4xx_hal.o
                0x0000000020000008                uwTickPrio
 .data.uwTickFreq
                0x000000002000000c        0x1 Drivers/STM32F4xx_HAL_Driver/Src/stm32f4xx_hal.o
                0x000000002000000c                uwTickFreq
 *fill*         0x000000002000000d        0x3 
 .data.uxCriticalNesting
                0x0000000020000010        0x4 Middlewares/Third_Party/FreeRTOS/Source/portable/GCC/ARM_CM4F/port.o
 *(.RamFunc)
 *(.RamFunc*)
                0x0000000020000014                . = ALIGN (0x4)
                0x0000000020000014                _edata = .

.igot.plt       0x0000000020000014        0x0 load address 0x000000000800b610
 .igot.plt      0x0000000020000014        0x0 c:/st/stm32cubeide_1.6.1/stm32cubeide/plugins/com.st.stm32cube.ide.mcu.externaltools.gnu-tools-for-stm32.9-2020-q2-update.win32_1.5.0.202011040924/tools/bin/../lib/gcc/arm-none-eabi/9.3.1/thumb/v7e-m+fp/hard/crtbegin.o
                0x0000000020000014                . = ALIGN (0x4)

.bss            0x0000000020000014     0x51b8 load address 0x000000000800b610
                0x0000000020000014                _sbss = .
                0x0000000020000014                __bss_start__ = _sbss
 *(.bss)
 .bss           0x0000000020000014       0x1c c:/st/stm32cubeide_1.6.1/stm32cubeide/plugins/com.st.stm32cube.ide.mcu.externaltools.gnu-tools-for-stm32.9-2020-q2-update.win32_1.5.0.202011040924/tools/bin/../lib/gcc/arm-none-eabi/9.3.1/thumb/v7e-m+fp/hard/crtbegin.o
 *(.bss*)
 .bss.KernelState
                0x0000000020000030        0x4 Middlewares/Third_Party/FreeRTOS/Source/CMSIS_RTOS_V2/cmsis_os2.o
 .bss.Idle_TCB.10762
                0x0000000020000034       0x5c Middlewares/Third_Party/FreeRTOS/Source/CMSIS_RTOS_V2/cmsis_os2.o
 .bss.Idle_Stack.10763
                0x0000000020000090      0x200 Middlewares/Third_Party/FreeRTOS/Source/CMSIS_RTOS_V2/cmsis_os2.o
 .bss.Timer_TCB.10769
                0x0000000020000290       0x5c Middlewares/Third_Party/FreeRTOS/Source/CMSIS_RTOS_V2/cmsis_os2.o
 .bss.Timer_Stack.10770
                0x00000000200002ec      0x400 Middlewares/Third_Party/FreeRTOS/Source/CMSIS_RTOS_V2/cmsis_os2.o
 .bss.pxCurrentTCB
                0x00000000200006ec        0x4 Middlewares/Third_Party/FreeRTOS/Source/tasks.o
                0x00000000200006ec                pxCurrentTCB
 .bss.pxReadyTasksLists
                0x00000000200006f0      0x460 Middlewares/Third_Party/FreeRTOS/Source/tasks.o
 .bss.xDelayedTaskList1
                0x0000000020000b50       0x14 Middlewares/Third_Party/FreeRTOS/Source/tasks.o
 .bss.xDelayedTaskList2
                0x0000000020000b64       0x14 Middlewares/Third_Party/FreeRTOS/Source/tasks.o
 .bss.pxDelayedTaskList
                0x0000000020000b78        0x4 Middlewares/Third_Party/FreeRTOS/Source/tasks.o
 .bss.pxOverflowDelayedTaskList
                0x0000000020000b7c        0x4 Middlewares/Third_Party/FreeRTOS/Source/tasks.o
 .bss.xPendingReadyList
                0x0000000020000b80       0x14 Middlewares/Third_Party/FreeRTOS/Source/tasks.o
 .bss.xTasksWaitingTermination
                0x0000000020000b94       0x14 Middlewares/Third_Party/FreeRTOS/Source/tasks.o
 .bss.uxDeletedTasksWaitingCleanUp
                0x0000000020000ba8        0x4 Middlewares/Third_Party/FreeRTOS/Source/tasks.o
 .bss.xSuspendedTaskList
                0x0000000020000bac       0x14 Middlewares/Third_Party/FreeRTOS/Source/tasks.o
 .bss.uxCurrentNumberOfTasks
                0x0000000020000bc0        0x4 Middlewares/Third_Party/FreeRTOS/Source/tasks.o
 .bss.xTickCount
                0x0000000020000bc4        0x4 Middlewares/Third_Party/FreeRTOS/Source/tasks.o
 .bss.uxTopReadyPriority
                0x0000000020000bc8        0x4 Middlewares/Third_Party/FreeRTOS/Source/tasks.o
 .bss.xSchedulerRunning
                0x0000000020000bcc        0x4 Middlewares/Third_Party/FreeRTOS/Source/tasks.o
 .bss.xPendedTicks
                0x0000000020000bd0        0x4 Middlewares/Third_Party/FreeRTOS/Source/tasks.o
 .bss.xYieldPending
                0x0000000020000bd4        0x4 Middlewares/Third_Party/FreeRTOS/Source/tasks.o
 .bss.xNumOfOverflows
                0x0000000020000bd8        0x4 Middlewares/Third_Party/FreeRTOS/Source/tasks.o
 .bss.uxTaskNumber
                0x0000000020000bdc        0x4 Middlewares/Third_Party/FreeRTOS/Source/tasks.o
 .bss.xNextTaskUnblockTime
                0x0000000020000be0        0x4 Middlewares/Third_Party/FreeRTOS/Source/tasks.o
 .bss.xIdleTaskHandle
                0x0000000020000be4        0x4 Middlewares/Third_Party/FreeRTOS/Source/tasks.o
 .bss.uxSchedulerSuspended
                0x0000000020000be8        0x4 Middlewares/Third_Party/FreeRTOS/Source/tasks.o
 .bss.xActiveTimerList1
                0x0000000020000bec       0x14 Middlewares/Third_Party/FreeRTOS/Source/timers.o
 .bss.xActiveTimerList2
                0x0000000020000c00       0x14 Middlewares/Third_Party/FreeRTOS/Source/timers.o
 .bss.pxCurrentTimerList
                0x0000000020000c14        0x4 Middlewares/Third_Party/FreeRTOS/Source/timers.o
 .bss.pxOverflowTimerList
                0x0000000020000c18        0x4 Middlewares/Third_Party/FreeRTOS/Source/timers.o
 .bss.xTimerQueue
                0x0000000020000c1c        0x4 Middlewares/Third_Party/FreeRTOS/Source/timers.o
 .bss.xTimerTaskHandle
                0x0000000020000c20        0x4 Middlewares/Third_Party/FreeRTOS/Source/timers.o
 .bss.xLastTime.6925
                0x0000000020000c24        0x4 Middlewares/Third_Party/FreeRTOS/Source/timers.o
 .bss.ucStaticTimerQueueStorage.6976
                0x0000000020000c28       0xa0 Middlewares/Third_Party/FreeRTOS/Source/timers.o
 .bss.xStaticTimerQueue.6975
                0x0000000020000cc8       0x50 Middlewares/Third_Party/FreeRTOS/Source/timers.o
 .bss.ucMaxSysCallPriority
                0x0000000020000d18        0x1 Middlewares/Third_Party/FreeRTOS/Source/portable/GCC/ARM_CM4F/port.o
 *fill*         0x0000000020000d19        0x3 
 .bss.ulMaxPRIGROUPValue
                0x0000000020000d1c        0x4 Middlewares/Third_Party/FreeRTOS/Source/portable/GCC/ARM_CM4F/port.o
 .bss.ucHeap    0x0000000020000d20     0x3c00 Middlewares/Third_Party/FreeRTOS/Source/portable/MemMang/heap_4.o
 .bss.xStart    0x0000000020004920        0x8 Middlewares/Third_Party/FreeRTOS/Source/portable/MemMang/heap_4.o
 .bss.pxEnd     0x0000000020004928        0x4 Middlewares/Third_Party/FreeRTOS/Source/portable/MemMang/heap_4.o
 .bss.xFreeBytesRemaining
                0x000000002000492c        0x4 Middlewares/Third_Party/FreeRTOS/Source/portable/MemMang/heap_4.o
 .bss.xMinimumEverFreeBytesRemaining
                0x0000000020004930        0x4 Middlewares/Third_Party/FreeRTOS/Source/portable/MemMang/heap_4.o
 .bss.xNumberOfSuccessfulAllocations
                0x0000000020004934        0x4 Middlewares/Third_Party/FreeRTOS/Source/portable/MemMang/heap_4.o
 .bss.xNumberOfSuccessfulFrees
                0x0000000020004938        0x4 Middlewares/Third_Party/FreeRTOS/Source/portable/MemMang/heap_4.o
 .bss.xBlockAllocatedBit
                0x000000002000493c        0x4 Middlewares/Third_Party/FreeRTOS/Source/portable/MemMang/heap_4.o
 *(COMMON)
 COMMON         0x0000000020004940        0x2 Core/Src/buzzer.o
                0x0000000020004940                BuzzerCnt
 *fill*         0x0000000020004942        0x2 
 COMMON         0x0000000020004944      0x1f6 Core/Src/flash.o
                0x0000000020004944                OptionsArray
                0x0000000020004b38                CntOptions
 *fill*         0x0000000020004b3a        0x2 
 COMMON         0x0000000020004b3c      0x4dc Core/Src/main.o
                0x0000000020004b3c                Tilt6X
                0x0000000020004b40                defaultTaskHandle
                0x0000000020004b44                htim8
                0x0000000020004b8c                htim4
                0x0000000020004bd4                Tilt1Y
                0x0000000020004bd8                Tilt7X
                0x0000000020004bdc                Tilt4X
                0x0000000020004be0                UARTTxHandle
                0x0000000020004be4                Tilt3X
                0x0000000020004be8                Gyro5Y
                0x0000000020004bec                htim3
                0x0000000020004c34                KGyro1
                0x0000000020004c38                Tilt6Y
                0x0000000020004c3c                adcResult
                0x0000000020004c40                Tilt5Y
                0x0000000020004c44                hadc1
                0x0000000020004c8c                hcan2
                0x0000000020004cb4                UART2TransmittArray
                0x0000000020004db4                Gyro2
                0x0000000020004db8                hdma_usart2_tx
                0x0000000020004e18                CfmPacketHandle
                0x0000000020004e1c                Tilt2Y
                0x0000000020004e20                Gyro1Y
                0x0000000020004e24                Gyro5
                0x0000000020004e28                Tilt2X
                0x0000000020004e2c                hdma_adc1
                0x0000000020004e8c                Gyro4
                0x0000000020004e90                Tilt3Y
                0x0000000020004e94                htim1
                0x0000000020004edc                UARTTrmBinarySemHandle
                0x0000000020004ee0                Gyro1
                0x0000000020004ee4                Gyro6
                0x0000000020004ee8                Tilt7Y
                0x0000000020004eec                Gyro3
                0x0000000020004ef0                Tilt4Y
                0x0000000020004ef4                Tilt5X
                0x0000000020004ef8                htim2
                0x0000000020004f40                Tilt1X
                0x0000000020004f44                huart2
                0x0000000020004f88                htim12
                0x0000000020004fd0                Gyro7
                0x0000000020004fd4                Gyro2Y
                0x0000000020004fd8                CANTaskHandle
                0x0000000020004fdc                adcData
 COMMON         0x0000000020005018       0x48 Core/Src/stm32f4xx_hal_timebase_tim.o
                0x0000000020005018                htim14
 COMMON         0x0000000020005060      0x106 Core/Src/uart.o
                0x0000000020005060                PacketReceived_FL
                0x0000000020005061                GettingPacketRx_FL
                0x0000000020005062                BtPrev_Rc
                0x0000000020005064                CntPacket
                0x0000000020005066                CntRxTimeOut
                0x0000000020005068                CntRec_Rc
                0x000000002000506a                ConfirmCMD
                0x000000002000506c                RecArray
 *fill*         0x0000000020005166        0x2 
 COMMON         0x0000000020005168        0x4 Drivers/STM32F4xx_HAL_Driver/Src/stm32f4xx_hal.o
                0x0000000020005168                uwTick
 COMMON         0x000000002000516c       0x20 Drivers/STM32F4xx_HAL_Driver/Src/stm32f4xx_hal_flash.o
                0x000000002000516c                pFlash
 COMMON         0x000000002000518c       0x40 Middlewares/Third_Party/FreeRTOS/Source/queue.o
                0x000000002000518c                xQueueRegistry
                0x00000000200051cc                . = ALIGN (0x4)
                0x00000000200051cc                _ebss = .
                0x00000000200051cc                __bss_end__ = _ebss

._user_heap_stack
                0x00000000200051cc      0x604 load address 0x000000000800b610
                0x00000000200051d0                . = ALIGN (0x8)
 *fill*         0x00000000200051cc        0x4 
                [!provide]                        PROVIDE (end = .)
                0x00000000200051d0                PROVIDE (_end = .)
                0x00000000200053d0                . = (. + _Min_Heap_Size)
 *fill*         0x00000000200051d0      0x200 
                0x00000000200057d0                . = (. + _Min_Stack_Size)
 *fill*         0x00000000200053d0      0x400 
                0x00000000200057d0                . = ALIGN (0x8)

/DISCARD/
 libc.a(*)
 libm.a(*)
 libgcc.a(*)

.ARM.attributes
                0x0000000000000000       0x30
 *(.ARM.attributes)
 .ARM.attributes
                0x0000000000000000       0x1e c:/st/stm32cubeide_1.6.1/stm32cubeide/plugins/com.st.stm32cube.ide.mcu.externaltools.gnu-tools-for-stm32.9-2020-q2-update.win32_1.5.0.202011040924/tools/bin/../lib/gcc/arm-none-eabi/9.3.1/thumb/v7e-m+fp/hard/crti.o
 .ARM.attributes
                0x000000000000001e       0x34 c:/st/stm32cubeide_1.6.1/stm32cubeide/plugins/com.st.stm32cube.ide.mcu.externaltools.gnu-tools-for-stm32.9-2020-q2-update.win32_1.5.0.202011040924/tools/bin/../lib/gcc/arm-none-eabi/9.3.1/thumb/v7e-m+fp/hard/crtbegin.o
 .ARM.attributes
                0x0000000000000052       0x34 Core/Src/buzzer.o
 .ARM.attributes
                0x0000000000000086       0x34 Core/Src/can.o
 .ARM.attributes
                0x00000000000000ba       0x34 Core/Src/flash.o
 .ARM.attributes
                0x00000000000000ee       0x34 Core/Src/main.o
 .ARM.attributes
                0x0000000000000122       0x34 Core/Src/movement.o
 .ARM.attributes
                0x0000000000000156       0x34 Core/Src/stm32f4xx_hal_msp.o
 .ARM.attributes
                0x000000000000018a       0x34 Core/Src/stm32f4xx_hal_timebase_tim.o
 .ARM.attributes
                0x00000000000001be       0x34 Core/Src/stm32f4xx_it.o
 .ARM.attributes
                0x00000000000001f2       0x34 Core/Src/system_stm32f4xx.o
 .ARM.attributes
                0x0000000000000226       0x34 Core/Src/uart.o
 .ARM.attributes
                0x000000000000025a       0x21 Core/Startup/startup_stm32f407vgtx.o
 .ARM.attributes
                0x000000000000027b       0x34 Drivers/STM32F4xx_HAL_Driver/Src/stm32f4xx_hal.o
 .ARM.attributes
                0x00000000000002af       0x34 Drivers/STM32F4xx_HAL_Driver/Src/stm32f4xx_hal_adc.o
 .ARM.attributes
                0x00000000000002e3       0x34 Drivers/STM32F4xx_HAL_Driver/Src/stm32f4xx_hal_adc_ex.o
 .ARM.attributes
                0x0000000000000317       0x34 Drivers/STM32F4xx_HAL_Driver/Src/stm32f4xx_hal_can.o
 .ARM.attributes
                0x000000000000034b       0x34 Drivers/STM32F4xx_HAL_Driver/Src/stm32f4xx_hal_cortex.o
 .ARM.attributes
                0x000000000000037f       0x34 Drivers/STM32F4xx_HAL_Driver/Src/stm32f4xx_hal_dma.o
 .ARM.attributes
                0x00000000000003b3       0x34 Drivers/STM32F4xx_HAL_Driver/Src/stm32f4xx_hal_flash.o
 .ARM.attributes
                0x00000000000003e7       0x34 Drivers/STM32F4xx_HAL_Driver/Src/stm32f4xx_hal_flash_ex.o
 .ARM.attributes
                0x000000000000041b       0x34 Drivers/STM32F4xx_HAL_Driver/Src/stm32f4xx_hal_gpio.o
 .ARM.attributes
                0x000000000000044f       0x34 Drivers/STM32F4xx_HAL_Driver/Src/stm32f4xx_hal_rcc.o
 .ARM.attributes
                0x0000000000000483       0x34 Drivers/STM32F4xx_HAL_Driver/Src/stm32f4xx_hal_tim.o
 .ARM.attributes
                0x00000000000004b7       0x34 Drivers/STM32F4xx_HAL_Driver/Src/stm32f4xx_hal_tim_ex.o
 .ARM.attributes
                0x00000000000004eb       0x34 Drivers/STM32F4xx_HAL_Driver/Src/stm32f4xx_hal_uart.o
 .ARM.attributes
                0x000000000000051f       0x34 Middlewares/Third_Party/FreeRTOS/Source/CMSIS_RTOS_V2/cmsis_os2.o
 .ARM.attributes
                0x0000000000000553       0x34 Middlewares/Third_Party/FreeRTOS/Source/list.o
 .ARM.attributes
                0x0000000000000587       0x34 Middlewares/Third_Party/FreeRTOS/Source/queue.o
 .ARM.attributes
                0x00000000000005bb       0x34 Middlewares/Third_Party/FreeRTOS/Source/tasks.o
 .ARM.attributes
                0x00000000000005ef       0x34 Middlewares/Third_Party/FreeRTOS/Source/timers.o
 .ARM.attributes
                0x0000000000000623       0x34 Middlewares/Third_Party/FreeRTOS/Source/portable/GCC/ARM_CM4F/port.o
 .ARM.attributes
                0x0000000000000657       0x34 Middlewares/Third_Party/FreeRTOS/Source/portable/MemMang/heap_4.o
 .ARM.attributes
                0x000000000000068b       0x34 c:/st/stm32cubeide_1.6.1/stm32cubeide/plugins/com.st.stm32cube.ide.mcu.externaltools.gnu-tools-for-stm32.9-2020-q2-update.win32_1.5.0.202011040924/tools/bin/../lib/gcc/arm-none-eabi/9.3.1/../../../../arm-none-eabi/lib/thumb/v7e-m+fp/hard\libc_nano.a(lib_a-init.o)
 .ARM.attributes
                0x00000000000006bf       0x34 c:/st/stm32cubeide_1.6.1/stm32cubeide/plugins/com.st.stm32cube.ide.mcu.externaltools.gnu-tools-for-stm32.9-2020-q2-update.win32_1.5.0.202011040924/tools/bin/../lib/gcc/arm-none-eabi/9.3.1/../../../../arm-none-eabi/lib/thumb/v7e-m+fp/hard\libc_nano.a(lib_a-memcpy-stub.o)
 .ARM.attributes
                0x00000000000006f3       0x34 c:/st/stm32cubeide_1.6.1/stm32cubeide/plugins/com.st.stm32cube.ide.mcu.externaltools.gnu-tools-for-stm32.9-2020-q2-update.win32_1.5.0.202011040924/tools/bin/../lib/gcc/arm-none-eabi/9.3.1/../../../../arm-none-eabi/lib/thumb/v7e-m+fp/hard\libc_nano.a(lib_a-memset.o)
 .ARM.attributes
                0x0000000000000727       0x1e c:/st/stm32cubeide_1.6.1/stm32cubeide/plugins/com.st.stm32cube.ide.mcu.externaltools.gnu-tools-for-stm32.9-2020-q2-update.win32_1.5.0.202011040924/tools/bin/../lib/gcc/arm-none-eabi/9.3.1/thumb/v7e-m+fp/hard\libgcc.a(_aeabi_uldivmod.o)
 .ARM.attributes
                0x0000000000000745       0x34 c:/st/stm32cubeide_1.6.1/stm32cubeide/plugins/com.st.stm32cube.ide.mcu.externaltools.gnu-tools-for-stm32.9-2020-q2-update.win32_1.5.0.202011040924/tools/bin/../lib/gcc/arm-none-eabi/9.3.1/thumb/v7e-m+fp/hard\libgcc.a(_udivmoddi4.o)
 .ARM.attributes
                0x0000000000000779       0x1e c:/st/stm32cubeide_1.6.1/stm32cubeide/plugins/com.st.stm32cube.ide.mcu.externaltools.gnu-tools-for-stm32.9-2020-q2-update.win32_1.5.0.202011040924/tools/bin/../lib/gcc/arm-none-eabi/9.3.1/thumb/v7e-m+fp/hard\libgcc.a(_dvmd_tls.o)
 .ARM.attributes
                0x0000000000000797       0x1e c:/st/stm32cubeide_1.6.1/stm32cubeide/plugins/com.st.stm32cube.ide.mcu.externaltools.gnu-tools-for-stm32.9-2020-q2-update.win32_1.5.0.202011040924/tools/bin/../lib/gcc/arm-none-eabi/9.3.1/thumb/v7e-m+fp/hard/crtn.o
OUTPUT(RobotController.elf elf32-littlearm)
LOAD linker stubs
LOAD c:/st/stm32cubeide_1.6.1/stm32cubeide/plugins/com.st.stm32cube.ide.mcu.externaltools.gnu-tools-for-stm32.9-2020-q2-update.win32_1.5.0.202011040924/tools/bin/../lib/gcc/arm-none-eabi/9.3.1/../../../../arm-none-eabi/lib/thumb/v7e-m+fp/hard\libc.a
LOAD c:/st/stm32cubeide_1.6.1/stm32cubeide/plugins/com.st.stm32cube.ide.mcu.externaltools.gnu-tools-for-stm32.9-2020-q2-update.win32_1.5.0.202011040924/tools/bin/../lib/gcc/arm-none-eabi/9.3.1/../../../../arm-none-eabi/lib/thumb/v7e-m+fp/hard\libm.a
LOAD c:/st/stm32cubeide_1.6.1/stm32cubeide/plugins/com.st.stm32cube.ide.mcu.externaltools.gnu-tools-for-stm32.9-2020-q2-update.win32_1.5.0.202011040924/tools/bin/../lib/gcc/arm-none-eabi/9.3.1/thumb/v7e-m+fp/hard\libgcc.a

.debug_info     0x0000000000000000    0x23e2a
 .debug_info    0x0000000000000000      0xddd Core/Src/buzzer.o
 .debug_info    0x0000000000000ddd     0x1079 Core/Src/can.o
 .debug_info    0x0000000000001e56     0x1005 Core/Src/flash.o
 .debug_info    0x0000000000002e5b     0x25f8 Core/Src/main.o
 .debug_info    0x0000000000005453      0xe2d Core/Src/movement.o
 .debug_info    0x0000000000006280     0x1b90 Core/Src/stm32f4xx_hal_msp.o
 .debug_info    0x0000000000007e10      0xc6c Core/Src/stm32f4xx_hal_timebase_tim.o
 .debug_info    0x0000000000008a7c     0x1364 Core/Src/stm32f4xx_it.o
 .debug_info    0x0000000000009de0      0x5a4 Core/Src/system_stm32f4xx.o
 .debug_info    0x000000000000a384     0x11a3 Core/Src/uart.o
 .debug_info    0x000000000000b527       0x22 Core/Startup/startup_stm32f407vgtx.o
 .debug_info    0x000000000000b549      0x9b2 Drivers/STM32F4xx_HAL_Driver/Src/stm32f4xx_hal.o
 .debug_info    0x000000000000befb      0xdbc Drivers/STM32F4xx_HAL_Driver/Src/stm32f4xx_hal_adc.o
 .debug_info    0x000000000000ccb7      0xc22 Drivers/STM32F4xx_HAL_Driver/Src/stm32f4xx_hal_adc_ex.o
 .debug_info    0x000000000000d8d9     0x108c Drivers/STM32F4xx_HAL_Driver/Src/stm32f4xx_hal_can.o
 .debug_info    0x000000000000e965      0xed7 Drivers/STM32F4xx_HAL_Driver/Src/stm32f4xx_hal_cortex.o
 .debug_info    0x000000000000f83c      0x9f1 Drivers/STM32F4xx_HAL_Driver/Src/stm32f4xx_hal_dma.o
 .debug_info    0x000000000001022d      0x679 Drivers/STM32F4xx_HAL_Driver/Src/stm32f4xx_hal_flash.o
 .debug_info    0x00000000000108a6      0x78a Drivers/STM32F4xx_HAL_Driver/Src/stm32f4xx_hal_flash_ex.o
 .debug_info    0x0000000000011030      0x83e Drivers/STM32F4xx_HAL_Driver/Src/stm32f4xx_hal_gpio.o
 .debug_info    0x000000000001186e      0x996 Drivers/STM32F4xx_HAL_Driver/Src/stm32f4xx_hal_rcc.o
 .debug_info    0x0000000000012204     0x2a90 Drivers/STM32F4xx_HAL_Driver/Src/stm32f4xx_hal_tim.o
 .debug_info    0x0000000000014c94     0x1522 Drivers/STM32F4xx_HAL_Driver/Src/stm32f4xx_hal_tim_ex.o
 .debug_info    0x00000000000161b6     0x1665 Drivers/STM32F4xx_HAL_Driver/Src/stm32f4xx_hal_uart.o
 .debug_info    0x000000000001781b     0x3da7 Middlewares/Third_Party/FreeRTOS/Source/CMSIS_RTOS_V2/cmsis_os2.o
 .debug_info    0x000000000001b5c2      0xb82 Middlewares/Third_Party/FreeRTOS/Source/list.o
 .debug_info    0x000000000001c144     0x23b0 Middlewares/Third_Party/FreeRTOS/Source/queue.o
 .debug_info    0x000000000001e4f4     0x2ac6 Middlewares/Third_Party/FreeRTOS/Source/tasks.o
 .debug_info    0x0000000000020fba     0x1bf5 Middlewares/Third_Party/FreeRTOS/Source/timers.o
 .debug_info    0x0000000000022baf      0x4f1 Middlewares/Third_Party/FreeRTOS/Source/portable/GCC/ARM_CM4F/port.o
 .debug_info    0x00000000000230a0      0xd8a Middlewares/Third_Party/FreeRTOS/Source/portable/MemMang/heap_4.o

.debug_abbrev   0x0000000000000000     0x49cb
 .debug_abbrev  0x0000000000000000      0x1fe Core/Src/buzzer.o
 .debug_abbrev  0x00000000000001fe      0x22f Core/Src/can.o
 .debug_abbrev  0x000000000000042d      0x272 Core/Src/flash.o
 .debug_abbrev  0x000000000000069f      0x316 Core/Src/main.o
 .debug_abbrev  0x00000000000009b5      0x204 Core/Src/movement.o
 .debug_abbrev  0x0000000000000bb9      0x24a Core/Src/stm32f4xx_hal_msp.o
 .debug_abbrev  0x0000000000000e03      0x1bf Core/Src/stm32f4xx_hal_timebase_tim.o
 .debug_abbrev  0x0000000000000fc2      0x1e5 Core/Src/stm32f4xx_it.o
 .debug_abbrev  0x00000000000011a7      0x145 Core/Src/system_stm32f4xx.o
 .debug_abbrev  0x00000000000012ec      0x224 Core/Src/uart.o
 .debug_abbrev  0x0000000000001510       0x12 Core/Startup/startup_stm32f407vgtx.o
 .debug_abbrev  0x0000000000001522      0x1ed Drivers/STM32F4xx_HAL_Driver/Src/stm32f4xx_hal.o
 .debug_abbrev  0x000000000000170f      0x22f Drivers/STM32F4xx_HAL_Driver/Src/stm32f4xx_hal_adc.o
 .debug_abbrev  0x000000000000193e      0x24a Drivers/STM32F4xx_HAL_Driver/Src/stm32f4xx_hal_adc_ex.o
 .debug_abbrev  0x0000000000001b88      0x246 Drivers/STM32F4xx_HAL_Driver/Src/stm32f4xx_hal_can.o
 .debug_abbrev  0x0000000000001dce      0x33c Drivers/STM32F4xx_HAL_Driver/Src/stm32f4xx_hal_cortex.o
 .debug_abbrev  0x000000000000210a      0x259 Drivers/STM32F4xx_HAL_Driver/Src/stm32f4xx_hal_dma.o
 .debug_abbrev  0x0000000000002363      0x27c Drivers/STM32F4xx_HAL_Driver/Src/stm32f4xx_hal_flash.o
 .debug_abbrev  0x00000000000025df      0x24e Drivers/STM32F4xx_HAL_Driver/Src/stm32f4xx_hal_flash_ex.o
 .debug_abbrev  0x000000000000282d      0x1f1 Drivers/STM32F4xx_HAL_Driver/Src/stm32f4xx_hal_gpio.o
 .debug_abbrev  0x0000000000002a1e      0x275 Drivers/STM32F4xx_HAL_Driver/Src/stm32f4xx_hal_rcc.o
 .debug_abbrev  0x0000000000002c93      0x25e Drivers/STM32F4xx_HAL_Driver/Src/stm32f4xx_hal_tim.o
 .debug_abbrev  0x0000000000002ef1      0x266 Drivers/STM32F4xx_HAL_Driver/Src/stm32f4xx_hal_tim_ex.o
 .debug_abbrev  0x0000000000003157      0x28b Drivers/STM32F4xx_HAL_Driver/Src/stm32f4xx_hal_uart.o
 .debug_abbrev  0x00000000000033e2      0x4bd Middlewares/Third_Party/FreeRTOS/Source/CMSIS_RTOS_V2/cmsis_os2.o
 .debug_abbrev  0x000000000000389f      0x1f7 Middlewares/Third_Party/FreeRTOS/Source/list.o
 .debug_abbrev  0x0000000000003a96      0x380 Middlewares/Third_Party/FreeRTOS/Source/queue.o
 .debug_abbrev  0x0000000000003e16      0x39a Middlewares/Third_Party/FreeRTOS/Source/tasks.o
 .debug_abbrev  0x00000000000041b0      0x317 Middlewares/Third_Party/FreeRTOS/Source/timers.o
 .debug_abbrev  0x00000000000044c7      0x231 Middlewares/Third_Party/FreeRTOS/Source/portable/GCC/ARM_CM4F/port.o
 .debug_abbrev  0x00000000000046f8      0x2d3 Middlewares/Third_Party/FreeRTOS/Source/portable/MemMang/heap_4.o

.debug_aranges  0x0000000000000000     0x1a00
 .debug_aranges