main.c:338:13:MX_GPIO_Init	64	static
main.c:317:13:MX_DMA_Init	16	static
main.c:419:6:WriteRegisterMPU6500	24	static
main.c:429:9:ReadRegisterMPU6500	24	static
main.c:384:6:InitMPU6500	8	static,ignoring_inline_asm
main.c:481:6:Calibrating	24	static
main.c:443:6:ProcessDataMPU6500	32	static
main.c:530:6:HAL_CAN_RxFifo0MsgPendingCallback	8	static
main.c:541:6:HAL_SPI_TxRxCpltCallback	8	static
main.c:561:6:HAL_TIM_PeriodElapsedCallback	16	static
main.c:604:6:Error_Handler	0	static,ignoring_inline_asm
main.c:279:13:MX_TIM6_Init	24	static
main.c:201:13:MX_CAN_Init	8	static
main.c:239:13:MX_SPI1_Init	8	static
main.c:162:6:SystemClock_Config	72	static
main.c:99:5:main	8	static
