stm32f3xx_it.c:76:6:NMI_Handler	0	static
stm32f3xx_it.c:91:6:HardFault_Handler	0	static
stm32f3xx_it.c:106:6:MemManage_Handler	0	static
stm32f3xx_it.c:121:6:BusFault_Handler	0	static
stm32f3xx_it.c:136:6:UsageFault_Handler	0	static
stm32f3xx_it.c:151:6:SVC_Handler	0	static
stm32f3xx_it.c:164:6:DebugMon_Handler	0	static
stm32f3xx_it.c:177:6:PendSV_Handler	0	static
stm32f3xx_it.c:190:6:SysTick_Handler	0	static
stm32f3xx_it.c:211:6:DMA1_Channel2_IRQHandler	8	static
stm32f3xx_it.c:225:6:DMA1_Channel3_IRQHandler	8	static
stm32f3xx_it.c:240:6:CAN_TX_IRQHandler	8	static
stm32f3xx_it.c:254:6:CAN_RX0_IRQHandler	8	static
stm32f3xx_it.c:268:6:CAN_RX1_IRQHandler	8	static
stm32f3xx_it.c:282:6:SPI1_IRQHandler	8	static
stm32f3xx_it.c:296:6:TIM6_DAC1_IRQHandler	8	static
stm32f3xx_it.c:310:6:TIM7_DAC2_IRQHandler	8	static
