main.c:131:5:main	8	static
main.c:236:6:SystemClock_Config	88	static
main.c:277:13:MX_ADC1_Init	24	static
main.c:373:13:MX_CAN2_Init	8	static
main.c:428:13:MX_TIM1_Init	96	static
main.c:519:13:MX_TIM2_Init	64	static
main.c:593:13:MX_TIM3_Init	64	static
main.c:665:13:MX_TIM4_Init	64	static
main.c:725:13:MX_TIM8_Init	96	static
main.c:814:13:MX_TIM12_Init	56	static
main.c:867:13:MX_USART2_UART_Init	8	static
main.c:898:13:MX_DMA_Init	16	static
main.c:919:13:MX_GPIO_Init	56	static
main.c:978:9:CalcCheckSumm	24	static
main.c:990:6:HAL_ADC_ConvCpltCallback	16	static,ignoring_inline_asm
main.c:996:6:HAL_CAN_RxFifo0MsgPendingCallback	16	static
main.c:1014:6:HAL_UART_TxCpltCallback	16	static
main.c:1031:6:StartDefaultTask	16	static,ignoring_inline_asm
main.c:1058:6:StartUARTTx	24	static,ignoring_inline_asm
main.c:1087:6:CANEntry	16	static
main.c:1103:6:StartCfmPacket	24	static,ignoring_inline_asm
main.c:1130:6:StartTaskPI	16	static
main.c:1151:6:HAL_TIM_PeriodElapsedCallback	16	static
main.c:1183:6:Error_Handler	4	static,ignoring_inline_asm
