main.c:96:5:main	8	static
main.c:183:6:SystemClock_Config	88	static
main.c:227:13:MX_ADC1_Init	24	static
main.c:333:13:MX_CAN2_Init	8	static
main.c:370:13:MX_TIM1_Init	96	static
main.c:470:13:MX_TIM2_Init	64	static
main.c:551:13:MX_TIM3_Init	64	static
main.c:630:13:MX_TIM8_Init	96	static
main.c:726:13:MX_TIM12_Init	56	static
main.c:783:13:MX_USART2_UART_Init	8	static
main.c:814:13:MX_DMA_Init	16	static
main.c:832:13:MX_GPIO_Init	56	static
main.c:896:6:StartDefaultTask	16	static,ignoring_inline_asm
main.c:927:6:HAL_TIM_PeriodElapsedCallback	16	static
main.c:946:6:Error_Handler	4	static,ignoring_inline_asm
