stm32f4xx_it.c:79:6:NMI_Handler	4	static
stm32f4xx_it.c:94:6:HardFault_Handler	4	static
stm32f4xx_it.c:109:6:MemManage_Handler	4	static
stm32f4xx_it.c:124:6:BusFault_Handler	4	static
stm32f4xx_it.c:139:6:UsageFault_Handler	4	static
stm32f4xx_it.c:154:6:DebugMon_Handler	4	static
stm32f4xx_it.c:174:6:DMA1_Stream6_IRQHandler	8	static
stm32f4xx_it.c:188:6:ADC_IRQHandler	8	static
stm32f4xx_it.c:202:6:TIM1_UP_TIM10_IRQHandler	8	static
stm32f4xx_it.c:216:6:TIM2_IRQHandler	8	static
stm32f4xx_it.c:230:6:USART2_IRQHandler	8	static
stm32f4xx_it.c:250:6:TIM8_TRG_COM_TIM14_IRQHandler	8	static
stm32f4xx_it.c:265:6:DMA2_Stream0_IRQHandler	8	static
stm32f4xx_it.c:280:6:CAN2_TX_IRQHandler	8	static
stm32f4xx_it.c:294:6:CAN2_RX0_IRQHandler	8	static
stm32f4xx_it.c:308:6:CAN2_RX1_IRQHandler	8	static
